86.137.179.24 - - [26/Jan/2017:23:16:07 +0100] "GET /auth/login.html HTTP/1.1" 404 5692 "http://twolink.co.uk/auth/login-with.php?provider=Facebook" "Mozilla/5.0 (Macintosh; Intel Mac OS X 10_12_3) AppleWebKit/537.36 (KHTML, like Gecko) Chrome/55.0.2883.95 Safari/537.36"
86.137.179.24 - - [26/Jan/2017:23:16:08 +0100] "GET /auth/login-with.php?provider=Facebook HTTP/1.1" 302 396 "http://twolink.co.uk/" "Mozilla/5.0 (Macintosh; Intel Mac OS X 10_12_3) AppleWebKit/537.36 (KHTML, like Gecko) Chrome/55.0.2883.95 Safari/537.36"
86.137.179.24 - - [26/Jan/2017:23:16:08 +0100] "GET /auth/?hauth.start=Facebook&hauth.time=1485468968 HTTP/1.1" 302 677 "http://twolink.co.uk/" "Mozilla/5.0 (Macintosh; Intel Mac OS X 10_12_3) AppleWebKit/537.36 (KHTML, like Gecko) Chrome/55.0.2883.95 Safari/537.36"
86.137.179.24 - - [26/Jan/2017:23:16:08 +0100] "GET /auth/?hauth.done=Facebook&code=AQACevbvCLIxYVEA1lH7sD3LZE3CxUtS04SN9QZ2FpMOtXGJGuLxKhTF1UvNvA2niYIF0Sf604tWgpbrvVsH-UIdQjYpR2nbLURQXOl1zQxg40bunZ7r8bx1__S3SKM_wpuvFMMja_xrizCdH3BF90KNLP4EfsjgeSyqrmJX-f_0lhLu5H1zPAumv4UKotCx_rGb7dnqdoRrebyDVQbrZYHXhN9gTDNmpUR5Oi8xuGHKp4SXPiTn7DxIk7dKGD-_07Fy5IvdRW8Agznq1kqL7hOWUD2bP9ZbFOIT06OiGwvtflvVl4kexGQrkwVzKTJ66VE6lfPEdcyKjcFzlAIuaEzo&state=eaaa040b126ed6d722299c757f697792 HTTP/1.1" 302 385 "http://twolink.co.uk/" "Mozilla/5.0 (Macintosh; Intel Mac OS X 10_12_3) AppleWebKit/537.36 (KHTML, like Gecko) Chrome/55.0.2883.95 Safari/537.36"
86.137.179.24 - - [26/Jan/2017:23:16:08 +0100] "GET / HTTP/1.1" 200 2944 "http://twolink.co.uk/privacy/" "Mozilla/5.0 (Macintosh; Intel Mac OS X 10_12_3) AppleWebKit/537.36 (KHTML, like Gecko) Chrome/55.0.2883.95 Safari/537.36"
157.55.39.155 - - [26/Jan/2017:23:23:52 +0100] "GET / HTTP/1.1" 200 3002 "-" "Mozilla/5.0 (compatible; bingbot/2.0; +http://www.bing.com/bingbot.htm)"
178.255.215.95 - - [27/Jan/2017:00:48:48 +0100] "GET /robots.txt HTTP/1.1" 404 5714 "-" "Mozilla/5.0 (compatible; Exabot/3.0; +http://www.exabot.com/go/robot)"
178.255.215.95 - - [27/Jan/2017:00:48:48 +0100] "GET / HTTP/1.1" 200 2965 "-" "Mozilla/5.0 (compatible; Exabot/3.0; +http://www.exabot.com/go/robot)"
180.76.15.143 - - [27/Jan/2017:06:03:59 +0100] "GET /heart/js/TwoLink.js HTTP/1.1" 200 1129 "-" "Mozilla/5.0 (compatible; Baiduspider/2.0; +http://www.baidu.com/search/spider.html)"
82.236.132.86 - - [27/Jan/2017:08:59:51 +0100] "GET /heart/favicon-16x16.png HTTP/1.1" 404 5751 "-" "Mozilla/5.0 (Windows NT 6.1; Win64; x64; rv:50.0) Gecko/20100101 Firefox/50.0"
82.236.132.86 - - [27/Jan/2017:08:59:53 +0100] "GET /heart/favicon-16x16.png HTTP/1.1" 404 5750 "-" "Mozilla/5.0 (Windows NT 6.1; Win64; x64; rv:50.0) Gecko/20100101 Firefox/50.0"
82.236.132.86 - - [27/Jan/2017:08:59:53 +0100] "OPTIONS / HTTP/1.1" 200 3002 "-" "Mozilla/5.0 (Windows NT 6.1; Win64; x64; rv:50.0) Gecko/20100101 Firefox/50.0"
82.236.132.86 - - [27/Jan/2017:08:59:59 +0100] "GET / HTTP/1.1" 200 2944 "-" "Mozilla/5.0 (Windows NT 6.3; WOW64) AppleWebKit/537.36 (KHTML, like Gecko) Chrome/42.0.2311.90 Safari/537.36"
82.236.132.86 - - [27/Jan/2017:08:59:59 +0100] "GET /heart/js/TwoLink.js HTTP/1.1" 200 1165 "http://www.twolink.co.uk/" "Mozilla/5.0 (Windows NT 6.3; WOW64) AppleWebKit/537.36 (KHTML, like Gecko) Chrome/42.0.2311.90 Safari/537.36"
82.236.132.86 - - [27/Jan/2017:08:59:59 +0100] "GET /heart/favicon.ico HTTP/1.1" 404 5692 "-" "Mozilla/5.0 (Windows NT 6.3; WOW64) AppleWebKit/537.36 (KHTML, like Gecko) Chrome/42.0.2311.90 Safari/537.36"
82.236.132.86 - - [27/Jan/2017:08:59:59 +0100] "GET /heart/css/main-1.css HTTP/1.1" 200 2096 "http://www.twolink.co.uk/" "Mozilla/5.0 (Windows NT 6.3; WOW64) AppleWebKit/537.36 (KHTML, like Gecko) Chrome/42.0.2311.90 Safari/537.36"
82.236.132.86 - - [27/Jan/2017:08:59:59 +0100] "GET / HTTP/1.1" 200 2943 "http://www.twolink.co.uk/" "Mozilla/5.0 (Windows NT 6.3; WOW64) AppleWebKit/537.36 (KHTML, like Gecko) Chrome/42.0.2311.90 Safari/537.36"
180.76.15.8 - - [27/Jan/2017:11:21:05 +0100] "GET / HTTP/1.1" 200 2965 "-" "Mozilla/5.0 (compatible; Baiduspider/2.0; +http://www.baidu.com/search/spider.html)"
157.55.39.155 - - [27/Jan/2017:11:47:02 +0100] "GET / HTTP/1.1" 200 3002 "-" "Mozilla/5.0 (compatible; bingbot/2.0; +http://www.bing.com/bingbot.htm)"
88.202.186.211 - - [27/Jan/2017:11:52:45 +0100] "GET / HTTP/1.1" 200 2944 "http://www.twolink.co.uk/privacy/" "Mozilla/5.0 (Macintosh; Intel Mac OS X 10_12_2) AppleWebKit/537.36 (KHTML, like Gecko) Chrome/55.0.2883.95 Safari/537.36"
88.202.186.211 - - [27/Jan/2017:11:52:46 +0100] "GET /heart/js/TwoLink.js HTTP/1.1" 200 1165 "http://twolink.co.uk/" "Mozilla/5.0 (Macintosh; Intel Mac OS X 10_12_2) AppleWebKit/537.36 (KHTML, like Gecko) Chrome/55.0.2883.95 Safari/537.36"
88.202.186.211 - - [27/Jan/2017:11:52:46 +0100] "GET /heart/css/main-1.css HTTP/1.1" 200 2096 "http://twolink.co.uk/" "Mozilla/5.0 (Macintosh; Intel Mac OS X 10_12_2) AppleWebKit/537.36 (KHTML, like Gecko) Chrome/55.0.2883.95 Safari/537.36"
66.249.93.148 - - [27/Jan/2017:11:53:01 +0100] "GET / HTTP/1.1" 200 3002 "-" "Mozilla/5.0 (X11; Linux x86_64) AppleWebKit/537.36 (KHTML, like Gecko) Chrome/49.0.2623.75 Safari/537.36 Google Favicon"
66.249.93.147 - - [27/Jan/2017:11:53:01 +0100] "GET /heart/favicon-32x32.png HTTP/1.1" 404 5751 "-" "Mozilla/5.0 (X11; Linux x86_64) AppleWebKit/537.36 (KHTML, like Gecko) Chrome/49.0.2623.75 Safari/537.36 Google Favicon"
180.76.15.6 - - [27/Jan/2017:11:54:34 +0100] "GET /about/ HTTP/1.1" 200 3305 "-" "Mozilla/5.0 (compatible; Baiduspider/2.0; +http://www.baidu.com/search/spider.html)"
88.202.186.214 - - [27/Jan/2017:12:43:05 +0100] "GET / HTTP/1.1" 200 2944 "http://www.twolink.co.uk/privacy/" "Mozilla/5.0 (Macintosh; Intel Mac OS X 10_12_2) AppleWebKit/537.36 (KHTML, like Gecko) Chrome/55.0.2883.95 Safari/537.36"
88.202.186.220 - - [27/Jan/2017:12:43:30 +0100] "GET /heart/js/TwoLink.js HTTP/1.1" 200 1166 "-" "Mozilla/5.0 (Macintosh; Intel Mac OS X 10_12_2) AppleWebKit/537.36 (KHTML, like Gecko) Chrome/55.0.2883.95 Safari/537.36"
88.202.186.214 - - [27/Jan/2017:12:44:13 +0100] "GET / HTTP/1.1" 200 2944 "http://www.twolink.co.uk/privacy/" "Mozilla/5.0 (Macintosh; Intel Mac OS X 10_12_2) AppleWebKit/537.36 (KHTML, like Gecko) Chrome/55.0.2883.95 Safari/537.36"
87.236.194.38 - - [27/Jan/2017:15:02:21 +0100] "GET /terms HTTP/1.1" 301 534 "-" "Mozilla/5.0 (Windows NT 6.1; Win64; x64; Trident/7.0; rv:11.0) like Gecko"
87.236.194.38 - - [27/Jan/2017:15:02:21 +0100] "GET /terms/ HTTP/1.1" 200 3580 "http://www.twolink.co.uk/terms" "Mozilla/5.0 (Windows NT 6.1; Win64; x64; Trident/7.0; rv:11.0) like Gecko"
82.236.132.86 - - [27/Jan/2017:16:51:25 +0100] "GET /heart/favicon.ico HTTP/1.1" 404 5751 "-" "Mozilla/5.0 (Windows NT 6.1; Win64; x64; rv:50.0) Gecko/20100101 Firefox/50.0"
82.236.132.86 - - [27/Jan/2017:16:51:28 +0100] "GET /heart/favicon.ico HTTP/1.1" 404 5750 "-" "Mozilla/5.0 (Windows NT 6.1; Win64; x64; rv:50.0) Gecko/20100101 Firefox/50.0"
82.236.132.86 - - [27/Jan/2017:16:51:28 +0100] "OPTIONS / HTTP/1.1" 200 3002 "-" "Mozilla/5.0 (Windows NT 6.1; Win64; x64; rv:50.0) Gecko/20100101 Firefox/50.0"
82.236.132.86 - - [27/Jan/2017:16:53:18 +0100] "GET / HTTP/1.1" 200 2944 "-" "Mozilla/5.0 (Windows NT 6.1; WOW64) AppleWebKit/537.36 (KHTML, like Gecko) Chrome/41.0.2272.118 Safari/537.36"
82.236.132.86 - - [27/Jan/2017:16:53:19 +0100] "GET /heart/favicon-16x16.png HTTP/1.1" 404 5692 "-" "Mozilla/5.0 (Windows NT 6.1; WOW64) AppleWebKit/537.36 (KHTML, like Gecko) Chrome/41.0.2272.118 Safari/537.36"
82.236.132.86 - - [27/Jan/2017:16:53:19 +0100] "GET / HTTP/1.1" 200 2943 "http://www.twolink.co.uk/" "Mozilla/5.0 (Windows NT 6.1; WOW64) AppleWebKit/537.36 (KHTML, like Gecko) Chrome/41.0.2272.118 Safari/537.36"
79.71.177.216 - - [27/Jan/2017:18:25:11 +0100] "GET / HTTP/1.1" 200 3002 "-" "Mozilla/5.0 (Windows NT 10.0; WOW64; rv:50.0) Gecko/20100101 Firefox/50.0"
79.71.177.216 - - [27/Jan/2017:18:25:13 +0100] "GET /heart/js/TwoLink.js HTTP/1.1" 200 1165 "http://twolink.co.uk/" "Mozilla/5.0 (Windows NT 10.0; WOW64; rv:50.0) Gecko/20100101 Firefox/50.0"
79.71.177.216 - - [27/Jan/2017:18:25:14 +0100] "GET /heart/favicon.ico HTTP/1.1" 404 5692 "-" "Mozilla/5.0 (Windows NT 10.0; WOW64; rv:50.0) Gecko/20100101 Firefox/50.0"
66.102.9.143 - - [27/Jan/2017:18:47:19 +0100] "GET / HTTP/1.1" 200 3002 "-" "Mozilla/5.0 (X11; Linux x86_64) AppleWebKit/537.36 (KHTML, like Gecko) Chrome/49.0.2623.75 Safari/537.36 Google Favicon"
66.102.9.145 - - [27/Jan/2017:18:47:19 +0100] "GET /heart/favicon-32x32.png HTTP/1.1" 404 5751 "-" "Mozilla/5.0 (X11; Linux x86_64) AppleWebKit/537.36 (KHTML, like Gecko) Chrome/49.0.2623.75 Safari/537.36 Google Favicon"
157.55.39.155 - - [27/Jan/2017:18:53:08 +0100] "GET / HTTP/1.1" 200 3002 "-" "Mozilla/5.0 (compatible; bingbot/2.0; +http://www.bing.com/bingbot.htm)"
82.236.132.86 - - [27/Jan/2017:19:13:20 +0100] "GET /terms HTTP/1.1" 301 590 "http://www.twolink.co.uk/" "Mozilla/5.0 (Windows NT 6.3; WOW64; rv:37.0) Gecko/20100101 Firefox/37.0"
82.236.132.86 - - [27/Jan/2017:19:13:20 +0100] "GET /terms/ HTTP/1.1" 200 3577 "http://www.twolink.co.uk/" "Mozilla/5.0 (Windows NT 6.3; WOW64; rv:37.0) Gecko/20100101 Firefox/37.0"
82.236.132.86 - - [27/Jan/2017:19:13:21 +0100] "GET /terms/ HTTP/1.1" 200 3577 "http://www.twolink.co.uk/" "Mozilla/5.0 (Windows NT 6.3; WOW64; rv:37.0) Gecko/20100101 Firefox/37.0"
82.236.132.86 - - [27/Jan/2017:19:13:21 +0100] "GET /heart/js/TwoLink.js HTTP/1.1" 200 1165 "http://www.twolink.co.uk/terms/" "Mozilla/5.0 (Windows NT 6.3; WOW64; rv:37.0) Gecko/20100101 Firefox/37.0"
82.236.132.86 - - [27/Jan/2017:19:13:21 +0100] "GET /heart/android-chrome-192x192.png HTTP/1.1" 404 5692 "-" "Mozilla/5.0 (Windows NT 6.3; WOW64; rv:37.0) Gecko/20100101 Firefox/37.0"
82.236.132.86 - - [27/Jan/2017:19:13:21 +0100] "GET /privacy HTTP/1.1" 301 593 "http://www.twolink.co.uk/" "Mozilla/5.0 (Windows NT 6.3; WOW64; rv:37.0) Gecko/20100101 Firefox/37.0"
82.236.132.86 - - [27/Jan/2017:19:13:21 +0100] "GET /privacy/ HTTP/1.1" 200 2621 "http://www.twolink.co.uk/" "Mozilla/5.0 (Windows NT 6.3; WOW64; rv:37.0) Gecko/20100101 Firefox/37.0"
82.236.132.86 - - [27/Jan/2017:19:13:22 +0100] "GET /heart/css/main-1.dark HTTP/1.1" 200 8221 "http://www.twolink.co.uk/terms/" "Mozilla/5.0 (Windows NT 6.3; WOW64; rv:37.0) Gecko/20100101 Firefox/37.0"
82.236.132.86 - - [27/Jan/2017:19:13:22 +0100] "GET /terms/ HTTP/1.1" 200 3577 "http://www.twolink.co.uk/terms/" "Mozilla/5.0 (Windows NT 6.3; WOW64; rv:37.0) Gecko/20100101 Firefox/37.0"
82.236.132.86 - - [27/Jan/2017:19:13:22 +0100] "GET /privacy/ HTTP/1.1" 200 2621 "http://www.twolink.co.uk/" "Mozilla/5.0 (Windows NT 6.3; WOW64; rv:37.0) Gecko/20100101 Firefox/37.0"
82.236.132.86 - - [27/Jan/2017:19:13:22 +0100] "GET /heart/favicon-32x32.png HTTP/1.1" 404 5692 "-" "Mozilla/5.0 (Windows NT 6.3; WOW64; rv:37.0) Gecko/20100101 Firefox/37.0"
82.236.132.86 - - [27/Jan/2017:19:13:22 +0100] "GET /privacy/ HTTP/1.1" 200 2621 "http://www.twolink.co.uk/privacy/" "Mozilla/5.0 (Windows NT 6.3; WOW64; rv:37.0) Gecko/20100101 Firefox/37.0"
82.236.132.86 - - [27/Jan/2017:19:14:22 +0100] "GET / HTTP/1.1" 200 3002 "http://www.twolink.co.uk/terms/" "Mozilla/5.0 (Windows NT 6.3; WOW64; rv:37.0) Gecko/20100101 Firefox/37.0"
82.236.132.86 - - [27/Jan/2017:19:14:22 +0100] "GET /heart/js/TwoLink.js HTTP/1.1" 200 1165 "http://twolink.co.uk/" "Mozilla/5.0 (Windows NT 6.3; WOW64; rv:37.0) Gecko/20100101 Firefox/37.0"
82.236.132.86 - - [27/Jan/2017:19:14:22 +0100] "GET /heart/favicon.ico HTTP/1.1" 404 5692 "-" "Mozilla/5.0 (Windows NT 6.3; WOW64; rv:37.0) Gecko/20100101 Firefox/37.0"
82.236.132.86 - - [27/Jan/2017:19:14:22 +0100] "GET /heart/css/main-1.dark HTTP/1.1" 200 8220 "http://twolink.co.uk/" "Mozilla/5.0 (Windows NT 6.3; WOW64; rv:37.0) Gecko/20100101 Firefox/37.0"
82.236.132.86 - - [27/Jan/2017:19:14:23 +0100] "GET / HTTP/1.1" 200 2943 "http://twolink.co.uk/" "Mozilla/5.0 (Windows NT 6.3; WOW64; rv:37.0) Gecko/20100101 Firefox/37.0"
82.236.132.86 - - [27/Jan/2017:19:14:41 +0100] "GET / HTTP/1.1" 200 2944 "http://www.twolink.co.uk/privacy/" "Mozilla/5.0 (Windows NT 6.3; WOW64; rv:37.0) Gecko/20100101 Firefox/37.0"
82.236.132.86 - - [27/Jan/2017:19:14:41 +0100] "GET /heart/favicon-16x16.png HTTP/1.1" 404 5692 "-" "Mozilla/5.0 (Windows NT 6.3; WOW64; rv:37.0) Gecko/20100101 Firefox/37.0"
82.236.132.86 - - [27/Jan/2017:19:14:41 +0100] "GET / HTTP/1.1" 200 2943 "http://twolink.co.uk/" "Mozilla/5.0 (Windows NT 6.3; WOW64; rv:37.0) Gecko/20100101 Firefox/37.0"
86.137.179.24 - - [27/Jan/2017:21:16:02 +0100] "GET / HTTP/1.1" 200 2944 "http://twolink.co.uk/privacy/" "Mozilla/5.0 (Macintosh; Intel Mac OS X 10_12_3) AppleWebKit/537.36 (KHTML, like Gecko) Chrome/55.0.2883.95 Safari/537.36"
86.137.179.24 - - [27/Jan/2017:21:16:03 +0100] "GET /heart/js/TwoLink.js HTTP/1.1" 200 1165 "http://twolink.co.uk/" "Mozilla/5.0 (Macintosh; Intel Mac OS X 10_12_3) AppleWebKit/537.36 (KHTML, like Gecko) Chrome/55.0.2883.95 Safari/537.36"
86.137.179.24 - - [27/Jan/2017:21:16:08 +0100] "GET /heart/favicon.ico HTTP/1.1" 404 5692 "http://twolink.co.uk/" "Mozilla/5.0 (Macintosh; Intel Mac OS X 10_12_3) AppleWebKit/537.36 (KHTML, like Gecko) Chrome/55.0.2883.95 Safari/537.36"
86.137.179.24 - - [27/Jan/2017:21:16:09 +0100] "GET /heart/favicon-16x16.png HTTP/1.1" 404 5692 "http://twolink.co.uk/" "Mozilla/5.0 (Macintosh; Intel Mac OS X 10_12_3) AppleWebKit/537.36 (KHTML, like Gecko) Chrome/55.0.2883.95 Safari/537.36"
86.137.179.24 - - [27/Jan/2017:21:16:09 +0100] "GET /heart/android-chrome-192x192.png HTTP/1.1" 404 5692 "http://twolink.co.uk/" "Mozilla/5.0 (Macintosh; Intel Mac OS X 10_12_3) AppleWebKit/537.36 (KHTML, like Gecko) Chrome/55.0.2883.95 Safari/537.36"
86.137.179.24 - - [27/Jan/2017:21:16:09 +0100] "GET /heart/favicon-32x32.png HTTP/1.1" 404 5692 "http://twolink.co.uk/" "Mozilla/5.0 (Macintosh; Intel Mac OS X 10_12_3) AppleWebKit/537.36 (KHTML, like Gecko) Chrome/55.0.2883.95 Safari/537.36"
66.249.73.147 - - [27/Jan/2017:21:44:06 +0100] "GET /robots.txt HTTP/1.1" 404 5751 "-" "Mozilla/5.0 (compatible; Googlebot/2.1; +http://www.google.com/bot.html)"
66.249.73.137 - - [27/Jan/2017:21:44:06 +0100] "GET / HTTP/1.1" 200 3002 "-" "Mozilla/5.0 (compatible; Googlebot/2.1; +http://www.google.com/bot.html)"
66.249.73.137 - - [27/Jan/2017:21:44:09 +0100] "GET /heart/css/main-1.css HTTP/1.1" 200 2096 "http://twolink.co.uk/" "Mozilla/5.0 (compatible; Googlebot/2.1; +http://www.google.com/bot.html)"
66.249.73.249 - - [27/Jan/2017:22:19:07 +0100] "GET /robots.txt HTTP/1.1" 404 5751 "-" "Mozilla/5.0 (compatible; Googlebot/2.1; +http://www.google.com/bot.html)"
66.249.73.249 - - [27/Jan/2017:22:19:07 +0100] "GET / HTTP/1.1" 200 3001 "-" "Mozilla/5.0 (compatible; Googlebot/2.1; +http://www.google.com/bot.html)"
66.249.73.249 - - [27/Jan/2017:22:19:13 +0100] "GET /heart/css/main-1.css HTTP/1.1" 200 2097 "-" "Mozilla/5.0 (compatible; Googlebot/2.1; +http://www.google.com/bot.html)"
86.137.179.24 - - [27/Jan/2017:22:50:26 +0100] "GET / HTTP/1.1" 200 2944 "-" "Mozilla/5.0 (Macintosh; Intel Mac OS X 10_12_3) AppleWebKit/537.36 (KHTML, like Gecko) Chrome/55.0.2883.95 Safari/537.36"
86.137.179.24 - - [27/Jan/2017:22:50:27 +0100] "GET /heart/js/TwoLink.js HTTP/1.1" 200 1165 "http://www.twolink.co.uk/" "Mozilla/5.0 (Macintosh; Intel Mac OS X 10_12_3) AppleWebKit/537.36 (KHTML, like Gecko) Chrome/55.0.2883.95 Safari/537.36"
86.137.179.24 - - [27/Jan/2017:22:50:28 +0100] "GET /heart/css/main-1.dark HTTP/1.1" 304 181 "http://www.twolink.co.uk/" "Mozilla/5.0 (Macintosh; Intel Mac OS X 10_12_3) AppleWebKit/537.36 (KHTML, like Gecko) Chrome/55.0.2883.95 Safari/537.36"
86.137.179.24 - - [27/Jan/2017:22:50:28 +0100] "GET /heart/favicon.ico HTTP/1.1" 404 5692 "http://www.twolink.co.uk/" "Mozilla/5.0 (Macintosh; Intel Mac OS X 10_12_3) AppleWebKit/537.36 (KHTML, like Gecko) Chrome/55.0.2883.95 Safari/537.36"
86.137.179.24 - - [27/Jan/2017:22:50:29 +0100] "GET /heart/favicon-16x16.png HTTP/1.1" 404 5692 "http://www.twolink.co.uk/" "Mozilla/5.0 (Macintosh; Intel Mac OS X 10_12_3) AppleWebKit/537.36 (KHTML, like Gecko) Chrome/55.0.2883.95 Safari/537.36"
86.137.179.24 - - [27/Jan/2017:22:50:29 +0100] "GET /heart/android-chrome-192x192.png HTTP/1.1" 404 5692 "http://www.twolink.co.uk/" "Mozilla/5.0 (Macintosh; Intel Mac OS X 10_12_3) AppleWebKit/537.36 (KHTML, like Gecko) Chrome/55.0.2883.95 Safari/537.36"
86.137.179.24 - - [27/Jan/2017:22:50:29 +0100] "GET /heart/favicon-32x32.png HTTP/1.1" 404 5692 "http://www.twolink.co.uk/" "Mozilla/5.0 (Macintosh; Intel Mac OS X 10_12_3) AppleWebKit/537.36 (KHTML, like Gecko) Chrome/55.0.2883.95 Safari/537.36"
66.249.73.195 - - [27/Jan/2017:23:30:46 +0100] "GET / HTTP/1.1" 200 3002 "-" "Mozilla/5.0 (compatible; Googlebot/2.1; +http://www.google.com/bot.html)"
66.249.93.195 - - [27/Jan/2017:23:33:39 +0100] "GET / HTTP/1.1" 200 3002 "-" "Mozilla/5.0 (X11; Linux x86_64) AppleWebKit/537.36 (KHTML, like Gecko) Chrome/49.0.2623.75 Safari/537.36 Google Favicon"
66.249.93.195 - - [27/Jan/2017:23:33:39 +0100] "GET /heart/favicon-16x16.png HTTP/1.1" 404 5750 "-" "Mozilla/5.0 (X11; Linux x86_64) AppleWebKit/537.36 (KHTML, like Gecko) Chrome/49.0.2623.75 Safari/537.36 Google Favicon"
93.158.152.9 - - [27/Jan/2017:23:43:11 +0100] "GET /robots.txt HTTP/1.1" 404 5751 "-" "Mozilla/5.0 (compatible; YandexBot/3.0; +http://yandex.com/bots)"
93.158.152.9 - - [27/Jan/2017:23:43:15 +0100] "GET /heart/favicon.ico HTTP/1.1" 404 5750 "-" "Mozilla/5.0 (compatible; YandexBot/3.0; +http://yandex.com/bots)"
141.8.142.173 - - [27/Jan/2017:23:43:57 +0100] "GET /heart/favicon-32x32.png HTTP/1.1" 404 5751 "-" "Mozilla/5.0 (compatible; YandexBot/3.0; +http://yandex.com/bots)"
141.8.142.98 - - [27/Jan/2017:23:44:49 +0100] "GET /robots.txt HTTP/1.1" 404 5751 "-" "Mozilla/5.0 (compatible; YandexBot/3.0; +http://yandex.com/bots)"
130.193.37.25 - - [27/Jan/2017:23:44:53 +0100] "GET /heart/favicon-16x16.png HTTP/1.1" 404 5751 "-" "Mozilla/5.0 (compatible; YandexBot/3.0; +http://yandex.com/bots)"
93.158.152.12 - - [27/Jan/2017:23:45:10 +0100] "GET /heart/android-chrome-192x192.png HTTP/1.1" 404 5751 "-" "Mozilla/5.0 (compatible; YandexBot/3.0; +http://yandex.com/bots)"
178.154.189.36 - - [27/Jan/2017:23:45:14 +0100] "GET /heart/favicon.ico HTTP/1.1" 404 5751 "-" "Mozilla/5.0 (compatible; YandexBot/3.0; +http://yandex.com/bots)"
178.154.149.14 - - [27/Jan/2017:23:48:58 +0100] "GET /heart/android-chrome-192x192.png HTTP/1.1" 404 5751 "-" "Mozilla/5.0 (compatible; YandexBot/3.0; +http://yandex.com/bots)"
66.249.73.252 - - [28/Jan/2017:01:17:56 +0100] "GET / HTTP/1.1" 200 3002 "-" "Mozilla/5.0 (compatible; Googlebot/2.1; +http://www.google.com/bot.html)"
79.71.177.216 - - [28/Jan/2017:01:18:44 +0100] "GET / HTTP/1.1" 200 3002 "-" "Mozilla/5.0 (Windows NT 10.0; WOW64; rv:50.0) Gecko/20100101 Firefox/50.0"
79.71.177.216 - - [28/Jan/2017:01:18:45 +0100] "GET /heart/js/TwoLink.js HTTP/1.1" 200 1165 "http://twolink.co.uk/" "Mozilla/5.0 (Windows NT 10.0; WOW64; rv:50.0) Gecko/20100101 Firefox/50.0"
79.71.177.216 - - [28/Jan/2017:01:18:45 +0100] "GET /heart/favicon.ico HTTP/1.1" 404 5692 "-" "Mozilla/5.0 (Windows NT 10.0; WOW64; rv:50.0) Gecko/20100101 Firefox/50.0"
79.71.177.216 - - [28/Jan/2017:01:18:46 +0100] "GET /heart/css/main-1.dark HTTP/1.1" 200 8220 "http://twolink.co.uk/" "Mozilla/5.0 (Windows NT 10.0; WOW64; rv:50.0) Gecko/20100101 Firefox/50.0"
80.40.134.103 - - [28/Jan/2017:01:19:15 +0100] "GET /robots.txt HTTP/1.0" 404 5714 "http://twolink.co.uk/robots.txt" "Mozilla/4.0 (compatible; MSIE 8.0; Windows NT 5.1; Trident/4.0; .NET CLR 2.0.50727; .NET CLR 3.0.04506.648; .NET CLR 3.5.21022; .NET CLR 3.0.4506.2152; .NET CLR 3.5.30729; InfoPath.2)"
80.40.134.103 - - [28/Jan/2017:01:19:15 +0100] "GET /heart/js/TwoLink.js HTTP/1.0" 200 2499 "http://twolink.co.uk/heart/js/TwoLink.js" "Mozilla/4.0 (compatible; MSIE 8.0; Windows NT 5.1; Trident/4.0; .NET CLR 2.0.50727; .NET CLR 3.0.04506.648; .NET CLR 3.5.21022; .NET CLR 3.0.4506.2152; .NET CLR 3.5.30729; InfoPath.2)"
80.40.134.104 - - [28/Jan/2017:01:19:15 +0100] "GET / HTTP/1.0" 200 7913 "http://twolink.co.uk/" "Mozilla/4.0 (compatible; MSIE 8.0; Windows NT 5.1; Trident/4.0; .NET CLR 2.0.50727; .NET CLR 3.0.04506.648; .NET CLR 3.5.21022; .NET CLR 3.0.4506.2152; .NET CLR 3.5.30729; InfoPath.2)"
66.249.73.155 - - [28/Jan/2017:01:53:39 +0100] "GET /about/ HTTP/1.1" 200 3342 "-" "Mozilla/5.0 (compatible; Googlebot/2.1; +http://www.google.com/bot.html)"
66.249.73.155 - - [28/Jan/2017:01:53:45 +0100] "GET /css/about.css HTTP/1.1" 404 5693 "http://twolink.co.uk/about/" "Mozilla/5.0 (compatible; Googlebot/2.1; +http://www.google.com/bot.html)"
66.249.73.195 - - [28/Jan/2017:01:53:54 +0100] "GET /heart/js/jquery.min.js HTTP/1.1" 404 5751 "http://www.twolink.co.uk/about/" "Mozilla/5.0 (compatible; Googlebot/2.1; +http://www.google.com/bot.html)"
66.249.73.195 - - [28/Jan/2017:01:53:54 +0100] "GET /heart/js/bootstrap.min.js HTTP/1.1" 404 5750 "http://www.twolink.co.uk/about/" "Mozilla/5.0 (compatible; Googlebot/2.1; +http://www.google.com/bot.html)"
66.249.73.249 - - [28/Jan/2017:01:53:55 +0100] "GET /heart/css/boot/bootstrap.css HTTP/1.1" 404 5751 "http://www.twolink.co.uk/about/" "Mozilla/5.0 (compatible; Googlebot/2.1; +http://www.google.com/bot.html)"
66.249.73.252 - - [28/Jan/2017:01:53:55 +0100] "GET /heart/js/tether.js HTTP/1.1" 404 5751 "http://www.twolink.co.uk/about/" "Mozilla/5.0 (compatible; Googlebot/2.1; +http://www.google.com/bot.html)"
66.249.73.252 - - [28/Jan/2017:01:53:55 +0100] "GET /heart/js/utils.js HTTP/1.1" 404 5750 "http://www.twolink.co.uk/about/" "Mozilla/5.0 (compatible; Googlebot/2.1; +http://www.google.com/bot.html)"
66.249.73.252 - - [28/Jan/2017:01:53:56 +0100] "GET /heart/css/styles.css HTTP/1.1" 200 2053 "http://www.twolink.co.uk/about/" "Mozilla/5.0 (compatible; Googlebot/2.1; +http://www.google.com/bot.html)"
66.249.73.195 - - [28/Jan/2017:01:58:35 +0100] "GET /about/ HTTP/1.1" 200 3342 "-" "Mozilla/5.0 (compatible; Googlebot/2.1; +http://www.google.com/bot.html)"
66.249.73.195 - - [28/Jan/2017:02:39:07 +0100] "GET /privacy HTTP/1.1" 301 594 "-" "Mozilla/5.0 (compatible; Googlebot/2.1; +http://www.google.com/bot.html)"
66.249.73.249 - - [28/Jan/2017:02:39:08 +0100] "GET /privacy/ HTTP/1.1" 200 2680 "-" "Mozilla/5.0 (compatible; Googlebot/2.1; +http://www.google.com/bot.html)"
66.249.73.195 - - [28/Jan/2017:03:14:45 +0100] "GET /terms HTTP/1.1" 301 590 "-" "Mozilla/5.0 (compatible; Googlebot/2.1; +http://www.google.com/bot.html)"
66.249.73.252 - - [28/Jan/2017:03:14:46 +0100] "GET /terms/ HTTP/1.1" 200 3636 "-" "Mozilla/5.0 (compatible; Googlebot/2.1; +http://www.google.com/bot.html)"
180.76.15.147 - - [28/Jan/2017:04:24:28 +0100] "GET /about/ HTTP/1.1" 200 3305 "-" "Mozilla/5.0 (compatible; Baiduspider/2.0; +http://www.baidu.com/search/spider.html)"
66.249.73.159 - - [28/Jan/2017:05:19:50 +0100] "GET /oxeqkwjah.html HTTP/1.1" 404 5751 "-" "Mozilla/5.0 (compatible; Googlebot/2.1; +http://www.google.com/bot.html)"
157.55.39.155 - - [28/Jan/2017:06:15:12 +0100] "GET / HTTP/1.1" 200 3002 "-" "Mozilla/5.0 (compatible; bingbot/2.0; +http://www.bing.com/bingbot.htm)"
66.249.73.163 - - [28/Jan/2017:07:26:10 +0100] "GET / HTTP/1.1" 200 3002 "-" "Mozilla/5.0 (compatible; Googlebot/2.1; +http://www.google.com/bot.html)"
66.249.73.249 - - [28/Jan/2017:07:46:41 +0100] "GET / HTTP/1.1" 200 3002 "-" "Mozilla/5.0 (compatible; Googlebot/2.1; +http://www.google.com/bot.html)"
93.158.152.9 - - [28/Jan/2017:11:39:31 +0100] "GET /robots.txt HTTP/1.1" 404 5751 "-" "Mozilla/5.0 (compatible; YandexBot/3.0; +http://yandex.com/bots)"
86.137.179.2 - - [28/Jan/2017:14:56:01 +0100] "GET / HTTP/1.1" 200 2944 "-" "Mozilla/5.0 (Macintosh; Intel Mac OS X 10_12_3) AppleWebKit/537.36 (KHTML, like Gecko) Chrome/56.0.2924.76 Safari/537.36"
86.137.179.2 - - [28/Jan/2017:14:56:01 +0100] "GET /heart/js/TwoLink.js HTTP/1.1" 200 1165 "http://www.twolink.co.uk/" "Mozilla/5.0 (Macintosh; Intel Mac OS X 10_12_3) AppleWebKit/537.36 (KHTML, like Gecko) Chrome/56.0.2924.76 Safari/537.36"
86.137.179.2 - - [28/Jan/2017:14:56:01 +0100] "GET /heart/css/main-1.css HTTP/1.1" 200 2096 "http://www.twolink.co.uk/" "Mozilla/5.0 (Macintosh; Intel Mac OS X 10_12_3) AppleWebKit/537.36 (KHTML, like Gecko) Chrome/56.0.2924.76 Safari/537.36"
86.137.179.2 - - [28/Jan/2017:14:56:02 +0100] "GET /heart/favicon.ico HTTP/1.1" 404 5692 "http://www.twolink.co.uk/" "Mozilla/5.0 (Macintosh; Intel Mac OS X 10_12_3) AppleWebKit/537.36 (KHTML, like Gecko) Chrome/56.0.2924.76 Safari/537.36"
86.137.179.2 - - [28/Jan/2017:14:56:02 +0100] "GET /heart/favicon-16x16.png HTTP/1.1" 404 5692 "http://www.twolink.co.uk/" "Mozilla/5.0 (Macintosh; Intel Mac OS X 10_12_3) AppleWebKit/537.36 (KHTML, like Gecko) Chrome/56.0.2924.76 Safari/537.36"
86.137.179.2 - - [28/Jan/2017:14:56:02 +0100] "GET /heart/android-chrome-192x192.png HTTP/1.1" 404 5692 "http://www.twolink.co.uk/" "Mozilla/5.0 (Macintosh; Intel Mac OS X 10_12_3) AppleWebKit/537.36 (KHTML, like Gecko) Chrome/56.0.2924.76 Safari/537.36"
86.137.179.2 - - [28/Jan/2017:14:56:02 +0100] "GET /heart/favicon-32x32.png HTTP/1.1" 404 5692 "http://www.twolink.co.uk/" "Mozilla/5.0 (Macintosh; Intel Mac OS X 10_12_3) AppleWebKit/537.36 (KHTML, like Gecko) Chrome/56.0.2924.76 Safari/537.36"
86.137.179.2 - - [28/Jan/2017:14:56:03 +0100] "GET / HTTP/1.1" 200 2943 "-" "Mozilla/5.0 (Macintosh; Intel Mac OS X 10_12_3) AppleWebKit/537.36 (KHTML, like Gecko) Chrome/56.0.2924.76 Safari/537.36"
86.137.179.2 - - [28/Jan/2017:15:00:46 +0100] "GET /auth/login-with.php?provider=Facebook HTTP/1.1" 302 397 "http://www.twolink.co.uk/" "Mozilla/5.0 (Macintosh; Intel Mac OS X 10_12_3) AppleWebKit/537.36 (KHTML, like Gecko) Chrome/56.0.2924.76 Safari/537.36"
86.137.179.2 - - [28/Jan/2017:15:00:47 +0100] "GET /auth/?hauth.start=Facebook&hauth.time=1485612046 HTTP/1.1" 500 295 "http://www.twolink.co.uk/" "Mozilla/5.0 (Macintosh; Intel Mac OS X 10_12_3) AppleWebKit/537.36 (KHTML, like Gecko) Chrome/56.0.2924.76 Safari/537.36"
66.249.93.17 - - [28/Jan/2017:15:30:25 +0100] "GET / HTTP/1.1" 200 3002 "-" "Mozilla/5.0 (X11; Linux x86_64) AppleWebKit/537.36 (KHTML, like Gecko) Chrome/49.0.2623.75 Safari/537.36 Google Favicon"
66.249.93.17 - - [28/Jan/2017:15:30:25 +0100] "GET /heart/favicon-32x32.png HTTP/1.1" 404 5750 "-" "Mozilla/5.0 (X11; Linux x86_64) AppleWebKit/537.36 (KHTML, like Gecko) Chrome/49.0.2623.75 Safari/537.36 Google Favicon"
180.76.15.30 - - [28/Jan/2017:16:21:45 +0100] "GET /about/ HTTP/1.1" 200 3305 "-" "Mozilla/5.0 (compatible; Baiduspider/2.0; +http://www.baidu.com/search/spider.html)"
157.55.39.251 - - [28/Jan/2017:17:30:29 +0100] "GET /robots.txt HTTP/1.1" 404 5751 "-" "Mozilla/5.0 (compatible; bingbot/2.0; +http://www.bing.com/bingbot.htm)"
207.46.13.121 - - [28/Jan/2017:17:30:35 +0100] "GET / HTTP/1.1" 200 3002 "-" "Mozilla/5.0 (compatible; bingbot/2.0; +http://www.bing.com/bingbot.htm)"
79.71.166.57 - - [28/Jan/2017:19:57:46 +0100] "GET / HTTP/1.1" 200 3002 "-" "Mozilla/5.0 (Windows NT 10.0; WOW64; rv:50.0) Gecko/20100101 Firefox/50.0"
79.71.166.57 - - [28/Jan/2017:19:57:47 +0100] "GET /heart/js/TwoLink.js HTTP/1.1" 200 1165 "http://twolink.co.uk/" "Mozilla/5.0 (Windows NT 10.0; WOW64; rv:50.0) Gecko/20100101 Firefox/50.0"
79.71.166.57 - - [28/Jan/2017:19:57:47 +0100] "GET /heart/favicon.ico HTTP/1.1" 404 5692 "-" "Mozilla/5.0 (Windows NT 10.0; WOW64; rv:50.0) Gecko/20100101 Firefox/50.0"
79.71.166.57 - - [28/Jan/2017:19:57:47 +0100] "GET /heart/css/main-1.css HTTP/1.1" 200 2096 "http://twolink.co.uk/" "Mozilla/5.0 (Windows NT 10.0; WOW64; rv:50.0) Gecko/20100101 Firefox/50.0"
178.154.189.11 - - [28/Jan/2017:23:29:29 +0100] "GET /robots.txt HTTP/1.1" 404 5751 "-" "Mozilla/5.0 (compatible; YandexBot/3.0; +http://yandex.com/bots)"
93.158.152.9 - - [28/Jan/2017:23:29:33 +0100] "GET /heart/favicon-32x32.png HTTP/1.1" 404 5751 "-" "Mozilla/5.0 (compatible; YandexBot/3.0; +http://yandex.com/bots)"
130.193.51.36 - - [28/Jan/2017:23:29:37 +0100] "GET /heart/apple-touch-icon.png HTTP/1.1" 404 5751 "-" "Mozilla/5.0 (compatible; YandexBot/3.0; +http://yandex.com/bots)"
86.137.179.55 - - [29/Jan/2017:01:17:11 +0100] "GET / HTTP/1.1" 200 2944 "-" "Mozilla/5.0 (Macintosh; Intel Mac OS X 10_12_3) AppleWebKit/537.36 (KHTML, like Gecko) Chrome/56.0.2924.76 Safari/537.36"
86.137.179.55 - - [29/Jan/2017:01:17:11 +0100] "GET /heart/js/TwoLink.js HTTP/1.1" 200 1165 "http://www.twolink.co.uk/" "Mozilla/5.0 (Macintosh; Intel Mac OS X 10_12_3) AppleWebKit/537.36 (KHTML, like Gecko) Chrome/56.0.2924.76 Safari/537.36"
86.137.179.55 - - [29/Jan/2017:01:17:12 +0100] "GET /heart/favicon.ico HTTP/1.1" 404 5692 "http://www.twolink.co.uk/" "Mozilla/5.0 (Macintosh; Intel Mac OS X 10_12_3) AppleWebKit/537.36 (KHTML, like Gecko) Chrome/56.0.2924.76 Safari/537.36"
86.137.179.55 - - [29/Jan/2017:01:17:12 +0100] "GET /heart/favicon-16x16.png HTTP/1.1" 404 5692 "http://www.twolink.co.uk/" "Mozilla/5.0 (Macintosh; Intel Mac OS X 10_12_3) AppleWebKit/537.36 (KHTML, like Gecko) Chrome/56.0.2924.76 Safari/537.36"
86.137.179.55 - - [29/Jan/2017:01:17:12 +0100] "GET /heart/android-chrome-192x192.png HTTP/1.1" 404 5692 "http://www.twolink.co.uk/" "Mozilla/5.0 (Macintosh; Intel Mac OS X 10_12_3) AppleWebKit/537.36 (KHTML, like Gecko) Chrome/56.0.2924.76 Safari/537.36"
86.137.179.55 - - [29/Jan/2017:01:17:12 +0100] "GET /heart/favicon-32x32.png HTTP/1.1" 404 5692 "http://www.twolink.co.uk/" "Mozilla/5.0 (Macintosh; Intel Mac OS X 10_12_3) AppleWebKit/537.36 (KHTML, like Gecko) Chrome/56.0.2924.76 Safari/537.36"
207.46.13.121 - - [29/Jan/2017:04:43:00 +0100] "GET / HTTP/1.1" 200 3002 "-" "Mozilla/5.0 (compatible; bingbot/2.0; +http://www.bing.com/bingbot.htm)"
66.249.76.99 - - [29/Jan/2017:05:10:31 +0100] "GET /robots.txt HTTP/1.1" 404 5751 "-" "Mozilla/5.0 (compatible; Googlebot/2.1; +http://www.google.com/bot.html)"
66.249.76.101 - - [29/Jan/2017:05:10:31 +0100] "GET /xyodtlrjczmldga.html HTTP/1.1" 404 5751 "-" "Mozilla/5.0 (compatible; Googlebot/2.1; +http://www.google.com/bot.html)"
79.71.166.57 - - [29/Jan/2017:10:53:45 +0100] "GET / HTTP/1.1" 200 3002 "-" "Mozilla/5.0 (Windows NT 10.0; WOW64; rv:51.0) Gecko/20100101 Firefox/51.0"
79.71.166.57 - - [29/Jan/2017:10:53:46 +0100] "GET /heart/js/TwoLink.js HTTP/1.1" 200 1165 "http://twolink.co.uk/" "Mozilla/5.0 (Windows NT 10.0; WOW64; rv:51.0) Gecko/20100101 Firefox/51.0"
79.71.166.57 - - [29/Jan/2017:10:53:46 +0100] "GET /heart/favicon.ico HTTP/1.1" 404 5692 "-" "Mozilla/5.0 (Windows NT 10.0; WOW64; rv:51.0) Gecko/20100101 Firefox/51.0"
79.71.166.57 - - [29/Jan/2017:10:53:52 +0100] "GET /heart/css/main-1.css HTTP/1.1" 200 2097 "http://twolink.co.uk/" "Mozilla/5.0 (Windows NT 10.0; WOW64; rv:51.0) Gecko/20100101 Firefox/51.0"
79.71.166.57 - - [29/Jan/2017:11:55:09 +0100] "GET / HTTP/1.1" 200 3002 "-" "Mozilla/5.0 (Windows NT 10.0; WOW64; rv:51.0) Gecko/20100101 Firefox/51.0"
79.71.166.57 - - [29/Jan/2017:11:55:16 +0100] "GET /heart/favicon.ico HTTP/1.1" 404 5693 "-" "Mozilla/5.0 (Windows NT 10.0; WOW64; rv:51.0) Gecko/20100101 Firefox/51.0"
80.40.134.103 - - [29/Jan/2017:11:55:40 +0100] "GET /robots.txt HTTP/1.0" 404 5714 "http://twolink.co.uk/robots.txt" "Mozilla/4.0 (compatible; MSIE 8.0; Windows NT 5.1; Trident/4.0; .NET CLR 2.0.50727; .NET CLR 3.0.04506.648; .NET CLR 3.5.21022; .NET CLR 3.0.4506.2152; .NET CLR 3.5.30729; InfoPath.2)"
80.40.134.103 - - [29/Jan/2017:11:55:40 +0100] "GET / HTTP/1.0" 200 7913 "http://twolink.co.uk/" "Mozilla/4.0 (compatible; MSIE 8.0; Windows NT 5.1; Trident/4.0; .NET CLR 2.0.50727; .NET CLR 3.0.04506.648; .NET CLR 3.5.21022; .NET CLR 3.0.4506.2152; .NET CLR 3.5.30729; InfoPath.2)"
93.158.152.9 - - [29/Jan/2017:12:36:50 +0100] "GET /robots.txt HTTP/1.1" 404 5751 "-" "Mozilla/5.0 (compatible; YandexBot/3.0; +http://yandex.com/bots)"
93.158.152.9 - - [29/Jan/2017:12:36:54 +0100] "GET /heart/favicon-32x32.png HTTP/1.1" 404 5750 "-" "Mozilla/5.0 (compatible; YandexBot/3.0; +http://yandex.com/bots)"
141.8.142.173 - - [29/Jan/2017:12:38:20 +0100] "GET /heart/favicon.ico HTTP/1.1" 404 5751 "-" "Mozilla/5.0 (compatible; YandexBot/3.0; +http://yandex.com/bots)"
66.102.9.143 - - [29/Jan/2017:13:46:58 +0100] "GET / HTTP/1.1" 200 3002 "-" "Mozilla/5.0 (X11; Linux x86_64) AppleWebKit/537.36 (KHTML, like Gecko) Chrome/49.0.2623.75 Safari/537.36 Google Favicon"
66.102.9.143 - - [29/Jan/2017:13:46:58 +0100] "GET /heart/favicon-32x32.png HTTP/1.1" 404 5750 "-" "Mozilla/5.0 (X11; Linux x86_64) AppleWebKit/537.36 (KHTML, like Gecko) Chrome/49.0.2623.75 Safari/537.36 Google Favicon"
178.154.189.36 - - [29/Jan/2017:14:31:21 +0100] "GET /robots.txt HTTP/1.1" 404 5751 "-" "Mozilla/5.0 (compatible; YandexBot/3.0; +http://yandex.com/bots)"
93.158.152.11 - - [29/Jan/2017:14:31:25 +0100] "GET /heart/favicon-32x32.png HTTP/1.1" 404 5751 "-" "Mozilla/5.0 (compatible; YandexBot/3.0; +http://yandex.com/bots)"
79.71.166.57 - - [29/Jan/2017:15:49:11 +0100] "GET / HTTP/1.1" 200 3002 "-" "Mozilla/5.0 (Windows NT 10.0; WOW64; rv:51.0) Gecko/20100101 Firefox/51.0"
79.71.166.57 - - [29/Jan/2017:15:49:19 +0100] "GET / HTTP/1.1" 200 3002 "-" "Mozilla/5.0 (Windows NT 10.0; WOW64; rv:51.0) Gecko/20100101 Firefox/51.0"
79.71.166.57 - - [29/Jan/2017:15:49:19 +0100] "GET /heart/favicon.ico HTTP/1.1" 404 5692 "-" "Mozilla/5.0 (Windows NT 10.0; WOW64; rv:51.0) Gecko/20100101 Firefox/51.0"
79.71.166.57 - - [29/Jan/2017:15:49:21 +0100] "GET /heart/favicon-16x16.png HTTP/1.1" 404 5692 "-" "Mozilla/5.0 (Windows NT 10.0; WOW64; rv:51.0) Gecko/20100101 Firefox/51.0"
207.46.13.198 - - [29/Jan/2017:16:15:47 +0100] "GET /robots.txt HTTP/1.1" 404 5751 "-" "Mozilla/5.0 (compatible; bingbot/2.0; +http://www.bing.com/bingbot.htm)"
207.46.13.121 - - [29/Jan/2017:16:15:50 +0100] "GET / HTTP/1.1" 200 3002 "-" "Mozilla/5.0 (compatible; bingbot/2.0; +http://www.bing.com/bingbot.htm)"
180.76.15.20 - - [29/Jan/2017:22:48:00 +0100] "GET /robots.txt HTTP/1.1" 404 5714 "-" "Mozilla/5.0 (Windows NT 5.1; rv:6.0.2) Gecko/20100101 Firefox/6.0.2"
180.76.15.136 - - [29/Jan/2017:22:48:01 +0100] "GET /robots.txt HTTP/1.1" 404 5714 "-" "Mozilla/5.0 (Windows NT 5.1; rv:6.0.2) Gecko/20100101 Firefox/6.0.2"
180.76.15.5 - - [29/Jan/2017:22:49:15 +0100] "GET / HTTP/1.1" 200 2965 "-" "Mozilla/5.0 (compatible; Baiduspider/2.0; +http://www.baidu.com/search/spider.html)"
180.76.15.6 - - [30/Jan/2017:01:28:10 +0100] "GET /terms HTTP/1.1" 301 553 "-" "Mozilla/5.0 (compatible; Baiduspider/2.0; +http://www.baidu.com/search/spider.html)"
180.76.15.23 - - [30/Jan/2017:01:28:11 +0100] "GET /terms/ HTTP/1.1" 200 3599 "-" "Mozilla/5.0 (compatible; Baiduspider/2.0; +http://www.baidu.com/search/spider.html)"
207.46.13.121 - - [30/Jan/2017:03:29:06 +0100] "GET / HTTP/1.1" 200 3002 "-" "Mozilla/5.0 (compatible; bingbot/2.0; +http://www.bing.com/bingbot.htm)"
178.255.215.95 - - [30/Jan/2017:03:56:38 +0100] "GET /robots.txt HTTP/1.1" 404 5714 "-" "Mozilla/5.0 (compatible; Exabot/3.0; +http://www.exabot.com/go/robot)"
178.255.215.95 - - [30/Jan/2017:03:56:38 +0100] "GET / HTTP/1.1" 200 2965 "-" "Mozilla/5.0 (compatible; Exabot/3.0; +http://www.exabot.com/go/robot)"
180.76.15.20 - - [30/Jan/2017:04:06:52 +0100] "GET /heart/css/main-1.dark HTTP/1.1" 200 8184 "-" "Mozilla/5.0 (compatible; Baiduspider/2.0; +http://www.baidu.com/search/spider.html)"
93.158.152.9 - - [30/Jan/2017:09:19:51 +0100] "GET /robots.txt HTTP/1.1" 404 5751 "-" "Mozilla/5.0 (compatible; YandexBot/3.0; +http://yandex.com/bots)"
66.249.93.146 - - [30/Jan/2017:10:14:45 +0100] "GET / HTTP/1.1" 200 3002 "-" "Mozilla/5.0 (X11; Linux x86_64) AppleWebKit/537.36 (KHTML, like Gecko) Chrome/49.0.2623.75 Safari/537.36 Google Favicon"
66.249.93.146 - - [30/Jan/2017:10:14:45 +0100] "GET /heart/favicon-32x32.png HTTP/1.1" 404 5750 "-" "Mozilla/5.0 (X11; Linux x86_64) AppleWebKit/537.36 (KHTML, like Gecko) Chrome/49.0.2623.75 Safari/537.36 Google Favicon"
180.76.15.143 - - [30/Jan/2017:12:24:36 +0100] "GET / HTTP/1.1" 200 2965 "-" "Mozilla/5.0 (compatible; Baiduspider/2.0; +http://www.baidu.com/search/spider.html)"
207.46.13.121 - - [30/Jan/2017:15:30:29 +0100] "GET / HTTP/1.1" 200 3002 "-" "Mozilla/5.0 (compatible; bingbot/2.0; +http://www.bing.com/bingbot.htm)"
66.102.9.145 - - [30/Jan/2017:21:07:48 +0100] "GET / HTTP/1.1" 200 3002 "-" "Mozilla/5.0 (X11; Linux x86_64) AppleWebKit/537.36 (KHTML, like Gecko) Chrome/49.0.2623.75 Safari/537.36 Google Favicon"
66.102.9.143 - - [30/Jan/2017:21:07:48 +0100] "GET /heart/favicon-32x32.png HTTP/1.1" 404 5751 "-" "Mozilla/5.0 (X11; Linux x86_64) AppleWebKit/537.36 (KHTML, like Gecko) Chrome/49.0.2623.75 Safari/537.36 Google Favicon"
86.137.177.43 - - [30/Jan/2017:23:51:36 +0100] "GET /heart/js/tether.js HTTP/1.1" 404 5693 "http://www.slem.me/xeh/616c6578/" "Mozilla/5.0 (Macintosh; Intel Mac OS X 10_12_3) AppleWebKit/537.36 (KHTML, like Gecko) Chrome/56.0.2924.76 Safari/537.36"
86.137.177.43 - - [30/Jan/2017:23:51:36 +0100] "GET /heart/js/jquery.min.js HTTP/1.1" 404 5693 "http://www.slem.me/xeh/616c6578/" "Mozilla/5.0 (Macintosh; Intel Mac OS X 10_12_3) AppleWebKit/537.36 (KHTML, like Gecko) Chrome/56.0.2924.76 Safari/537.36"
86.137.177.43 - - [30/Jan/2017:23:51:36 +0100] "GET /heart/js/utils.js HTTP/1.1" 404 5693 "http://www.slem.me/xeh/616c6578/" "Mozilla/5.0 (Macintosh; Intel Mac OS X 10_12_3) AppleWebKit/537.36 (KHTML, like Gecko) Chrome/56.0.2924.76 Safari/537.36"
86.137.177.43 - - [30/Jan/2017:23:51:36 +0100] "GET /heart/js/bootstrap.min.js HTTP/1.1" 404 5693 "http://www.slem.me/xeh/616c6578/" "Mozilla/5.0 (Macintosh; Intel Mac OS X 10_12_3) AppleWebKit/537.36 (KHTML, like Gecko) Chrome/56.0.2924.76 Safari/537.36"
86.137.177.43 - - [30/Jan/2017:23:51:36 +0100] "GET /heart/css/boot/bootstrap.css HTTP/1.1" 404 5693 "http://www.slem.me/xeh/616c6578/" "Mozilla/5.0 (Macintosh; Intel Mac OS X 10_12_3) AppleWebKit/537.36 (KHTML, like Gecko) Chrome/56.0.2924.76 Safari/537.36"
86.137.177.43 - - [30/Jan/2017:23:51:37 +0100] "GET /heart/js/utils.js HTTP/1.1" 404 5692 "http://www.slem.me/xeh/616c6578/" "Mozilla/5.0 (Macintosh; Intel Mac OS X 10_12_3) AppleWebKit/537.36 (KHTML, like Gecko) Chrome/56.0.2924.76 Safari/537.36"
86.137.177.43 - - [30/Jan/2017:23:51:37 +0100] "GET /heart/js/tether.js HTTP/1.1" 404 5692 "http://www.slem.me/xeh/616c6578/" "Mozilla/5.0 (Macintosh; Intel Mac OS X 10_12_3) AppleWebKit/537.36 (KHTML, like Gecko) Chrome/56.0.2924.76 Safari/537.36"
86.137.177.43 - - [30/Jan/2017:23:51:37 +0100] "GET /heart/js/bootstrap.min.js HTTP/1.1" 404 5692 "http://www.slem.me/xeh/616c6578/" "Mozilla/5.0 (Macintosh; Intel Mac OS X 10_12_3) AppleWebKit/537.36 (KHTML, like Gecko) Chrome/56.0.2924.76 Safari/537.36"
86.137.177.43 - - [30/Jan/2017:23:51:47 +0100] "GET /heart/css/boot/bootstrap.css HTTP/1.1" 404 5693 "http://www.slem.me/xeh/616c6578/" "Mozilla/5.0 (Macintosh; Intel Mac OS X 10_12_3) AppleWebKit/537.36 (KHTML, like Gecko) Chrome/56.0.2924.76 Safari/537.36"
66.249.79.99 - - [31/Jan/2017:00:23:06 +0100] "GET /robots.txt HTTP/1.1" 404 5751 "-" "Mozilla/5.0 (compatible; Googlebot/2.1; +http://www.google.com/bot.html)"
66.249.79.95 - - [31/Jan/2017:00:23:07 +0100] "GET / HTTP/1.1" 200 3002 "-" "Mozilla/5.0 (Linux; Android 6.0.1; Nexus 5X Build/MMB29P) AppleWebKit/537.36 (KHTML, like Gecko) Chrome/41.0.2272.96 Mobile Safari/537.36 (compatible; Googlebot/2.1; +http://www.google.com/bot.html)"
66.249.79.99 - - [31/Jan/2017:00:23:09 +0100] "GET /heart/js/TwoLink.js HTTP/1.1" 200 1165 "http://twolink.co.uk/" "Mozilla/5.0 (compatible; Googlebot/2.1; +http://www.google.com/bot.html)"
66.249.79.91 - - [31/Jan/2017:00:23:11 +0100] "GET /heart/css/main-1.css HTTP/1.1" 200 2097 "http://twolink.co.uk/" "Mozilla/5.0 (compatible; Googlebot/2.1; +http://www.google.com/bot.html)"
180.76.15.152 - - [31/Jan/2017:01:43:39 +0100] "GET / HTTP/1.1" 200 2965 "-" "Mozilla/5.0 (compatible; Baiduspider/2.0; +http://www.baidu.com/search/spider.html)"
66.249.79.91 - - [31/Jan/2017:02:44:55 +0100] "GET /robots.txt HTTP/1.1" 404 5751 "-" "Mozilla/5.0 (compatible; Googlebot/2.1; +http://www.google.com/bot.html)"
66.249.79.91 - - [31/Jan/2017:02:44:55 +0100] "GET / HTTP/1.1" 200 3001 "-" "Mozilla/5.0 (Linux; Android 6.0.1; Nexus 5X Build/MMB29P) AppleWebKit/537.36 (KHTML, like Gecko) Chrome/41.0.2272.96 Mobile Safari/537.36 (compatible; Googlebot/2.1; +http://www.google.com/bot.html)"
66.249.79.82 - - [31/Jan/2017:02:44:57 +0100] "GET /heart/js/TwoLink.js HTTP/1.1" 200 1166 "http://www.twolink.co.uk/" "Mozilla/5.0 (compatible; Googlebot/2.1; +http://www.google.com/bot.html)"
66.249.79.82 - - [31/Jan/2017:02:44:59 +0100] "GET /heart/css/main-1.css HTTP/1.1" 200 2096 "http://www.twolink.co.uk/" "Mozilla/5.0 (compatible; Googlebot/2.1; +http://www.google.com/bot.html)"
207.46.13.121 - - [31/Jan/2017:03:56:15 +0100] "GET / HTTP/1.1" 200 3002 "-" "Mozilla/5.0 (compatible; bingbot/2.0; +http://www.bing.com/bingbot.htm)"
180.76.15.32 - - [31/Jan/2017:04:44:48 +0100] "GET /css/about.css HTTP/1.1" 404 5714 "-" "Mozilla/5.0 (compatible; Baiduspider/2.0; +http://www.baidu.com/search/spider.html)"
66.249.93.148 - - [31/Jan/2017:10:43:48 +0100] "GET / HTTP/1.1" 200 3002 "-" "Mozilla/5.0 (X11; Linux x86_64) AppleWebKit/537.36 (KHTML, like Gecko) Chrome/49.0.2623.75 Safari/537.36 Google Favicon"
66.249.93.148 - - [31/Jan/2017:10:43:48 +0100] "GET /heart/favicon-32x32.png HTTP/1.1" 404 5750 "-" "Mozilla/5.0 (X11; Linux x86_64) AppleWebKit/537.36 (KHTML, like Gecko) Chrome/49.0.2623.75 Safari/537.36 Google Favicon"
180.76.15.8 - - [31/Jan/2017:13:00:47 +0100] "GET / HTTP/1.1" 200 2965 "-" "Mozilla/5.0 (compatible; Baiduspider/2.0; +http://www.baidu.com/search/spider.html)"
207.46.13.34 - - [31/Jan/2017:15:14:49 +0100] "GET / HTTP/1.1" 200 3002 "-" "Mozilla/5.0 (compatible; bingbot/2.0; +http://www.bing.com/bingbot.htm)"
207.46.13.222 - - [31/Jan/2017:17:24:39 +0100] "GET /robots.txt HTTP/1.1" 404 5751 "-" "Mozilla/5.0 (compatible; bingbot/2.0; +http://www.bing.com/bingbot.htm)"
207.46.13.34 - - [31/Jan/2017:17:24:42 +0100] "GET / HTTP/1.1" 200 3002 "-" "Mozilla/5.0 (compatible; bingbot/2.0; +http://www.bing.com/bingbot.htm)"
199.30.24.27 - - [31/Jan/2017:17:24:43 +0100] "GET /heart/js/TwoLink.js HTTP/1.1" 200 1110 "http://twolink.co.uk/" "Mozilla/5.0 (Windows NT 6.1; WOW64) AppleWebKit/534+ (KHTML, like Gecko) BingPreview/1.0b"
199.30.24.27 - - [31/Jan/2017:17:24:43 +0100] "GET /heart/css/main-1.css HTTP/1.1" 200 2041 "http://twolink.co.uk/" "Mozilla/5.0 (Windows NT 6.1; WOW64) AppleWebKit/534+ (KHTML, like Gecko) BingPreview/1.0b"
207.46.13.150 - - [31/Jan/2017:17:24:48 +0100] "GET /robots.txt HTTP/1.1" 404 5751 "-" "Mozilla/5.0 (compatible; bingbot/2.0; +http://www.bing.com/bingbot.htm)"
104.196.145.91 - - [31/Jan/2017:18:16:13 +0100] "GET / HTTP/1.1" 200 3002 "-" "Mozilla/5.0 (compatible; Discordbot/1.0; +https://discordapp.com)"
145.90.95.243 - - [31/Jan/2017:18:16:16 +0100] "GET / HTTP/1.1" 200 2944 "-" "Mozilla/5.0 (Windows NT 10.0; Win64; x64) AppleWebKit/537.36 (KHTML, like Gecko) Chrome/55.0.2883.87 Safari/537.36"
145.90.95.243 - - [31/Jan/2017:18:16:16 +0100] "GET /heart/js/TwoLink.js HTTP/1.1" 200 1165 "http://twolink.co.uk/" "Mozilla/5.0 (Windows NT 10.0; Win64; x64) AppleWebKit/537.36 (KHTML, like Gecko) Chrome/55.0.2883.87 Safari/537.36"
145.90.95.243 - - [31/Jan/2017:18:16:17 +0100] "GET /heart/css/main-1.css HTTP/1.1" 200 2096 "http://twolink.co.uk/" "Mozilla/5.0 (Windows NT 10.0; Win64; x64) AppleWebKit/537.36 (KHTML, like Gecko) Chrome/55.0.2883.87 Safari/537.36"
145.90.95.243 - - [31/Jan/2017:18:16:17 +0100] "GET /heart/favicon.ico HTTP/1.1" 404 5692 "http://twolink.co.uk/" "Mozilla/5.0 (Windows NT 10.0; Win64; x64) AppleWebKit/537.36 (KHTML, like Gecko) Chrome/55.0.2883.87 Safari/537.36"
145.90.95.243 - - [31/Jan/2017:18:16:17 +0100] "GET /heart/favicon-16x16.png HTTP/1.1" 404 5692 "http://twolink.co.uk/" "Mozilla/5.0 (Windows NT 10.0; Win64; x64) AppleWebKit/537.36 (KHTML, like Gecko) Chrome/55.0.2883.87 Safari/537.36"
145.90.95.243 - - [31/Jan/2017:18:16:17 +0100] "GET /heart/android-chrome-192x192.png HTTP/1.1" 404 5692 "http://twolink.co.uk/" "Mozilla/5.0 (Windows NT 10.0; Win64; x64) AppleWebKit/537.36 (KHTML, like Gecko) Chrome/55.0.2883.87 Safari/537.36"
145.90.95.243 - - [31/Jan/2017:18:16:17 +0100] "GET /heart/favicon-32x32.png HTTP/1.1" 404 5692 "http://twolink.co.uk/" "Mozilla/5.0 (Windows NT 10.0; Win64; x64) AppleWebKit/537.36 (KHTML, like Gecko) Chrome/55.0.2883.87 Safari/537.36"
145.90.95.243 - - [31/Jan/2017:18:16:19 +0100] "GET / HTTP/1.1" 200 2943 "-" "Mozilla/5.0 (Windows NT 10.0; Win64; x64) AppleWebKit/537.36 (KHTML, like Gecko) Chrome/55.0.2883.87 Safari/537.36"
145.90.95.243 - - [31/Jan/2017:18:16:19 +0100] "GET /favicon.ico HTTP/1.1" 404 5692 "-" "Mozilla/5.0 (Windows NT 10.0; Win64; x64) AppleWebKit/537.36 (KHTML, like Gecko) Chrome/55.0.2883.87 Safari/537.36"
79.71.166.57 - - [31/Jan/2017:18:53:04 +0100] "GET / HTTP/1.1" 200 3002 "-" "Mozilla/5.0 (Windows NT 10.0; WOW64; rv:51.0) Gecko/20100101 Firefox/51.0"
79.71.166.57 - - [31/Jan/2017:18:53:05 +0100] "GET /heart/favicon.ico HTTP/1.1" 404 5692 "-" "Mozilla/5.0 (Windows NT 10.0; WOW64; rv:51.0) Gecko/20100101 Firefox/51.0"
79.71.166.57 - - [31/Jan/2017:18:53:05 +0100] "GET /heart/js/TwoLink.js HTTP/1.1" 200 1165 "http://twolink.co.uk/" "Mozilla/5.0 (Windows NT 10.0; WOW64; rv:51.0) Gecko/20100101 Firefox/51.0"
79.71.166.57 - - [31/Jan/2017:18:53:10 +0100] "GET /heart/css/main-1.css HTTP/1.1" 200 2096 "http://twolink.co.uk/" "Mozilla/5.0 (Windows NT 10.0; WOW64; rv:51.0) Gecko/20100101 Firefox/51.0"
79.71.166.57 - - [31/Jan/2017:18:55:16 +0100] "GET / HTTP/1.1" 200 3002 "-" "Mozilla/5.0 (Windows NT 10.0; WOW64; rv:51.0) Gecko/20100101 Firefox/51.0"
79.71.166.57 - - [31/Jan/2017:18:55:18 +0100] "GET /heart/favicon.ico HTTP/1.1" 404 5692 "-" "Mozilla/5.0 (Windows NT 10.0; WOW64; rv:51.0) Gecko/20100101 Firefox/51.0"
79.71.166.57 - - [31/Jan/2017:19:15:21 +0100] "GET / HTTP/1.1" 200 3002 "-" "Mozilla/5.0 (Windows NT 10.0; WOW64; rv:51.0) Gecko/20100101 Firefox/51.0"
80.40.134.104 - - [31/Jan/2017:19:15:50 +0100] "GET /robots.txt HTTP/1.0" 404 5714 "http://twolink.co.uk/robots.txt" "Mozilla/4.0 (compatible; MSIE 8.0; Windows NT 5.1; Trident/4.0; .NET CLR 2.0.50727; .NET CLR 3.0.04506.648; .NET CLR 3.5.21022; .NET CLR 3.0.4506.2152; .NET CLR 3.5.30729; InfoPath.2)"
80.40.134.104 - - [31/Jan/2017:19:15:50 +0100] "GET / HTTP/1.0" 200 7913 "http://twolink.co.uk/" "Mozilla/4.0 (compatible; MSIE 8.0; Windows NT 5.1; Trident/4.0; .NET CLR 2.0.50727; .NET CLR 3.0.04506.648; .NET CLR 3.5.21022; .NET CLR 3.0.4506.2152; .NET CLR 3.5.30729; InfoPath.2)"
66.102.9.145 - - [31/Jan/2017:20:03:24 +0100] "GET / HTTP/1.1" 200 3002 "-" "Mozilla/5.0 (X11; Linux x86_64) AppleWebKit/537.36 (KHTML, like Gecko) Chrome/49.0.2623.75 Safari/537.36 Google Favicon"
66.249.66.135 - - [31/Jan/2017:20:38:20 +0100] "GET /robots.txt HTTP/1.1" 404 5751 "-" "Mozilla/5.0 (compatible; Googlebot/2.1; +http://www.google.com/bot.html)"
66.249.66.131 - - [31/Jan/2017:20:38:20 +0100] "GET /sitemap.xml HTTP/1.1" 404 5751 "-" "Mozilla/5.0 (compatible; Googlebot/2.1; +http://www.google.com/bot.html)"
93.158.152.9 - - [31/Jan/2017:22:48:19 +0100] "GET /robots.txt HTTP/1.1" 404 5751 "-" "Mozilla/5.0 (compatible; YandexBot/3.0; +http://yandex.com/bots)"
93.158.152.9 - - [31/Jan/2017:22:48:23 +0100] "GET /ytube HTTP/1.1" 404 5750 "-" "Mozilla/5.0 (compatible; YandexBot/3.0; +http://yandex.com/bots)"
86.137.177.43 - - [31/Jan/2017:23:45:13 +0100] "GET / HTTP/1.1" 200 2944 "-" "Mozilla/5.0 (Macintosh; Intel Mac OS X 10_12_3) AppleWebKit/537.36 (KHTML, like Gecko) Chrome/56.0.2924.76 Safari/537.36"
86.137.177.43 - - [31/Jan/2017:23:45:13 +0100] "GET /heart/js/TwoLink.js HTTP/1.1" 200 1165 "http://www.twolink.co.uk/" "Mozilla/5.0 (Macintosh; Intel Mac OS X 10_12_3) AppleWebKit/537.36 (KHTML, like Gecko) Chrome/56.0.2924.76 Safari/537.36"
86.137.177.43 - - [31/Jan/2017:23:45:13 +0100] "GET /heart/css/main-1.dark HTTP/1.1" 304 181 "http://www.twolink.co.uk/" "Mozilla/5.0 (Macintosh; Intel Mac OS X 10_12_3) AppleWebKit/537.36 (KHTML, like Gecko) Chrome/56.0.2924.76 Safari/537.36"
86.137.177.43 - - [31/Jan/2017:23:45:14 +0100] "GET /heart/favicon.ico HTTP/1.1" 404 5692 "http://www.twolink.co.uk/" "Mozilla/5.0 (Macintosh; Intel Mac OS X 10_12_3) AppleWebKit/537.36 (KHTML, like Gecko) Chrome/56.0.2924.76 Safari/537.36"
86.137.177.43 - - [31/Jan/2017:23:45:15 +0100] "GET /heart/favicon-16x16.png HTTP/1.1" 404 5692 "http://www.twolink.co.uk/" "Mozilla/5.0 (Macintosh; Intel Mac OS X 10_12_3) AppleWebKit/537.36 (KHTML, like Gecko) Chrome/56.0.2924.76 Safari/537.36"
86.137.177.43 - - [31/Jan/2017:23:45:15 +0100] "GET /heart/android-chrome-192x192.png HTTP/1.1" 404 5692 "http://www.twolink.co.uk/" "Mozilla/5.0 (Macintosh; Intel Mac OS X 10_12_3) AppleWebKit/537.36 (KHTML, like Gecko) Chrome/56.0.2924.76 Safari/537.36"
86.137.177.43 - - [31/Jan/2017:23:45:15 +0100] "GET /heart/favicon-32x32.png HTTP/1.1" 404 5692 "http://www.twolink.co.uk/" "Mozilla/5.0 (Macintosh; Intel Mac OS X 10_12_3) AppleWebKit/537.36 (KHTML, like Gecko) Chrome/56.0.2924.76 Safari/537.36"
145.90.95.243 - - [31/Jan/2017:23:45:23 +0100] "GET / HTTP/1.1" 200 2944 "-" "Mozilla/5.0 (Windows NT 10.0; Win64; x64) AppleWebKit/537.36 (KHTML, like Gecko) Chrome/55.0.2883.87 Safari/537.36"
145.90.95.243 - - [31/Jan/2017:23:45:24 +0100] "GET /heart/css/main-1.dark HTTP/1.1" 200 8220 "http://twolink.co.uk/" "Mozilla/5.0 (Windows NT 10.0; Win64; x64) AppleWebKit/537.36 (KHTML, like Gecko) Chrome/55.0.2883.87 Safari/537.36"
86.137.177.43 - - [31/Jan/2017:23:47:40 +0100] "GET / HTTP/1.1" 200 2944 "-" "Mozilla/5.0 (Macintosh; Intel Mac OS X 10_12_3) AppleWebKit/537.36 (KHTML, like Gecko) Chrome/56.0.2924.76 Safari/537.36"
86.137.177.43 - - [31/Jan/2017:23:47:42 +0100] "GET /aaa HTTP/1.1" 404 5693 "-" "Mozilla/5.0 (Macintosh; Intel Mac OS X 10_12_3) AppleWebKit/537.36 (KHTML, like Gecko) Chrome/56.0.2924.76 Safari/537.36"
86.137.177.43 - - [31/Jan/2017:23:47:43 +0100] "GET /heart/js/TwoLink.js HTTP/1.1" 200 1165 "http://twolink.co.uk/aaa" "Mozilla/5.0 (Macintosh; Intel Mac OS X 10_12_3) AppleWebKit/537.36 (KHTML, like Gecko) Chrome/56.0.2924.76 Safari/537.36"
