93.158.152.9 - - [24/Jan/2017:07:49:50 +0100] "GET /robots.txt HTTP/1.1" 404 5751 "-" "Mozilla/5.0 (compatible; YandexBot/3.0; +http://yandex.com/bots)"
93.158.152.9 - - [24/Jan/2017:07:49:54 +0100] "GET / HTTP/1.1" 200 2998 "-" "Mozilla/5.0 (compatible; YandexBot/3.0; +http://yandex.com/bots)"
180.76.15.154 - - [24/Jan/2017:10:51:22 +0100] "GET /heart/js/TwoLink.js HTTP/1.1" 200 1159 "-" "Mozilla/5.0 (compatible; Baiduspider/2.0; +http://www.baidu.com/search/spider.html)"
66.249.93.18 - - [24/Jan/2017:11:43:02 +0100] "GET / HTTP/1.1" 200 2999 "-" "Mozilla/5.0 (X11; Linux x86_64) AppleWebKit/537.36 (KHTML, like Gecko) Chrome/49.0.2623.75 Safari/537.36 Google Favicon"
66.249.93.17 - - [24/Jan/2017:11:43:02 +0100] "GET /heart/favicon-32x32.png HTTP/1.1" 404 5751 "-" "Mozilla/5.0 (X11; Linux x86_64) AppleWebKit/537.36 (KHTML, like Gecko) Chrome/49.0.2623.75 Safari/537.36 Google Favicon"
157.55.39.63 - - [24/Jan/2017:13:44:23 +0100] "GET / HTTP/1.1" 200 2999 "-" "Mozilla/5.0 (compatible; bingbot/2.0; +http://www.bing.com/bingbot.htm)"
180.76.15.15 - - [24/Jan/2017:15:12:20 +0100] "GET / HTTP/1.1" 200 2962 "-" "Mozilla/5.0 (compatible; Baiduspider/2.0; +http://www.baidu.com/search/spider.html)"
180.76.15.22 - - [24/Jan/2017:17:35:11 +0100] "GET /heart/css/home/main-1.dark HTTP/1.1" 404 5714 "-" "Mozilla/5.0 (compatible; Baiduspider/2.0; +http://www.baidu.com/search/spider.html)"
92.8.107.240 - - [24/Jan/2017:18:27:49 +0100] "GET / HTTP/1.1" 200 2999 "-" "Mozilla/5.0 (Windows NT 10.0; WOW64; rv:50.0) Gecko/20100101 Firefox/50.0"
92.8.107.240 - - [24/Jan/2017:18:28:01 +0100] "GET /heart/js/TwoLink.js HTTP/1.1" 200 980 "http://twolink.co.uk/" "Mozilla/5.0 (Windows NT 10.0; WOW64; rv:50.0) Gecko/20100101 Firefox/50.0"
92.8.107.240 - - [24/Jan/2017:18:28:06 +0100] "GET /heart/favicon.ico HTTP/1.1" 404 5692 "-" "Mozilla/5.0 (Windows NT 10.0; WOW64; rv:50.0) Gecko/20100101 Firefox/50.0"
92.8.107.240 - - [24/Jan/2017:18:28:30 +0100] "GET /heart/css/main-1.css HTTP/1.1" 200 2097 "http://twolink.co.uk/" "Mozilla/5.0 (Windows NT 10.0; WOW64; rv:50.0) Gecko/20100101 Firefox/50.0"
92.8.107.240 - - [24/Jan/2017:18:52:12 +0100] "GET / HTTP/1.1" 200 2999 "-" "Mozilla/5.0 (Windows NT 10.0; WOW64; rv:50.0) Gecko/20100101 Firefox/50.0"
92.8.107.240 - - [24/Jan/2017:18:52:13 +0100] "GET /heart/js/TwoLink.js HTTP/1.1" 200 979 "http://twolink.co.uk/" "Mozilla/5.0 (Windows NT 10.0; WOW64; rv:50.0) Gecko/20100101 Firefox/50.0"
92.8.107.240 - - [24/Jan/2017:18:52:13 +0100] "GET /heart/favicon.ico HTTP/1.1" 404 5692 "-" "Mozilla/5.0 (Windows NT 10.0; WOW64; rv:50.0) Gecko/20100101 Firefox/50.0"
80.40.134.104 - - [24/Jan/2017:18:52:43 +0100] "GET /robots.txt HTTP/1.0" 404 5714 "http://twolink.co.uk/robots.txt" "Mozilla/4.0 (compatible; MSIE 8.0; Windows NT 5.1; Trident/4.0; .NET CLR 2.0.50727; .NET CLR 3.0.04506.648; .NET CLR 3.5.21022; .NET CLR 3.0.4506.2152; .NET CLR 3.5.30729; InfoPath.2)"
80.40.134.104 - - [24/Jan/2017:18:52:43 +0100] "GET / HTTP/1.0" 200 7916 "http://twolink.co.uk/" "Mozilla/4.0 (compatible; MSIE 8.0; Windows NT 5.1; Trident/4.0; .NET CLR 2.0.50727; .NET CLR 3.0.04506.648; .NET CLR 3.5.21022; .NET CLR 3.0.4506.2152; .NET CLR 3.5.30729; InfoPath.2)"
80.40.134.104 - - [24/Jan/2017:18:52:43 +0100] "GET /heart/js/TwoLink.js HTTP/1.0" 200 1958 "http://twolink.co.uk/heart/js/TwoLink.js" "Mozilla/4.0 (compatible; MSIE 8.0; Windows NT 5.1; Trident/4.0; .NET CLR 2.0.50727; .NET CLR 3.0.04506.648; .NET CLR 3.5.21022; .NET CLR 3.0.4506.2152; .NET CLR 3.5.30729; InfoPath.2)"
180.76.15.18 - - [24/Jan/2017:19:17:23 +0100] "GET /heart/safari-pinned-tab.svg HTTP/1.1" 404 5714 "-" "Mozilla/5.0 (compatible; Baiduspider/2.0; +http://www.baidu.com/search/spider.html)"
86.137.179.24 - - [24/Jan/2017:20:04:12 +0100] "GET / HTTP/1.1" 200 2941 "-" "Mozilla/5.0 (Macintosh; Intel Mac OS X 10_12_2) AppleWebKit/537.36 (KHTML, like Gecko) Chrome/55.0.2883.95 Safari/537.36"
86.137.179.24 - - [24/Jan/2017:20:04:12 +0100] "GET /heart/js/TwoLink.js HTTP/1.1" 200 979 "http://www.twolink.co.uk/" "Mozilla/5.0 (Macintosh; Intel Mac OS X 10_12_2) AppleWebKit/537.36 (KHTML, like Gecko) Chrome/55.0.2883.95 Safari/537.36"
86.137.179.24 - - [24/Jan/2017:20:04:12 +0100] "GET /heart/css/main-1.css HTTP/1.1" 200 2096 "http://www.twolink.co.uk/" "Mozilla/5.0 (Macintosh; Intel Mac OS X 10_12_2) AppleWebKit/537.36 (KHTML, like Gecko) Chrome/55.0.2883.95 Safari/537.36"
86.137.179.24 - - [24/Jan/2017:20:04:13 +0100] "GET /heart/favicon.ico HTTP/1.1" 404 5692 "http://www.twolink.co.uk/" "Mozilla/5.0 (Macintosh; Intel Mac OS X 10_12_2) AppleWebKit/537.36 (KHTML, like Gecko) Chrome/55.0.2883.95 Safari/537.36"
86.137.179.24 - - [24/Jan/2017:20:04:13 +0100] "GET /heart/favicon-16x16.png HTTP/1.1" 404 5692 "http://www.twolink.co.uk/" "Mozilla/5.0 (Macintosh; Intel Mac OS X 10_12_2) AppleWebKit/537.36 (KHTML, like Gecko) Chrome/55.0.2883.95 Safari/537.36"
86.137.179.24 - - [24/Jan/2017:20:04:14 +0100] "GET /heart/android-chrome-192x192.png HTTP/1.1" 404 5692 "http://www.twolink.co.uk/" "Mozilla/5.0 (Macintosh; Intel Mac OS X 10_12_2) AppleWebKit/537.36 (KHTML, like Gecko) Chrome/55.0.2883.95 Safari/537.36"
86.137.179.24 - - [24/Jan/2017:20:04:14 +0100] "GET /heart/favicon-32x32.png HTTP/1.1" 404 5692 "http://www.twolink.co.uk/" "Mozilla/5.0 (Macintosh; Intel Mac OS X 10_12_2) AppleWebKit/537.36 (KHTML, like Gecko) Chrome/55.0.2883.95 Safari/537.36"
66.102.9.143 - - [24/Jan/2017:20:06:06 +0100] "GET / HTTP/1.1" 200 2999 "-" "Mozilla/5.0 (X11; Linux x86_64) AppleWebKit/537.36 (KHTML, like Gecko) Chrome/49.0.2623.75 Safari/537.36 Google Favicon"
66.102.9.141 - - [24/Jan/2017:20:06:06 +0100] "GET /heart/favicon-32x32.png HTTP/1.1" 404 5751 "-" "Mozilla/5.0 (X11; Linux x86_64) AppleWebKit/537.36 (KHTML, like Gecko) Chrome/49.0.2623.75 Safari/537.36 Google Favicon"
86.137.179.24 - - [24/Jan/2017:20:06:26 +0100] "GET / HTTP/1.1" 200 2941 "-" "Mozilla/5.0 (Macintosh; Intel Mac OS X 10_12_2) AppleWebKit/537.36 (KHTML, like Gecko) Chrome/55.0.2883.95 Safari/537.36"
86.137.179.24 - - [24/Jan/2017:20:07:04 +0100] "GET / HTTP/1.1" 200 2941 "-" "Mozilla/5.0 (Macintosh; Intel Mac OS X 10_12_2) AppleWebKit/537.36 (KHTML, like Gecko) Chrome/55.0.2883.95 Safari/537.36"
86.137.179.24 - - [24/Jan/2017:20:07:04 +0100] "GET /favicon.ico HTTP/1.1" 404 5692 "-" "Mozilla/5.0 (Macintosh; Intel Mac OS X 10_12_2) AppleWebKit/537.36 (KHTML, like Gecko) Chrome/55.0.2883.95 Safari/537.36"
86.137.179.24 - - [24/Jan/2017:20:07:16 +0100] "GET / HTTP/1.1" 200 2941 "-" "Mozilla/5.0 (Macintosh; Intel Mac OS X 10_12_2) AppleWebKit/537.36 (KHTML, like Gecko) Chrome/55.0.2883.95 Safari/537.36"
86.137.179.24 - - [24/Jan/2017:20:50:36 +0100] "GET / HTTP/1.1" 200 2941 "-" "Mozilla/5.0 (Macintosh; Intel Mac OS X 10_12_2) AppleWebKit/537.36 (KHTML, like Gecko) Chrome/55.0.2883.95 Safari/537.36"
86.137.179.24 - - [24/Jan/2017:20:50:37 +0100] "GET /heart/js/TwoLink.js HTTP/1.1" 200 979 "http://www.twolink.co.uk/" "Mozilla/5.0 (Macintosh; Intel Mac OS X 10_12_2) AppleWebKit/537.36 (KHTML, like Gecko) Chrome/55.0.2883.95 Safari/537.36"
66.249.93.19 - - [24/Jan/2017:22:14:56 +0100] "GET /heart/favicon-32x32.png HTTP/1.1" 404 5751 "-" "Mozilla/5.0 (X11; Linux x86_64) AppleWebKit/537.36 (KHTML, like Gecko) Chrome/49.0.2623.75 Safari/537.36 Google Favicon"
86.137.179.24 - - [24/Jan/2017:23:27:51 +0100] "GET / HTTP/1.1" 200 2941 "-" "Mozilla/5.0 (Macintosh; Intel Mac OS X 10_12_3) AppleWebKit/537.36 (KHTML, like Gecko) Chrome/55.0.2883.95 Safari/537.36"
86.137.179.24 - - [24/Jan/2017:23:27:51 +0100] "GET /heart/js/TwoLink.js HTTP/1.1" 200 979 "http://www.twolink.co.uk/" "Mozilla/5.0 (Macintosh; Intel Mac OS X 10_12_3) AppleWebKit/537.36 (KHTML, like Gecko) Chrome/55.0.2883.95 Safari/537.36"
86.137.179.24 - - [24/Jan/2017:23:27:53 +0100] "GET /heart/favicon.ico HTTP/1.1" 404 5692 "http://www.twolink.co.uk/" "Mozilla/5.0 (Macintosh; Intel Mac OS X 10_12_3) AppleWebKit/537.36 (KHTML, like Gecko) Chrome/55.0.2883.95 Safari/537.36"
86.137.179.24 - - [24/Jan/2017:23:27:53 +0100] "GET /heart/favicon-16x16.png HTTP/1.1" 404 5692 "http://www.twolink.co.uk/" "Mozilla/5.0 (Macintosh; Intel Mac OS X 10_12_3) AppleWebKit/537.36 (KHTML, like Gecko) Chrome/55.0.2883.95 Safari/537.36"
86.137.179.24 - - [24/Jan/2017:23:27:53 +0100] "GET /heart/android-chrome-192x192.png HTTP/1.1" 404 5692 "http://www.twolink.co.uk/" "Mozilla/5.0 (Macintosh; Intel Mac OS X 10_12_3) AppleWebKit/537.36 (KHTML, like Gecko) Chrome/55.0.2883.95 Safari/537.36"
86.137.179.24 - - [24/Jan/2017:23:27:53 +0100] "GET /heart/favicon-32x32.png HTTP/1.1" 404 5692 "http://www.twolink.co.uk/" "Mozilla/5.0 (Macintosh; Intel Mac OS X 10_12_3) AppleWebKit/537.36 (KHTML, like Gecko) Chrome/55.0.2883.95 Safari/537.36"
86.137.179.24 - - [24/Jan/2017:23:28:07 +0100] "GET / HTTP/1.1" 200 2941 "-" "Mozilla/5.0 (Macintosh; Intel Mac OS X 10_12_3) AppleWebKit/537.36 (KHTML, like Gecko) Chrome/55.0.2883.95 Safari/537.36"
145.90.95.243 - - [24/Jan/2017:23:28:34 +0100] "GET / HTTP/1.1" 200 2941 "-" "Mozilla/5.0 (Windows NT 10.0; Win64; x64) AppleWebKit/537.36 (KHTML, like Gecko) Chrome/55.0.2883.87 Safari/537.36"
145.90.95.243 - - [24/Jan/2017:23:28:34 +0100] "GET /heart/js/TwoLink.js HTTP/1.1" 200 979 "http://twolink.co.uk/" "Mozilla/5.0 (Windows NT 10.0; Win64; x64) AppleWebKit/537.36 (KHTML, like Gecko) Chrome/55.0.2883.87 Safari/537.36"
145.90.95.243 - - [24/Jan/2017:23:28:34 +0100] "GET /heart/css/main-1.css HTTP/1.1" 200 2096 "http://twolink.co.uk/" "Mozilla/5.0 (Windows NT 10.0; Win64; x64) AppleWebKit/537.36 (KHTML, like Gecko) Chrome/55.0.2883.87 Safari/537.36"
145.90.95.243 - - [24/Jan/2017:23:28:34 +0100] "GET /heart/favicon.ico HTTP/1.1" 404 5692 "http://twolink.co.uk/" "Mozilla/5.0 (Windows NT 10.0; Win64; x64) AppleWebKit/537.36 (KHTML, like Gecko) Chrome/55.0.2883.87 Safari/537.36"
145.90.95.243 - - [24/Jan/2017:23:28:34 +0100] "GET /heart/favicon-16x16.png HTTP/1.1" 404 5692 "http://twolink.co.uk/" "Mozilla/5.0 (Windows NT 10.0; Win64; x64) AppleWebKit/537.36 (KHTML, like Gecko) Chrome/55.0.2883.87 Safari/537.36"
145.90.95.243 - - [24/Jan/2017:23:28:34 +0100] "GET /heart/android-chrome-192x192.png HTTP/1.1" 404 5692 "http://twolink.co.uk/" "Mozilla/5.0 (Windows NT 10.0; Win64; x64) AppleWebKit/537.36 (KHTML, like Gecko) Chrome/55.0.2883.87 Safari/537.36"
145.90.95.243 - - [24/Jan/2017:23:28:34 +0100] "GET /heart/favicon-32x32.png HTTP/1.1" 404 5692 "http://twolink.co.uk/" "Mozilla/5.0 (Windows NT 10.0; Win64; x64) AppleWebKit/537.36 (KHTML, like Gecko) Chrome/55.0.2883.87 Safari/537.36"
145.90.95.243 - - [24/Jan/2017:23:33:15 +0100] "GET / HTTP/1.1" 200 2941 "-" "Mozilla/5.0 (Windows NT 10.0; Win64; x64) AppleWebKit/537.36 (KHTML, like Gecko) Chrome/55.0.2883.87 Safari/537.36"
145.90.95.243 - - [24/Jan/2017:23:33:23 +0100] "GET / HTTP/1.1" 200 2941 "-" "Mozilla/5.0 (Windows NT 10.0; Win64; x64) AppleWebKit/537.36 (KHTML, like Gecko) Chrome/55.0.2883.87 Safari/537.36"
145.90.95.243 - - [24/Jan/2017:23:33:23 +0100] "GET /heart/js/TwoLink.js HTTP/1.1" 200 1165 "http://twolink.co.uk/" "Mozilla/5.0 (Windows NT 10.0; Win64; x64) AppleWebKit/537.36 (KHTML, like Gecko) Chrome/55.0.2883.87 Safari/537.36"
145.90.95.243 - - [24/Jan/2017:23:33:24 +0100] "GET /heart/css/main-1.dark HTTP/1.1" 200 8220 "http://twolink.co.uk/" "Mozilla/5.0 (Windows NT 10.0; Win64; x64) AppleWebKit/537.36 (KHTML, like Gecko) Chrome/55.0.2883.87 Safari/537.36"
145.90.95.243 - - [24/Jan/2017:23:33:29 +0100] "GET /heart/js/TwoLink.js HTTP/1.1" 200 1166 "http://twolink.co.uk/" "Mozilla/5.0 (Windows NT 10.0; Win64; x64) AppleWebKit/537.36 (KHTML, like Gecko) Chrome/55.0.2883.87 Safari/537.36"
145.90.95.243 - - [24/Jan/2017:23:33:56 +0100] "GET / HTTP/1.1" 200 2941 "-" "Mozilla/5.0 (Windows NT 10.0; Win64; x64) AppleWebKit/537.36 (KHTML, like Gecko) Chrome/55.0.2883.87 Safari/537.36"
145.90.95.243 - - [24/Jan/2017:23:33:56 +0100] "GET /heart/js/TwoLink.js HTTP/1.1" 200 1165 "http://twolink.co.uk/" "Mozilla/5.0 (Windows NT 10.0; Win64; x64) AppleWebKit/537.36 (KHTML, like Gecko) Chrome/55.0.2883.87 Safari/537.36"
157.55.39.63 - - [25/Jan/2017:01:02:59 +0100] "GET / HTTP/1.1" 200 2999 "-" "Mozilla/5.0 (compatible; bingbot/2.0; +http://www.bing.com/bingbot.htm)"
180.76.15.8 - - [25/Jan/2017:02:03:11 +0100] "GET /heart/favicons/manifest.json HTTP/1.1" 200 1250 "-" "Mozilla/5.0 (compatible; Baiduspider/2.0; +http://www.baidu.com/search/spider.html)"
180.76.15.23 - - [25/Jan/2017:03:25:21 +0100] "GET /privacy/ HTTP/1.1" 200 2729 "-" "Mozilla/5.0 (compatible; Baiduspider/2.0; +http://www.baidu.com/search/spider.html)"
180.76.15.134 - - [25/Jan/2017:04:50:31 +0100] "GET / HTTP/1.1" 200 2962 "-" "Mozilla/5.0 (compatible; Baiduspider/2.0; +http://www.baidu.com/search/spider.html)"
113.109.31.223 - - [25/Jan/2017:08:53:44 +0100] "GET / HTTP/1.1" 200 7953 "-" "Mozilla/4.0 (compatible; MSIE8.0; Windows NT 6.0) .NET CLR 2.0.50727)"
66.249.93.17 - - [25/Jan/2017:08:57:04 +0100] "GET / HTTP/1.1" 200 2999 "-" "Mozilla/5.0 (X11; Linux x86_64) AppleWebKit/537.36 (KHTML, like Gecko) Chrome/49.0.2623.75 Safari/537.36 Google Favicon"
66.249.93.17 - - [25/Jan/2017:08:57:04 +0100] "GET /heart/favicon-32x32.png HTTP/1.1" 404 5750 "-" "Mozilla/5.0 (X11; Linux x86_64) AppleWebKit/537.36 (KHTML, like Gecko) Chrome/49.0.2623.75 Safari/537.36 Google Favicon"
95.220.199.145 - - [25/Jan/2017:12:38:33 +0100] "GET /auth/login-with.php?provider=Google HTTP/1.1" 302 416 "http://yandex.ru/clck/jsredir?from=yandex.ru%3Bsearch%3Bweb%3B%3B&text=&etext=1312.pTpvavICjGdC1eUh7ehuc2fS5fRbO5_sjIWCm8mRrkW-GBNdhHLIM-1dIdGv7oOZ.6ce3366ab9c2294b484eb25acf7407eadf74aedf&uuid=&state=_BLhILn4SxNIvvL0W45KSic66uCIg23qh8iRG98qeIXmeppkgUc0YLeQVNu7TCjFWhspMNrg36Y&data=UlNrNmk5WktYejR0eWJFYk1Ldmtxc2FRQ1V2VEFPQkZ5SkwtNEZHQmdvSG83N25FQV9EMXctWTEzZ0YyalRPenE5RWVfMS1sbXFsYjlvMFJOV2ZDQ3RZNzRyd2E5OUszYjZNVXIxOGZZbGhILV9oSVR4R29FdFprWHVISjRoZVFXQWhRN3ZQMUhBVms0MkJ0LWx5Qldn&b64e=2&sign=45f88f60e8058d75589c926410e9ecf4&keyno=0&cst=AiuY0DBWFJ7IXge4WdYJQe3IrxbPWIv4X4aREuhx4pmh5AjChG0qHWS4h8WB7uUhcS0C8UZbAFkW7OuXuPfciC3AQgFXvAb7wuDdggK8X3WIwj5gQk7OOcrbKKaZTAnnxQfK9Kj1PQqqmjThOeWryw&ref=orjY4mGPRjk5boDnW0uvlrrd71vZw9kp5uQozpMtKCVz9TJ3Mp6DkVr6yPA1J909A3Q6a9wqaC3FcO3-XCn_3CZcqf4Aa1coPSr9u_sS-gRWL9cTBZfyCw&l10n=ru&cts=1485343883348&mc=5.13536800322" "Mozilla/5.0 (Windows NT 6.1; WOW64) AppleWebKit/537.36 (KHTML, like Gecko) Chrome/31.0.1650.63 Safari/537.36"
95.220.199.145 - - [25/Jan/2017:12:38:33 +0100] "GET /auth/?hauth.start=Google&hauth.time=1485344313 HTTP/1.1" 302 697 "http://yandex.ru/clck/jsredir?from=yandex.ru%3Bsearch%3Bweb%3B%3B&text=&etext=1312.pTpvavICjGdC1eUh7ehuc2fS5fRbO5_sjIWCm8mRrkW-GBNdhHLIM-1dIdGv7oOZ.6ce3366ab9c2294b484eb25acf7407eadf74aedf&uuid=&state=_BLhILn4SxNIvvL0W45KSic66uCIg23qh8iRG98qeIXmeppkgUc0YLeQVNu7TCjFWhspMNrg36Y&data=UlNrNmk5WktYejR0eWJFYk1Ldmtxc2FRQ1V2VEFPQkZ5SkwtNEZHQmdvSG83N25FQV9EMXctWTEzZ0YyalRPenE5RWVfMS1sbXFsYjlvMFJOV2ZDQ3RZNzRyd2E5OUszYjZNVXIxOGZZbGhILV9oSVR4R29FdFprWHVISjRoZVFXQWhRN3ZQMUhBVms0MkJ0LWx5Qldn&b64e=2&sign=45f88f60e8058d75589c926410e9ecf4&keyno=0&cst=AiuY0DBWFJ7IXge4WdYJQe3IrxbPWIv4X4aREuhx4pmh5AjChG0qHWS4h8WB7uUhcS0C8UZbAFkW7OuXuPfciC3AQgFXvAb7wuDdggK8X3WIwj5gQk7OOcrbKKaZTAnnxQfK9Kj1PQqqmjThOeWryw&ref=orjY4mGPRjk5boDnW0uvlrrd71vZw9kp5uQozpMtKCVz9TJ3Mp6DkVr6yPA1J909A3Q6a9wqaC3FcO3-XCn_3CZcqf4Aa1coPSr9u_sS-gRWL9cTBZfyCw&l10n=ru&cts=1485343883348&mc=5.13536800322" "Mozilla/5.0 (Windows NT 6.1; WOW64) AppleWebKit/537.36 (KHTML, like Gecko) Chrome/31.0.1650.63 Safari/537.36"
157.55.39.63 - - [25/Jan/2017:13:34:49 +0100] "GET / HTTP/1.1" 200 2999 "-" "Mozilla/5.0 (compatible; bingbot/2.0; +http://www.bing.com/bingbot.htm)"
180.76.15.21 - - [25/Jan/2017:15:51:27 +0100] "GET /terms/ HTTP/1.1" 200 3599 "-" "Mozilla/5.0 (compatible; Baiduspider/2.0; +http://www.baidu.com/search/spider.html)"
92.29.56.106 - - [25/Jan/2017:19:10:07 +0100] "GET / HTTP/1.1" 200 2999 "-" "Mozilla/5.0 (Windows NT 10.0; WOW64; rv:50.0) Gecko/20100101 Firefox/50.0"
92.29.56.106 - - [25/Jan/2017:19:10:07 +0100] "GET /heart/js/TwoLink.js HTTP/1.1" 200 1165 "http://twolink.co.uk/" "Mozilla/5.0 (Windows NT 10.0; WOW64; rv:50.0) Gecko/20100101 Firefox/50.0"
92.29.56.106 - - [25/Jan/2017:19:10:07 +0100] "GET /heart/favicon.ico HTTP/1.1" 404 5692 "-" "Mozilla/5.0 (Windows NT 10.0; WOW64; rv:50.0) Gecko/20100101 Firefox/50.0"
92.29.56.106 - - [25/Jan/2017:19:51:42 +0100] "GET / HTTP/1.1" 200 2999 "-" "Mozilla/5.0 (Windows NT 10.0; WOW64; rv:50.0) Gecko/20100101 Firefox/50.0"
92.29.56.106 - - [25/Jan/2017:19:51:42 +0100] "GET /heart/favicon.ico HTTP/1.1" 404 5692 "-" "Mozilla/5.0 (Windows NT 10.0; WOW64; rv:50.0) Gecko/20100101 Firefox/50.0"
80.40.134.103 - - [25/Jan/2017:19:52:13 +0100] "GET /robots.txt HTTP/1.0" 404 5714 "http://twolink.co.uk/robots.txt" "Mozilla/4.0 (compatible; MSIE 8.0; Windows NT 5.1; Trident/4.0; .NET CLR 2.0.50727; .NET CLR 3.0.04506.648; .NET CLR 3.5.21022; .NET CLR 3.0.4506.2152; .NET CLR 3.5.30729; InfoPath.2)"
80.40.134.103 - - [25/Jan/2017:19:52:13 +0100] "GET / HTTP/1.0" 200 7916 "http://twolink.co.uk/" "Mozilla/4.0 (compatible; MSIE 8.0; Windows NT 5.1; Trident/4.0; .NET CLR 2.0.50727; .NET CLR 3.0.04506.648; .NET CLR 3.5.21022; .NET CLR 3.0.4506.2152; .NET CLR 3.5.30729; InfoPath.2)"
92.29.56.106 - - [25/Jan/2017:20:55:20 +0100] "GET / HTTP/1.1" 200 2999 "-" "Mozilla/5.0 (Windows NT 10.0; WOW64; rv:50.0) Gecko/20100101 Firefox/50.0"
92.29.56.106 - - [25/Jan/2017:20:55:21 +0100] "GET /heart/favicon.ico HTTP/1.1" 404 5692 "-" "Mozilla/5.0 (Windows NT 10.0; WOW64; rv:50.0) Gecko/20100101 Firefox/50.0"
92.29.56.106 - - [25/Jan/2017:20:55:21 +0100] "GET /heart/css/main-1.dark HTTP/1.1" 200 8220 "http://twolink.co.uk/" "Mozilla/5.0 (Windows NT 10.0; WOW64; rv:50.0) Gecko/20100101 Firefox/50.0"
86.137.179.24 - - [25/Jan/2017:21:40:32 +0100] "GET / HTTP/1.1" 200 2941 "-" "Mozilla/5.0 (Macintosh; Intel Mac OS X 10_12_3) AppleWebKit/537.36 (KHTML, like Gecko) Chrome/55.0.2883.95 Safari/537.36"
86.137.179.24 - - [25/Jan/2017:21:40:32 +0100] "GET /heart/js/TwoLink.js HTTP/1.1" 200 1165 "http://www.twolink.co.uk/" "Mozilla/5.0 (Macintosh; Intel Mac OS X 10_12_3) AppleWebKit/537.36 (KHTML, like Gecko) Chrome/55.0.2883.95 Safari/537.36"
86.137.179.24 - - [25/Jan/2017:21:40:33 +0100] "GET /heart/css/main-1.dark HTTP/1.1" 304 181 "http://www.twolink.co.uk/" "Mozilla/5.0 (Macintosh; Intel Mac OS X 10_12_3) AppleWebKit/537.36 (KHTML, like Gecko) Chrome/55.0.2883.95 Safari/537.36"
86.137.179.24 - - [25/Jan/2017:21:40:34 +0100] "GET /heart/favicon.ico HTTP/1.1" 404 5692 "http://www.twolink.co.uk/" "Mozilla/5.0 (Macintosh; Intel Mac OS X 10_12_3) AppleWebKit/537.36 (KHTML, like Gecko) Chrome/55.0.2883.95 Safari/537.36"
86.137.179.24 - - [25/Jan/2017:21:40:34 +0100] "GET /heart/favicon-16x16.png HTTP/1.1" 404 5692 "http://www.twolink.co.uk/" "Mozilla/5.0 (Macintosh; Intel Mac OS X 10_12_3) AppleWebKit/537.36 (KHTML, like Gecko) Chrome/55.0.2883.95 Safari/537.36"
86.137.179.24 - - [25/Jan/2017:21:40:35 +0100] "GET /heart/android-chrome-192x192.png HTTP/1.1" 404 5692 "http://www.twolink.co.uk/" "Mozilla/5.0 (Macintosh; Intel Mac OS X 10_12_3) AppleWebKit/537.36 (KHTML, like Gecko) Chrome/55.0.2883.95 Safari/537.36"
86.137.179.24 - - [25/Jan/2017:21:40:35 +0100] "GET /heart/favicon-32x32.png HTTP/1.1" 404 5692 "http://www.twolink.co.uk/" "Mozilla/5.0 (Macintosh; Intel Mac OS X 10_12_3) AppleWebKit/537.36 (KHTML, like Gecko) Chrome/55.0.2883.95 Safari/537.36"
86.137.179.24 - - [25/Jan/2017:21:40:37 +0100] "GET /loader HTTP/1.1" 404 5692 "-" "Mozilla/5.0 (Macintosh; Intel Mac OS X 10_12_3) AppleWebKit/537.36 (KHTML, like Gecko) Chrome/55.0.2883.95 Safari/537.36"
86.137.179.24 - - [25/Jan/2017:21:40:38 +0100] "GET /heart/img/errors/robit.png HTTP/1.1" 200 28667 "http://www.twolink.co.uk/loader" "Mozilla/5.0 (Macintosh; Intel Mac OS X 10_12_3) AppleWebKit/537.36 (KHTML, like Gecko) Chrome/55.0.2883.95 Safari/537.36"
86.137.179.24 - - [25/Jan/2017:21:40:52 +0100] "GET /heart/load.php HTTP/1.1" 200 614 "-" "Mozilla/5.0 (Macintosh; Intel Mac OS X 10_12_3) AppleWebKit/537.36 (KHTML, like Gecko) Chrome/55.0.2883.95 Safari/537.36"
86.137.179.24 - - [25/Jan/2017:21:40:53 +0100] "GET /favicon.ico HTTP/1.1" 404 5692 "http://www.twolink.co.uk/heart/load.php" "Mozilla/5.0 (Macintosh; Intel Mac OS X 10_12_3) AppleWebKit/537.36 (KHTML, like Gecko) Chrome/55.0.2883.95 Safari/537.36"
86.137.179.24 - - [25/Jan/2017:21:40:55 +0100] "GET / HTTP/1.1" 200 2940 "-" "Mozilla/5.0 (Macintosh; Intel Mac OS X 10_12_3) AppleWebKit/537.36 (KHTML, like Gecko) Chrome/55.0.2883.95 Safari/537.36"
104.196.163.157 - - [25/Jan/2017:21:41:04 +0100] "GET / HTTP/1.1" 200 2999 "-" "Mozilla/5.0 (compatible; Discordbot/1.0; +https://discordapp.com)"
82.236.132.86 - - [25/Jan/2017:21:41:33 +0100] "GET / HTTP/1.1" 200 2999 "-" "Mozilla/5.0 (Windows NT 6.3; WOW64) AppleWebKit/537.36 (KHTML, like Gecko) Chrome/42.0.2311.90 Safari/537.36"
82.236.132.86 - - [25/Jan/2017:21:41:33 +0100] "GET /heart/js/TwoLink.js HTTP/1.1" 200 1165 "http://www.twolink.co.uk/" "Mozilla/5.0 (Windows NT 6.3; WOW64) AppleWebKit/537.36 (KHTML, like Gecko) Chrome/42.0.2311.90 Safari/537.36"
82.236.132.86 - - [25/Jan/2017:21:41:33 +0100] "GET /heart/favicon.ico HTTP/1.1" 404 5692 "-" "Mozilla/5.0 (Windows NT 6.3; WOW64) AppleWebKit/537.36 (KHTML, like Gecko) Chrome/42.0.2311.90 Safari/537.36"
82.236.132.86 - - [25/Jan/2017:21:41:33 +0100] "GET /heart/css/main-1.dark HTTP/1.1" 200 8220 "http://www.twolink.co.uk/" "Mozilla/5.0 (Windows NT 6.3; WOW64) AppleWebKit/537.36 (KHTML, like Gecko) Chrome/42.0.2311.90 Safari/537.36"
82.236.132.86 - - [25/Jan/2017:21:41:33 +0100] "GET / HTTP/1.1" 200 2940 "http://www.twolink.co.uk/" "Mozilla/5.0 (Windows NT 6.3; WOW64) AppleWebKit/537.36 (KHTML, like Gecko) Chrome/42.0.2311.90 Safari/537.36"
94.65.233.149 - - [25/Jan/2017:21:42:11 +0100] "GET / HTTP/1.1" 200 2999 "-" "Mozilla/5.0 (Windows NT 10.0; Win64; x64) AppleWebKit/537.36 (KHTML, like Gecko) Chrome/55.0.2883.87 Safari/537.36"
94.65.233.149 - - [25/Jan/2017:21:42:11 +0100] "GET /heart/js/TwoLink.js HTTP/1.1" 200 1165 "http://www.twolink.co.uk/" "Mozilla/5.0 (Windows NT 10.0; Win64; x64) AppleWebKit/537.36 (KHTML, like Gecko) Chrome/55.0.2883.87 Safari/537.36"
94.65.233.149 - - [25/Jan/2017:21:42:12 +0100] "GET /heart/css/main-1.dark HTTP/1.1" 200 8220 "http://www.twolink.co.uk/" "Mozilla/5.0 (Windows NT 10.0; Win64; x64) AppleWebKit/537.36 (KHTML, like Gecko) Chrome/55.0.2883.87 Safari/537.36"
94.65.233.149 - - [25/Jan/2017:21:42:13 +0100] "GET /heart/favicon.ico HTTP/1.1" 404 5692 "http://www.twolink.co.uk/" "Mozilla/5.0 (Windows NT 10.0; Win64; x64) AppleWebKit/537.36 (KHTML, like Gecko) Chrome/55.0.2883.87 Safari/537.36"
94.65.233.149 - - [25/Jan/2017:21:42:13 +0100] "GET /heart/favicon-16x16.png HTTP/1.1" 404 5692 "http://www.twolink.co.uk/" "Mozilla/5.0 (Windows NT 10.0; Win64; x64) AppleWebKit/537.36 (KHTML, like Gecko) Chrome/55.0.2883.87 Safari/537.36"
94.65.233.149 - - [25/Jan/2017:21:42:13 +0100] "GET /heart/android-chrome-192x192.png HTTP/1.1" 404 5692 "http://www.twolink.co.uk/" "Mozilla/5.0 (Windows NT 10.0; Win64; x64) AppleWebKit/537.36 (KHTML, like Gecko) Chrome/55.0.2883.87 Safari/537.36"
94.65.233.149 - - [25/Jan/2017:21:42:13 +0100] "GET /heart/favicon-32x32.png HTTP/1.1" 404 5692 "http://www.twolink.co.uk/" "Mozilla/5.0 (Windows NT 10.0; Win64; x64) AppleWebKit/537.36 (KHTML, like Gecko) Chrome/55.0.2883.87 Safari/537.36"
94.65.233.149 - - [25/Jan/2017:21:43:33 +0100] "GET / HTTP/1.1" 200 2941 "-" "Mozilla/5.0 (Windows NT 10.0; Win64; x64) AppleWebKit/537.36 (KHTML, like Gecko) Chrome/55.0.2883.87 Safari/537.36"
94.65.233.149 - - [25/Jan/2017:21:43:34 +0100] "GET / HTTP/1.1" 200 2940 "-" "Mozilla/5.0 (Windows NT 10.0; Win64; x64) AppleWebKit/537.36 (KHTML, like Gecko) Chrome/55.0.2883.87 Safari/537.36"
94.65.233.149 - - [25/Jan/2017:21:43:36 +0100] "GET / HTTP/1.1" 200 2940 "-" "Mozilla/5.0 (Windows NT 10.0; Win64; x64) AppleWebKit/537.36 (KHTML, like Gecko) Chrome/55.0.2883.87 Safari/537.36"
86.137.179.24 - - [25/Jan/2017:21:44:48 +0100] "GET /js/jquery.min.js HTTP/1.1" 404 5693 "http://www.slem.me/tests/" "Mozilla/5.0 (Macintosh; Intel Mac OS X 10_12_3) AppleWebKit/537.36 (KHTML, like Gecko) Chrome/55.0.2883.95 Safari/537.36"
86.137.179.24 - - [25/Jan/2017:21:44:48 +0100] "GET /js/jquery.min.js HTTP/1.1" 404 5692 "http://www.slem.me/tests/" "Mozilla/5.0 (Macintosh; Intel Mac OS X 10_12_3) AppleWebKit/537.36 (KHTML, like Gecko) Chrome/55.0.2883.95 Safari/537.36"
86.137.179.24 - - [25/Jan/2017:21:44:48 +0100] "GET /img/boop/noboop.png HTTP/1.1" 404 5693 "http://www.slem.me/tests/" "Mozilla/5.0 (Macintosh; Intel Mac OS X 10_12_3) AppleWebKit/537.36 (KHTML, like Gecko) Chrome/55.0.2883.95 Safari/537.36"
86.137.179.24 - - [25/Jan/2017:21:44:49 +0100] "GET /img/boop/boop.png HTTP/1.1" 404 5692 "http://www.slem.me/tests/" "Mozilla/5.0 (Macintosh; Intel Mac OS X 10_12_3) AppleWebKit/537.36 (KHTML, like Gecko) Chrome/55.0.2883.95 Safari/537.36"
86.137.179.24 - - [25/Jan/2017:21:44:49 +0100] "GET /img/logos/Linker.svg HTTP/1.1" 404 5693 "http://www.slem.me/tests/" "Mozilla/5.0 (Macintosh; Intel Mac OS X 10_12_3) AppleWebKit/537.36 (KHTML, like Gecko) Chrome/55.0.2883.95 Safari/537.36"
82.236.132.86 - - [25/Jan/2017:22:35:45 +0100] "GET /heart/favicon.ico HTTP/1.1" 404 5751 "-" "Mozilla/5.0 (Windows NT 6.1; Win64; x64; rv:50.0) Gecko/20100101 Firefox/50.0"
82.236.132.86 - - [25/Jan/2017:22:35:48 +0100] "GET /heart/favicon.ico HTTP/1.1" 404 5750 "-" "Mozilla/5.0 (Windows NT 6.1; Win64; x64; rv:50.0) Gecko/20100101 Firefox/50.0"
82.236.132.86 - - [25/Jan/2017:22:35:48 +0100] "OPTIONS / HTTP/1.1" 200 2999 "-" "Mozilla/5.0 (Windows NT 6.1; Win64; x64; rv:50.0) Gecko/20100101 Firefox/50.0"
82.236.132.86 - - [25/Jan/2017:22:46:03 +0100] "GET / HTTP/1.1" 200 2941 "-" "Mozilla/5.0 (Macintosh; Intel Mac OS X 10_10_3) AppleWebKit/537.36 (KHTML, like Gecko) Chrome/42.0.2311.90 Safari/537.36"
82.236.132.86 - - [25/Jan/2017:22:46:03 +0100] "GET /heart/js/TwoLink.js HTTP/1.1" 200 1165 "http://www.twolink.co.uk/" "Mozilla/5.0 (Macintosh; Intel Mac OS X 10_10_3) AppleWebKit/537.36 (KHTML, like Gecko) Chrome/42.0.2311.90 Safari/537.36"
82.236.132.86 - - [25/Jan/2017:22:46:03 +0100] "GET /heart/favicon-16x16.png HTTP/1.1" 404 5692 "-" "Mozilla/5.0 (Macintosh; Intel Mac OS X 10_10_3) AppleWebKit/537.36 (KHTML, like Gecko) Chrome/42.0.2311.90 Safari/537.36"
82.236.132.86 - - [25/Jan/2017:22:46:04 +0100] "GET /heart/css/main-1.dark HTTP/1.1" 200 8220 "http://www.twolink.co.uk/" "Mozilla/5.0 (Macintosh; Intel Mac OS X 10_10_3) AppleWebKit/537.36 (KHTML, like Gecko) Chrome/42.0.2311.90 Safari/537.36"
82.236.132.86 - - [25/Jan/2017:22:46:04 +0100] "GET / HTTP/1.1" 200 2940 "http://www.twolink.co.uk/" "Mozilla/5.0 (Macintosh; Intel Mac OS X 10_10_3) AppleWebKit/537.36 (KHTML, like Gecko) Chrome/42.0.2311.90 Safari/537.36"
82.236.132.86 - - [25/Jan/2017:22:56:31 +0100] "GET /heart/favicon-16x16.png HTTP/1.1" 404 5751 "-" "Mozilla/5.0 (Windows NT 6.1; Win64; x64; rv:50.0) Gecko/20100101 Firefox/50.0"
82.236.132.86 - - [25/Jan/2017:22:56:33 +0100] "GET /heart/favicon-16x16.png HTTP/1.1" 404 5750 "-" "Mozilla/5.0 (Windows NT 6.1; Win64; x64; rv:50.0) Gecko/20100101 Firefox/50.0"
82.236.132.86 - - [25/Jan/2017:22:56:33 +0100] "OPTIONS / HTTP/1.1" 200 2999 "-" "Mozilla/5.0 (Windows NT 6.1; Win64; x64; rv:50.0) Gecko/20100101 Firefox/50.0"
82.236.132.86 - - [25/Jan/2017:22:58:59 +0100] "GET / HTTP/1.1" 200 2941 "-" "Mozilla/5.0 (Windows NT 6.1; WOW64) AppleWebKit/537.36 (KHTML, like Gecko) Chrome/42.0.2311.135 Safari/537.36"
82.236.132.86 - - [25/Jan/2017:22:58:59 +0100] "GET /heart/favicon.ico HTTP/1.1" 404 5692 "-" "Mozilla/5.0 (Windows NT 6.1; WOW64) AppleWebKit/537.36 (KHTML, like Gecko) Chrome/42.0.2311.135 Safari/537.36"
82.236.132.86 - - [25/Jan/2017:22:58:59 +0100] "GET / HTTP/1.1" 200 2940 "http://www.twolink.co.uk/" "Mozilla/5.0 (Windows NT 6.1; WOW64) AppleWebKit/537.36 (KHTML, like Gecko) Chrome/42.0.2311.135 Safari/537.36"
86.137.179.24 - - [25/Jan/2017:23:35:16 +0100] "GET / HTTP/1.1" 200 2941 "-" "Mozilla/5.0 (Macintosh; Intel Mac OS X 10_12_3) AppleWebKit/537.36 (KHTML, like Gecko) Chrome/55.0.2883.95 Safari/537.36"
180.76.15.149 - - [25/Jan/2017:23:59:27 +0100] "GET /robots.txt HTTP/1.1" 404 5714 "-" "Mozilla/5.0 (Windows NT 5.1; rv:6.0.2) Gecko/20100101 Firefox/6.0.2"
180.76.15.24 - - [26/Jan/2017:00:50:48 +0100] "GET /about/ HTTP/1.1" 200 3305 "-" "Mozilla/5.0 (compatible; Baiduspider/2.0; +http://www.baidu.com/search/spider.html)"
157.55.39.63 - - [26/Jan/2017:00:52:12 +0100] "GET / HTTP/1.1" 200 2999 "-" "Mozilla/5.0 (compatible; bingbot/2.0; +http://www.bing.com/bingbot.htm)"
207.46.13.201 - - [26/Jan/2017:12:13:10 +0100] "GET /robots.txt HTTP/1.1" 404 5751 "-" "Mozilla/5.0 (compatible; bingbot/2.0; +http://www.bing.com/bingbot.htm)"
157.55.39.63 - - [26/Jan/2017:12:13:30 +0100] "GET / HTTP/1.1" 200 2999 "-" "Mozilla/5.0 (compatible; bingbot/2.0; +http://www.bing.com/bingbot.htm)"
180.76.15.20 - - [26/Jan/2017:12:26:56 +0100] "GET /terms/ HTTP/1.1" 200 3599 "-" "Mozilla/5.0 (compatible; Baiduspider/2.0; +http://www.baidu.com/search/spider.html)"
66.249.93.147 - - [26/Jan/2017:13:22:11 +0100] "GET / HTTP/1.1" 200 2999 "-" "Mozilla/5.0 (X11; Linux x86_64) AppleWebKit/537.36 (KHTML, like Gecko) Chrome/49.0.2623.75 Safari/537.36 Google Favicon"
66.249.93.147 - - [26/Jan/2017:13:22:11 +0100] "GET /heart/favicon-32x32.png HTTP/1.1" 404 5750 "-" "Mozilla/5.0 (X11; Linux x86_64) AppleWebKit/537.36 (KHTML, like Gecko) Chrome/49.0.2623.75 Safari/537.36 Google Favicon"
82.236.132.86 - - [26/Jan/2017:17:56:30 +0100] "GET / HTTP/1.1" 200 2999 "-" "Mozilla/5.0 (Windows NT 6.1; Win64; x64; rv:50.0) Gecko/20100101 Firefox/50.0"
82.236.132.86 - - [26/Jan/2017:17:56:32 +0100] "GET /heart/favicon.ico HTTP/1.1" 404 5750 "-" "Mozilla/5.0 (Windows NT 6.1; Win64; x64; rv:50.0) Gecko/20100101 Firefox/50.0"
82.236.132.86 - - [26/Jan/2017:17:56:33 +0100] "GET /heart/favicon-16x16.png HTTP/1.1" 404 5692 "-" "Mozilla/5.0 (Macintosh; Intel Mac OS X 10_10_3) AppleWebKit/600.5.17 (KHTML, like Gecko) Version/8.0.5 Safari/600.5.17"
82.236.132.86 - - [26/Jan/2017:17:56:33 +0100] "GET /heart/css/main-1.css HTTP/1.1" 200 2096 "http://www.twolink.co.uk/" "Mozilla/5.0 (Macintosh; Intel Mac OS X 10_10_3) AppleWebKit/600.5.17 (KHTML, like Gecko) Version/8.0.5 Safari/600.5.17"
82.236.132.86 - - [26/Jan/2017:17:56:33 +0100] "GET / HTTP/1.1" 200 2940 "http://www.twolink.co.uk/" "Mozilla/5.0 (Macintosh; Intel Mac OS X 10_10_3) AppleWebKit/600.5.17 (KHTML, like Gecko) Version/8.0.5 Safari/600.5.17"
79.71.179.101 - - [26/Jan/2017:21:39:46 +0100] "GET / HTTP/1.1" 200 2999 "-" "Mozilla/5.0 (Windows NT 10.0; WOW64; rv:50.0) Gecko/20100101 Firefox/50.0"
79.71.179.101 - - [26/Jan/2017:21:39:47 +0100] "GET /heart/js/TwoLink.js HTTP/1.1" 200 1165 "http://twolink.co.uk/" "Mozilla/5.0 (Windows NT 10.0; WOW64; rv:50.0) Gecko/20100101 Firefox/50.0"
79.71.179.101 - - [26/Jan/2017:21:39:47 +0100] "GET /heart/css/main-1.dark HTTP/1.1" 200 8220 "http://twolink.co.uk/" "Mozilla/5.0 (Windows NT 10.0; WOW64; rv:50.0) Gecko/20100101 Firefox/50.0"
79.71.179.101 - - [26/Jan/2017:21:39:50 +0100] "GET /heart/favicon.ico HTTP/1.1" 404 5692 "-" "Mozilla/5.0 (Windows NT 10.0; WOW64; rv:50.0) Gecko/20100101 Firefox/50.0"
79.71.179.101 - - [26/Jan/2017:22:38:17 +0100] "GET / HTTP/1.1" 200 2999 "-" "Mozilla/5.0 (Windows NT 10.0; WOW64; rv:50.0) Gecko/20100101 Firefox/50.0"
79.71.179.101 - - [26/Jan/2017:22:38:56 +0100] "GET /heart/favicon.ico HTTP/1.1" 404 5693 "-" "Mozilla/5.0 (Windows NT 10.0; WOW64; rv:50.0) Gecko/20100101 Firefox/50.0"
86.137.179.24 - - [26/Jan/2017:22:51:40 +0100] "GET / HTTP/1.1" 200 2941 "-" "Mozilla/5.0 (Macintosh; Intel Mac OS X 10_12_3) AppleWebKit/537.36 (KHTML, like Gecko) Chrome/55.0.2883.95 Safari/537.36"
86.137.179.24 - - [26/Jan/2017:22:51:40 +0100] "GET /heart/favicon.ico HTTP/1.1" 404 5692 "http://www.twolink.co.uk/" "Mozilla/5.0 (Macintosh; Intel Mac OS X 10_12_3) AppleWebKit/537.36 (KHTML, like Gecko) Chrome/55.0.2883.95 Safari/537.36"
86.137.179.24 - - [26/Jan/2017:22:51:40 +0100] "GET /heart/favicon-16x16.png HTTP/1.1" 404 5692 "http://www.twolink.co.uk/" "Mozilla/5.0 (Macintosh; Intel Mac OS X 10_12_3) AppleWebKit/537.36 (KHTML, like Gecko) Chrome/55.0.2883.95 Safari/537.36"
86.137.179.24 - - [26/Jan/2017:22:51:41 +0100] "GET /heart/android-chrome-192x192.png HTTP/1.1" 404 5692 "http://www.twolink.co.uk/" "Mozilla/5.0 (Macintosh; Intel Mac OS X 10_12_3) AppleWebKit/537.36 (KHTML, like Gecko) Chrome/55.0.2883.95 Safari/537.36"
86.137.179.24 - - [26/Jan/2017:22:51:41 +0100] "GET /heart/favicon-32x32.png HTTP/1.1" 404 5692 "http://www.twolink.co.uk/" "Mozilla/5.0 (Macintosh; Intel Mac OS X 10_12_3) AppleWebKit/537.36 (KHTML, like Gecko) Chrome/55.0.2883.95 Safari/537.36"
86.137.179.24 - - [26/Jan/2017:22:51:43 +0100] "GET / HTTP/1.1" 200 2940 "-" "Mozilla/5.0 (Macintosh; Intel Mac OS X 10_12_3) AppleWebKit/537.36 (KHTML, like Gecko) Chrome/55.0.2883.95 Safari/537.36"
86.137.179.24 - - [26/Jan/2017:22:51:43 +0100] "GET /heart/js/TwoLink.js HTTP/1.1" 200 1165 "http://www.twolink.co.uk/" "Mozilla/5.0 (Macintosh; Intel Mac OS X 10_12_3) AppleWebKit/537.36 (KHTML, like Gecko) Chrome/55.0.2883.95 Safari/537.36"
145.90.95.243 - - [26/Jan/2017:22:52:29 +0100] "GET /afdadf HTTP/1.1" 404 5693 "-" "Mozilla/5.0 (Windows NT 10.0; Win64; x64) AppleWebKit/537.36 (KHTML, like Gecko) Chrome/55.0.2883.87 Safari/537.36"
145.90.95.243 - - [26/Jan/2017:22:52:29 +0100] "GET /heart/js/TwoLink.js HTTP/1.1" 200 1165 "http://twolink.co.uk/afdadf" "Mozilla/5.0 (Windows NT 10.0; Win64; x64) AppleWebKit/537.36 (KHTML, like Gecko) Chrome/55.0.2883.87 Safari/537.36"
145.90.95.243 - - [26/Jan/2017:22:52:30 +0100] "GET /heart/img/errors/robit.png HTTP/1.1" 200 28667 "http://twolink.co.uk/afdadf" "Mozilla/5.0 (Windows NT 10.0; Win64; x64) AppleWebKit/537.36 (KHTML, like Gecko) Chrome/55.0.2883.87 Safari/537.36"
145.90.95.243 - - [26/Jan/2017:22:52:30 +0100] "GET /heart/css/main-1.dark HTTP/1.1" 200 8220 "http://twolink.co.uk/afdadf" "Mozilla/5.0 (Windows NT 10.0; Win64; x64) AppleWebKit/537.36 (KHTML, like Gecko) Chrome/55.0.2883.87 Safari/537.36"
145.90.95.243 - - [26/Jan/2017:22:52:30 +0100] "GET /heart/favicon.ico HTTP/1.1" 404 5692 "http://twolink.co.uk/afdadf" "Mozilla/5.0 (Windows NT 10.0; Win64; x64) AppleWebKit/537.36 (KHTML, like Gecko) Chrome/55.0.2883.87 Safari/537.36"
145.90.95.243 - - [26/Jan/2017:22:52:30 +0100] "GET /heart/favicon-16x16.png HTTP/1.1" 404 5692 "http://twolink.co.uk/afdadf" "Mozilla/5.0 (Windows NT 10.0; Win64; x64) AppleWebKit/537.36 (KHTML, like Gecko) Chrome/55.0.2883.87 Safari/537.36"
145.90.95.243 - - [26/Jan/2017:22:52:30 +0100] "GET /heart/android-chrome-192x192.png HTTP/1.1" 404 5692 "http://twolink.co.uk/afdadf" "Mozilla/5.0 (Windows NT 10.0; Win64; x64) AppleWebKit/537.36 (KHTML, like Gecko) Chrome/55.0.2883.87 Safari/537.36"
145.90.95.243 - - [26/Jan/2017:22:52:30 +0100] "GET /heart/favicon-32x32.png HTTP/1.1" 404 5692 "http://twolink.co.uk/afdadf" "Mozilla/5.0 (Windows NT 10.0; Win64; x64) AppleWebKit/537.36 (KHTML, like Gecko) Chrome/55.0.2883.87 Safari/537.36"
86.137.179.24 - - [26/Jan/2017:22:53:41 +0100] "GET //a HTTP/1.1" 404 5693 "-" "Mozilla/5.0 (Macintosh; Intel Mac OS X 10_12_3) AppleWebKit/537.36 (KHTML, like Gecko) Chrome/55.0.2883.95 Safari/537.36"
86.137.179.24 - - [26/Jan/2017:22:53:42 +0100] "GET /heart/img/errors/robit.png HTTP/1.1" 200 28667 "http://www.twolink.co.uk//a" "Mozilla/5.0 (Macintosh; Intel Mac OS X 10_12_3) AppleWebKit/537.36 (KHTML, like Gecko) Chrome/55.0.2883.95 Safari/537.36"
86.137.179.24 - - [26/Jan/2017:22:53:54 +0100] "GET //a HTTP/1.1" 404 5693 "-" "Mozilla/5.0 (Macintosh; Intel Mac OS X 10_12_3) AppleWebKit/537.36 (KHTML, like Gecko) Chrome/55.0.2883.95 Safari/537.36"
86.137.179.24 - - [26/Jan/2017:22:53:57 +0100] "GET //a HTTP/1.1" 404 5692 "-" "Mozilla/5.0 (Macintosh; Intel Mac OS X 10_12_3) AppleWebKit/537.36 (KHTML, like Gecko) Chrome/55.0.2883.95 Safari/537.36"
86.137.179.24 - - [26/Jan/2017:22:54:00 +0100] "GET //a HTTP/1.1" 404 5692 "-" "Mozilla/5.0 (Macintosh; Intel Mac OS X 10_12_3) AppleWebKit/537.36 (KHTML, like Gecko) Chrome/55.0.2883.95 Safari/537.36"
86.137.179.24 - - [26/Jan/2017:22:54:04 +0100] "GET //a HTTP/1.1" 404 5692 "-" "Mozilla/5.0 (Macintosh; Intel Mac OS X 10_12_3) AppleWebKit/537.36 (KHTML, like Gecko) Chrome/55.0.2883.95 Safari/537.36"
86.137.179.24 - - [26/Jan/2017:23:01:10 +0100] "GET / HTTP/1.1" 200 2941 "-" "Mozilla/5.0 (Macintosh; Intel Mac OS X 10_12_3) AppleWebKit/537.36 (KHTML, like Gecko) Chrome/55.0.2883.95 Safari/537.36"
81.106.228.155 - - [26/Jan/2017:23:01:16 +0100] "GET / HTTP/1.1" 200 2941 "-" "Mozilla/5.0 (Macintosh; Intel Mac OS X 10_12_2) AppleWebKit/537.36 (KHTML, like Gecko) Chrome/55.0.2883.95 Safari/537.36"
81.106.228.155 - - [26/Jan/2017:23:01:16 +0100] "GET /heart/js/TwoLink.js HTTP/1.1" 200 1165 "http://www.twolink.co.uk/" "Mozilla/5.0 (Macintosh; Intel Mac OS X 10_12_2) AppleWebKit/537.36 (KHTML, like Gecko) Chrome/55.0.2883.95 Safari/537.36"
81.106.228.155 - - [26/Jan/2017:23:01:17 +0100] "GET /heart/css/main-1.dark HTTP/1.1" 200 8220 "http://www.twolink.co.uk/" "Mozilla/5.0 (Macintosh; Intel Mac OS X 10_12_2) AppleWebKit/537.36 (KHTML, like Gecko) Chrome/55.0.2883.95 Safari/537.36"
81.106.228.155 - - [26/Jan/2017:23:01:38 +0100] "GET /terms HTTP/1.1" 301 590 "http://www.twolink.co.uk/" "Mozilla/5.0 (Macintosh; Intel Mac OS X 10_12_2) AppleWebKit/537.36 (KHTML, like Gecko) Chrome/55.0.2883.95 Safari/537.36"
81.106.228.155 - - [26/Jan/2017:23:01:38 +0100] "GET /terms/ HTTP/1.1" 200 3577 "http://www.twolink.co.uk/" "Mozilla/5.0 (Macintosh; Intel Mac OS X 10_12_2) AppleWebKit/537.36 (KHTML, like Gecko) Chrome/55.0.2883.95 Safari/537.36"
81.106.228.155 - - [26/Jan/2017:23:01:43 +0100] "GET / HTTP/1.1" 200 2940 "-" "Mozilla/5.0 (Macintosh; Intel Mac OS X 10_12_2) AppleWebKit/537.36 (KHTML, like Gecko) Chrome/55.0.2883.95 Safari/537.36"
81.106.228.155 - - [26/Jan/2017:23:01:46 +0100] "GET /privacy HTTP/1.1" 301 593 "http://www.twolink.co.uk/" "Mozilla/5.0 (Macintosh; Intel Mac OS X 10_12_2) AppleWebKit/537.36 (KHTML, like Gecko) Chrome/55.0.2883.95 Safari/537.36"
81.106.228.155 - - [26/Jan/2017:23:01:46 +0100] "GET /privacy/ HTTP/1.1" 200 2707 "http://www.twolink.co.uk/" "Mozilla/5.0 (Macintosh; Intel Mac OS X 10_12_2) AppleWebKit/537.36 (KHTML, like Gecko) Chrome/55.0.2883.95 Safari/537.36"
86.137.179.24 - - [26/Jan/2017:23:01:58 +0100] "GET /heart/img/logos/linker.svg HTTP/1.1" 404 5693 "-" "Mozilla/5.0 (Macintosh; Intel Mac OS X 10_12_3) AppleWebKit/537.36 (KHTML, like Gecko) Chrome/55.0.2883.95 Safari/537.36"
86.137.179.24 - - [26/Jan/2017:23:02:02 +0100] "GET /heart/img/logos/Linker.svg HTTP/1.1" 200 333635 "-" "Mozilla/5.0 (Macintosh; Intel Mac OS X 10_12_3) AppleWebKit/537.36 (KHTML, like Gecko) Chrome/55.0.2883.95 Safari/537.36"
86.137.179.24 - - [26/Jan/2017:23:02:03 +0100] "GET /favicon.ico HTTP/1.1" 404 5692 "http://www.twolink.co.uk/heart/img/logos/Linker.svg" "Mozilla/5.0 (Macintosh; Intel Mac OS X 10_12_3) AppleWebKit/537.36 (KHTML, like Gecko) Chrome/55.0.2883.95 Safari/537.36"
104.196.163.157 - - [26/Jan/2017:23:02:11 +0100] "GET /heart/img/logos/Linker.svg HTTP/1.1" 200 57728 "-" "Mozilla/5.0 (compatible; Discordbot/1.0; +https://discordapp.com)"
81.106.228.155 - - [26/Jan/2017:23:02:17 +0100] "GET /heart/img/logos/Linker.svg HTTP/1.1" 200 333636 "-" "Mozilla/5.0 (Macintosh; Intel Mac OS X 10_12_2) AppleWebKit/537.36 (KHTML, like Gecko) Chrome/55.0.2883.95 Safari/537.36"
145.90.95.243 - - [26/Jan/2017:23:02:20 +0100] "GET /heart/img/logos/Linker.svg HTTP/1.1" 200 333636 "-" "Mozilla/5.0 (Windows NT 10.0; Win64; x64) AppleWebKit/537.36 (KHTML, like Gecko) Chrome/55.0.2883.87 Safari/537.36"
145.90.95.243 - - [26/Jan/2017:23:02:20 +0100] "GET /favicon.ico HTTP/1.1" 404 5692 "http://www.twolink.co.uk/heart/img/logos/Linker.svg" "Mozilla/5.0 (Windows NT 10.0; Win64; x64) AppleWebKit/537.36 (KHTML, like Gecko) Chrome/55.0.2883.87 Safari/537.36"
86.137.179.24 - - [26/Jan/2017:23:03:39 +0100] "GET / HTTP/1.1" 200 2943 "-" "Mozilla/5.0 (Macintosh; Intel Mac OS X 10_12_3) AppleWebKit/537.36 (KHTML, like Gecko) Chrome/55.0.2883.95 Safari/537.36"
145.90.95.243 - - [26/Jan/2017:23:04:23 +0100] "GET / HTTP/1.1" 200 2943 "-" "Mozilla/5.0 (Windows NT 10.0; Win64; x64) AppleWebKit/537.36 (KHTML, like Gecko) Chrome/55.0.2883.87 Safari/537.36"
145.90.95.243 - - [26/Jan/2017:23:04:23 +0100] "GET /heart/img/logos/Linker.svg HTTP/1.1" 200 333635 "http://twolink.co.uk/" "Mozilla/5.0 (Windows NT 10.0; Win64; x64) AppleWebKit/537.36 (KHTML, like Gecko) Chrome/55.0.2883.87 Safari/537.36"
145.90.95.243 - - [26/Jan/2017:23:04:23 +0100] "GET / HTTP/1.1" 200 2942 "-" "Mozilla/5.0 (Windows NT 10.0; Win64; x64) AppleWebKit/537.36 (KHTML, like Gecko) Chrome/55.0.2883.87 Safari/537.36"
145.90.95.243 - - [26/Jan/2017:23:04:23 +0100] "GET /favicon.ico HTTP/1.1" 404 5692 "-" "Mozilla/5.0 (Windows NT 10.0; Win64; x64) AppleWebKit/537.36 (KHTML, like Gecko) Chrome/55.0.2883.87 Safari/537.36"
145.90.95.243 - - [26/Jan/2017:23:05:06 +0100] "GET /privacy HTTP/1.1" 301 582 "-" "Mozilla/5.0 (Windows NT 10.0; Win64; x64) AppleWebKit/537.36 (KHTML, like Gecko) Chrome/55.0.2883.87 Safari/537.36"
145.90.95.243 - - [26/Jan/2017:23:05:06 +0100] "GET /privacy/ HTTP/1.1" 200 2707 "-" "Mozilla/5.0 (Windows NT 10.0; Win64; x64) AppleWebKit/537.36 (KHTML, like Gecko) Chrome/55.0.2883.87 Safari/537.36"
145.90.95.243 - - [26/Jan/2017:23:05:09 +0100] "GET /privacy/ HTTP/1.1" 200 2707 "-" "Mozilla/5.0 (Windows NT 10.0; Win64; x64) AppleWebKit/537.36 (KHTML, like Gecko) Chrome/55.0.2883.87 Safari/537.36"
81.106.228.155 - - [26/Jan/2017:23:06:49 +0100] "GET / HTTP/1.1" 200 2943 "http://www.twolink.co.uk/privacy/" "Mozilla/5.0 (Macintosh; Intel Mac OS X 10_12_2) AppleWebKit/537.36 (KHTML, like Gecko) Chrome/55.0.2883.95 Safari/537.36"
81.106.228.155 - - [26/Jan/2017:23:06:49 +0100] "GET /heart/js/TwoLink.js HTTP/1.1" 200 1165 "http://twolink.co.uk/" "Mozilla/5.0 (Macintosh; Intel Mac OS X 10_12_2) AppleWebKit/537.36 (KHTML, like Gecko) Chrome/55.0.2883.95 Safari/537.36"
81.106.228.155 - - [26/Jan/2017:23:06:49 +0100] "GET /heart/img/logos/Linker.svg HTTP/1.1" 200 333635 "http://twolink.co.uk/" "Mozilla/5.0 (Macintosh; Intel Mac OS X 10_12_2) AppleWebKit/537.36 (KHTML, like Gecko) Chrome/55.0.2883.95 Safari/537.36"
81.106.228.155 - - [26/Jan/2017:23:06:49 +0100] "GET /heart/css/main-1.dark HTTP/1.1" 200 8220 "http://twolink.co.uk/" "Mozilla/5.0 (Macintosh; Intel Mac OS X 10_12_2) AppleWebKit/537.36 (KHTML, like Gecko) Chrome/55.0.2883.95 Safari/537.36"
86.137.179.24 - - [26/Jan/2017:23:07:28 +0100] "GET / HTTP/1.1" 200 2943 "-" "Mozilla/5.0 (Macintosh; Intel Mac OS X 10_12_3) AppleWebKit/537.36 (KHTML, like Gecko) Chrome/55.0.2883.95 Safari/537.36"
145.90.95.243 - - [26/Jan/2017:23:09:48 +0100] "GET / HTTP/1.1" 200 2944 "http://twolink.co.uk/privacy/" "Mozilla/5.0 (Windows NT 10.0; Win64; x64) AppleWebKit/537.36 (KHTML, like Gecko) Chrome/55.0.2883.87 Safari/537.36"
81.106.228.155 - - [26/Jan/2017:23:09:55 +0100] "GET / HTTP/1.1" 200 2944 "http://www.twolink.co.uk/privacy/" "Mozilla/5.0 (Macintosh; Intel Mac OS X 10_12_2) AppleWebKit/537.36 (KHTML, like Gecko) Chrome/55.0.2883.95 Safari/537.36"
145.90.95.243 - - [26/Jan/2017:23:11:44 +0100] "GET / HTTP/1.1" 200 2938 "-" "Mozilla/5.0 (Windows NT 10.0; Win64; x64) AppleWebKit/537.36 (KHTML, like Gecko) Chrome/55.0.2883.87 Safari/537.36"
86.137.179.24 - - [26/Jan/2017:23:11:45 +0100] "GET / HTTP/1.1" 200 2938 "-" "Mozilla/5.0 (Macintosh; Intel Mac OS X 10_12_3) AppleWebKit/537.36 (KHTML, like Gecko) Chrome/55.0.2883.95 Safari/537.36"
86.137.179.24 - - [26/Jan/2017:23:13:13 +0100] "GET / HTTP/1.1" 200 2944 "-" "Mozilla/5.0 (Macintosh; Intel Mac OS X 10_12_3) AppleWebKit/537.36 (KHTML, like Gecko) Chrome/55.0.2883.95 Safari/537.36"
86.137.179.24 - - [26/Jan/2017:23:15:32 +0100] "GET /terms HTTP/1.1" 301 590 "http://www.twolink.co.uk/" "Mozilla/5.0 (Macintosh; Intel Mac OS X 10_12_3) AppleWebKit/537.36 (KHTML, like Gecko) Chrome/55.0.2883.95 Safari/537.36"
86.137.179.24 - - [26/Jan/2017:23:15:32 +0100] "GET /terms/ HTTP/1.1" 200 3577 "http://www.twolink.co.uk/" "Mozilla/5.0 (Macintosh; Intel Mac OS X 10_12_3) AppleWebKit/537.36 (KHTML, like Gecko) Chrome/55.0.2883.95 Safari/537.36"
86.137.179.24 - - [26/Jan/2017:23:15:36 +0100] "GET / HTTP/1.1" 200 2944 "http://www.twolink.co.uk/terms/" "Mozilla/5.0 (Macintosh; Intel Mac OS X 10_12_3) AppleWebKit/537.36 (KHTML, like Gecko) Chrome/55.0.2883.95 Safari/537.36"
86.137.179.24 - - [26/Jan/2017:23:15:36 +0100] "GET /heart/js/TwoLink.js HTTP/1.1" 200 1165 "http://twolink.co.uk/" "Mozilla/5.0 (Macintosh; Intel Mac OS X 10_12_3) AppleWebKit/537.36 (KHTML, like Gecko) Chrome/55.0.2883.95 Safari/537.36"
86.137.179.24 - - [26/Jan/2017:23:15:36 +0100] "GET /heart/css/main-1.dark HTTP/1.1" 200 8220 "http://twolink.co.uk/" "Mozilla/5.0 (Macintosh; Intel Mac OS X 10_12_3) AppleWebKit/537.36 (KHTML, like Gecko) Chrome/55.0.2883.95 Safari/537.36"
86.137.179.24 - - [26/Jan/2017:23:15:37 +0100] "GET /heart/favicon.ico HTTP/1.1" 404 5692 "http://twolink.co.uk/" "Mozilla/5.0 (Macintosh; Intel Mac OS X 10_12_3) AppleWebKit/537.36 (KHTML, like Gecko) Chrome/55.0.2883.95 Safari/537.36"
86.137.179.24 - - [26/Jan/2017:23:15:37 +0100] "GET /heart/favicon-16x16.png HTTP/1.1" 404 5692 "http://twolink.co.uk/" "Mozilla/5.0 (Macintosh; Intel Mac OS X 10_12_3) AppleWebKit/537.36 (KHTML, like Gecko) Chrome/55.0.2883.95 Safari/537.36"
86.137.179.24 - - [26/Jan/2017:23:15:37 +0100] "GET /heart/android-chrome-192x192.png HTTP/1.1" 404 5692 "http://twolink.co.uk/" "Mozilla/5.0 (Macintosh; Intel Mac OS X 10_12_3) AppleWebKit/537.36 (KHTML, like Gecko) Chrome/55.0.2883.95 Safari/537.36"
86.137.179.24 - - [26/Jan/2017:23:15:37 +0100] "GET /heart/favicon-32x32.png HTTP/1.1" 404 5692 "http://twolink.co.uk/" "Mozilla/5.0 (Macintosh; Intel Mac OS X 10_12_3) AppleWebKit/537.36 (KHTML, like Gecko) Chrome/55.0.2883.95 Safari/537.36"
86.137.179.24 - - [26/Jan/2017:23:15:38 +0100] "GET /privacy HTTP/1.1" 301 581 "http://twolink.co.uk/" "Mozilla/5.0 (Macintosh; Intel Mac OS X 10_12_3) AppleWebKit/537.36 (KHTML, like Gecko) Chrome/55.0.2883.95 Safari/537.36"
86.137.179.24 - - [26/Jan/2017:23:15:38 +0100] "GET /privacy/ HTTP/1.1" 200 2621 "http://twolink.co.uk/" "Mozilla/5.0 (Macintosh; Intel Mac OS X 10_12_3) AppleWebKit/537.36 (KHTML, like Gecko) Chrome/55.0.2883.95 Safari/537.36"
86.137.179.24 - - [26/Jan/2017:23:15:40 +0100] "GET / HTTP/1.1" 200 2943 "http://twolink.co.uk/privacy/" "Mozilla/5.0 (Macintosh; Intel Mac OS X 10_12_3) AppleWebKit/537.36 (KHTML, like Gecko) Chrome/55.0.2883.95 Safari/537.36"
86.137.179.24 - - [26/Jan/2017:23:15:49 +0100] "GET /auth/login-with.php?provider=Facebook HTTP/1.1" 302 397 "http://twolink.co.uk/" "Mozilla/5.0 (Macintosh; Intel Mac OS X 10_12_3) AppleWebKit/537.36 (KHTML, like Gecko) Chrome/55.0.2883.95 Safari/537.36"
86.137.179.24 - - [26/Jan/2017:23:15:49 +0100] "GET /auth/?hauth.start=Facebook&hauth.time=1485468949 HTTP/1.1" 302 677 "http://twolink.co.uk/" "Mozilla/5.0 (Macintosh; Intel Mac OS X 10_12_3) AppleWebKit/537.36 (KHTML, like Gecko) Chrome/55.0.2883.95 Safari/537.36"
86.137.179.24 - - [26/Jan/2017:23:15:51 +0100] "GET /auth/?hauth.done=Facebook&code=AQBMH6gM3uYNdN0FEaEE_AzoxamSz-EX7Ij4IVWyN8GovzwFofR1WlPg6M3OGuS1paUkcuXNGSa7jA00eE0_sHHr9VpsoPBWnL6f46M9OQlEK-y2Db2miBzsL5lGrR3wO5vDGaUOU-II4EB7OWwZMiD6P9yfENp9kpE5qHPGOxuwXqYBK56yquRhjD5XLyE4Jj4C4cyyUjOdVEQ_A5svXyweYJONTDt59DKK1S761gdpC47jQo7AIy0P0tEtG2whFWF3l4ujQ6U95IAznFDD4SmUH2CcOYWAmPH6tMTru9yMYsuaw1qHhCxOXDjhQj14q_XlW5rKh77lCkXBXJ0X8C7d&state=346c82b14470bd73bf63065e454122f7 HTTP/1.1" 302 385 "http://twolink.co.uk/" "Mozilla/5.0 (Macintosh; Intel Mac OS X 10_12_3) AppleWebKit/537.36 (KHTML, like Gecko) Chrome/55.0.2883.95 Safari/537.36"
86.137.179.24 - - [26/Jan/2017:23:15:51 +0100] "GET /auth/login-with.php?provider=Facebook HTTP/1.1" 200 583 "http://twolink.co.uk/" "Mozilla/5.0 (Macintosh; Intel Mac OS X 10_12_3) AppleWebKit/537.36 (KHTML, like Gecko) Chrome/55.0.2883.95 Safari/537.36"
86.137.179.24 - - [26/Jan/2017:23:15:52 +0100] "GET /favicon.ico HTTP/1.1" 404 5692 "http://twolink.co.uk/auth/login-with.php?provider=Facebook" "Mozilla/5.0 (Macintosh; Intel Mac OS X 10_12_3) AppleWebKit/537.36 (KHTML, like Gecko) Chrome/55.0.2883.95 Safari/537.36"
86.137.179.24 - - [26/Jan/2017:23:15:54 +0100] "GET / HTTP/1.1" 200 2943 "http://twolink.co.uk/privacy/" "Mozilla/5.0 (Macintosh; Intel Mac OS X 10_12_3) AppleWebKit/537.36 (KHTML, like Gecko) Chrome/55.0.2883.95 Safari/537.36"
86.137.179.24 - - [26/Jan/2017:23:15:56 +0100] "GET /auth/login-with.php?provider=Facebook HTTP/1.1" 200 583 "http://twolink.co.uk/" "Mozilla/5.0 (Macintosh; Intel Mac OS X 10_12_3) AppleWebKit/537.36 (KHTML, like Gecko) Chrome/55.0.2883.95 Safari/537.36"
86.137.179.24 - - [26/Jan/2017:23:15:57 +0100] "GET /auth/logout.php HTTP/1.1" 302 337 "http://twolink.co.uk/auth/login-with.php?provider=Facebook" "Mozilla/5.0 (Macintosh; Intel Mac OS X 10_12_3) AppleWebKit/537.36 (KHTML, like Gecko) Chrome/55.0.2883.95 Safari/537.36"
86.137.179.24 - - [26/Jan/2017:23:15:57 +0100] "GET /auth/login.html HTTP/1.1" 404 5692 "http://twolink.co.uk/auth/login-with.php?provider=Facebook" "Mozilla/5.0 (Macintosh; Intel Mac OS X 10_12_3) AppleWebKit/537.36 (KHTML, like Gecko) Chrome/55.0.2883.95 Safari/537.36"
86.137.179.24 - - [26/Jan/2017:23:15:58 +0100] "GET /heart/img/errors/robit.png HTTP/1.1" 200 28667 "http://twolink.co.uk/auth/login.html" "Mozilla/5.0 (Macintosh; Intel Mac OS X 10_12_3) AppleWebKit/537.36 (KHTML, like Gecko) Chrome/55.0.2883.95 Safari/537.36"
86.137.179.24 - - [26/Jan/2017:23:16:05 +0100] "GET /auth/logout.html HTTP/1.1" 404 5693 "-" "Mozilla/5.0 (Macintosh; Intel Mac OS X 10_12_3) AppleWebKit/537.36 (KHTML, like Gecko) Chrome/55.0.2883.95 Safari/537.36"
