95.238.75.169 - - [13/Jan/2017:14:38:16 +0100] "GET /auth/login-with.php?provider=Steam HTTP/1.1" 500 185 "-" "Mozilla/5.0 (Macintosh; Intel Mac OS X 10_12_2) AppleWebKit/537.36 (KHTML, like Gecko) Chrome/55.0.2883.95 Safari/537.36"
95.238.75.169 - - [13/Jan/2017:14:38:18 +0100] "GET /auth/login-with.php?provider=Steam HTTP/1.1" 500 185 "-" "Mozilla/5.0 (Macintosh; Intel Mac OS X 10_12_2) AppleWebKit/537.36 (KHTML, like Gecko) Chrome/55.0.2883.95 Safari/537.36"
145.107.67.208 - - [13/Jan/2017:14:38:19 +0100] "GET /auth/login-with.php?provider=Google HTTP/1.1" 500 185 "-" "Mozilla/5.0 (Windows NT 10.0; Win64; x64) AppleWebKit/537.36 (KHTML, like Gecko) Chrome/55.0.2883.87 Safari/537.36"
145.107.67.208 - - [13/Jan/2017:14:38:25 +0100] "GET /log.log/ HTTP/1.1" 404 6058 "-" "Mozilla/5.0 (Windows NT 10.0; Win64; x64) AppleWebKit/537.36 (KHTML, like Gecko) Chrome/55.0.2883.87 Safari/537.36"
145.107.67.208 - - [13/Jan/2017:14:38:28 +0100] "GET /log.log HTTP/1.1" 200 956 "-" "Mozilla/5.0 (Windows NT 10.0; Win64; x64) AppleWebKit/537.36 (KHTML, like Gecko) Chrome/55.0.2883.87 Safari/537.36"
95.238.75.169 - - [13/Jan/2017:14:38:31 +0100] "GET /auth/login-with.php?provider=Steam HTTP/1.1" 500 185 "http://www.twolink.co.uk/" "Mozilla/5.0 (Macintosh; Intel Mac OS X 10_12_2) AppleWebKit/537.36 (KHTML, like Gecko) Chrome/55.0.2883.95 Safari/537.36"
95.238.75.169 - - [13/Jan/2017:14:38:36 +0100] "GET /auth/login-with.php?provider=Twitter HTTP/1.1" 500 185 "http://www.twolink.co.uk/" "Mozilla/5.0 (Macintosh; Intel Mac OS X 10_12_2) AppleWebKit/537.36 (KHTML, like Gecko) Chrome/55.0.2883.95 Safari/537.36"
145.107.67.208 - - [13/Jan/2017:14:38:49 +0100] "GET /auth/login-with.php?provider=Google HTTP/1.1" 500 295 "-" "Mozilla/5.0 (Windows NT 10.0; Win64; x64) AppleWebKit/537.36 (KHTML, like Gecko) Chrome/55.0.2883.87 Safari/537.36"
145.107.67.208 - - [13/Jan/2017:14:38:52 +0100] "GET /log.log HTTP/1.1" 200 1854 "-" "Mozilla/5.0 (Windows NT 10.0; Win64; x64) AppleWebKit/537.36 (KHTML, like Gecko) Chrome/55.0.2883.87 Safari/537.36"
145.107.67.208 - - [13/Jan/2017:14:38:52 +0100] "GET /favicon.ico HTTP/1.1" 404 6057 "http://twolink.co.uk/log.log" "Mozilla/5.0 (Windows NT 10.0; Win64; x64) AppleWebKit/537.36 (KHTML, like Gecko) Chrome/55.0.2883.87 Safari/537.36"
95.238.75.169 - - [13/Jan/2017:14:40:59 +0100] "GET / HTTP/1.1" 200 3102 "-" "Mozilla/5.0 (Macintosh; Intel Mac OS X 10_12_2) AppleWebKit/537.36 (KHTML, like Gecko) Chrome/55.0.2883.95 Safari/537.36"
95.238.75.169 - - [13/Jan/2017:14:40:59 +0100] "GET /heart/favicons/favicon.ico HTTP/1.1" 200 15388 "http://www.twolink.co.uk/" "Mozilla/5.0 (Macintosh; Intel Mac OS X 10_12_2) AppleWebKit/537.36 (KHTML, like Gecko) Chrome/55.0.2883.95 Safari/537.36"
95.238.75.169 - - [13/Jan/2017:14:41:02 +0100] "GET /auth/login-with.php?provider=Steam HTTP/1.1" 302 393 "http://www.twolink.co.uk/" "Mozilla/5.0 (Macintosh; Intel Mac OS X 10_12_2) AppleWebKit/537.36 (KHTML, like Gecko) Chrome/55.0.2883.95 Safari/537.36"
95.238.75.169 - - [13/Jan/2017:14:41:02 +0100] "GET /auth/?hauth.start=Steam&hauth.time=1484314862 HTTP/1.1" 500 295 "http://www.twolink.co.uk/" "Mozilla/5.0 (Macintosh; Intel Mac OS X 10_12_2) AppleWebKit/537.36 (KHTML, like Gecko) Chrome/55.0.2883.95 Safari/537.36"
95.238.75.169 - - [13/Jan/2017:14:41:04 +0100] "GET /auth/?hauth.start=Steam&hauth.time=1484314862 HTTP/1.1" 500 295 "-" "Mozilla/5.0 (Macintosh; Intel Mac OS X 10_12_2) AppleWebKit/537.36 (KHTML, like Gecko) Chrome/55.0.2883.95 Safari/537.36"
95.238.75.169 - - [13/Jan/2017:14:41:08 +0100] "GET /auth/?hauth.start=Steam&hauth.time=1484314862 HTTP/1.1" 500 295 "-" "Mozilla/5.0 (Macintosh; Intel Mac OS X 10_12_2) AppleWebKit/537.36 (KHTML, like Gecko) Chrome/55.0.2883.95 Safari/537.36"
145.107.67.208 - - [13/Jan/2017:14:42:12 +0100] "GET /auth/login-with.php?provider=Google HTTP/1.1" 200 321 "-" "Mozilla/5.0 (Windows NT 10.0; Win64; x64) AppleWebKit/537.36 (KHTML, like Gecko) Chrome/55.0.2883.87 Safari/537.36"
145.107.67.208 - - [13/Jan/2017:14:43:54 +0100] "GET /log.log HTTP/1.1" 200 6756 "-" "Mozilla/5.0 (Windows NT 10.0; Win64; x64) AppleWebKit/537.36 (KHTML, like Gecko) Chrome/55.0.2883.87 Safari/537.36"
145.107.67.208 - - [13/Jan/2017:14:44:55 +0100] "GET /auth/login-with.php?provider=Google HTTP/1.1" 200 321 "-" "Mozilla/5.0 (Windows NT 10.0; Win64; x64) AppleWebKit/537.36 (KHTML, like Gecko) Chrome/55.0.2883.87 Safari/537.36"
145.107.67.208 - - [13/Jan/2017:14:45:01 +0100] "GET /log.log HTTP/1.1" 200 7230 "-" "Mozilla/5.0 (Windows NT 10.0; Win64; x64) AppleWebKit/537.36 (KHTML, like Gecko) Chrome/55.0.2883.87 Safari/537.36"
145.107.67.208 - - [13/Jan/2017:14:49:11 +0100] "GET /auth/logout.php HTTP/1.1" 200 203 "-" "Mozilla/5.0 (Windows NT 10.0; Win64; x64) AppleWebKit/537.36 (KHTML, like Gecko) Chrome/55.0.2883.87 Safari/537.36"
145.107.67.208 - - [13/Jan/2017:14:49:22 +0100] "GET /log.log HTTP/1.1" 200 7768 "-" "Mozilla/5.0 (Windows NT 10.0; Win64; x64) AppleWebKit/537.36 (KHTML, like Gecko) Chrome/55.0.2883.87 Safari/537.36"
145.107.67.208 - - [13/Jan/2017:14:53:49 +0100] "GET /auth/logout.php HTTP/1.1" 200 203 "-" "Mozilla/5.0 (Windows NT 10.0; Win64; x64) AppleWebKit/537.36 (KHTML, like Gecko) Chrome/55.0.2883.87 Safari/537.36"
145.107.67.208 - - [13/Jan/2017:14:53:55 +0100] "GET /log.log HTTP/1.1" 200 8306 "-" "Mozilla/5.0 (Windows NT 10.0; Win64; x64) AppleWebKit/537.36 (KHTML, like Gecko) Chrome/55.0.2883.87 Safari/537.36"
145.107.67.208 - - [13/Jan/2017:14:55:46 +0100] "GET /auth/logout.php HTTP/1.1" 200 203 "-" "Mozilla/5.0 (Windows NT 10.0; Win64; x64) AppleWebKit/537.36 (KHTML, like Gecko) Chrome/55.0.2883.87 Safari/537.36"
145.107.67.208 - - [13/Jan/2017:14:55:50 +0100] "GET /log.log HTTP/1.1" 200 8843 "-" "Mozilla/5.0 (Windows NT 10.0; Win64; x64) AppleWebKit/537.36 (KHTML, like Gecko) Chrome/55.0.2883.87 Safari/537.36"
145.107.67.208 - - [13/Jan/2017:14:56:59 +0100] "GET /log.log HTTP/1.1" 304 182 "-" "Mozilla/5.0 (Windows NT 10.0; Win64; x64) AppleWebKit/537.36 (KHTML, like Gecko) Chrome/55.0.2883.87 Safari/537.36"
145.107.67.208 - - [13/Jan/2017:14:56:29 +0100] "GET /auth/logout.php HTTP/1.1" 200 203 "-" "Mozilla/5.0 (Windows NT 10.0; Win64; x64) AppleWebKit/537.36 (KHTML, like Gecko) Chrome/55.0.2883.87 Safari/537.36"
145.107.67.208 - - [13/Jan/2017:14:57:30 +0100] "GET /auth/login-with.php?provider=Google HTTP/1.1" 200 320 "-" "Mozilla/5.0 (Windows NT 10.0; Win64; x64) AppleWebKit/537.36 (KHTML, like Gecko) Chrome/55.0.2883.87 Safari/537.36"
145.107.67.208 - - [13/Jan/2017:14:57:35 +0100] "GET /auth/login-with.php?provider=Google HTTP/1.1" 200 320 "-" "Mozilla/5.0 (Windows NT 10.0; Win64; x64) AppleWebKit/537.36 (KHTML, like Gecko) Chrome/55.0.2883.87 Safari/537.36"
145.107.67.208 - - [13/Jan/2017:14:57:41 +0100] "GET /log.log HTTP/1.1" 200 10017 "-" "Mozilla/5.0 (Windows NT 10.0; Win64; x64) AppleWebKit/537.36 (KHTML, like Gecko) Chrome/55.0.2883.87 Safari/537.36"
145.107.67.208 - - [13/Jan/2017:15:00:57 +0100] "GET /auth/login-with.php?provider=Google HTTP/1.1" 200 321 "-" "Mozilla/5.0 (Windows NT 10.0; Win64; x64) AppleWebKit/537.36 (KHTML, like Gecko) Chrome/55.0.2883.87 Safari/537.36"
145.107.67.208 - - [13/Jan/2017:15:01:42 +0100] "GET /auth/login-with.php?provider=Google HTTP/1.1" 500 295 "-" "Mozilla/5.0 (Windows NT 10.0; Win64; x64) AppleWebKit/537.36 (KHTML, like Gecko) Chrome/55.0.2883.87 Safari/537.36"
145.107.67.208 - - [13/Jan/2017:15:01:46 +0100] "GET /log.log HTTP/1.1" 200 11291 "-" "Mozilla/5.0 (Windows NT 10.0; Win64; x64) AppleWebKit/537.36 (KHTML, like Gecko) Chrome/55.0.2883.87 Safari/537.36"
145.107.67.208 - - [13/Jan/2017:15:02:32 +0100] "GET /auth/login-with.php?provider=Google HTTP/1.1" 500 416 "-" "Mozilla/5.0 (Windows NT 10.0; Win64; x64) AppleWebKit/537.36 (KHTML, like Gecko) Chrome/55.0.2883.87 Safari/537.36"
79.71.191.20 - - [13/Jan/2017:15:12:31 +0100] "GET / HTTP/1.1" 200 3102 "-" "Mozilla/5.0 (Windows NT 10.0; WOW64; rv:50.0) Gecko/20100101 Firefox/50.0"
79.71.191.20 - - [13/Jan/2017:15:12:33 +0100] "GET /heart/js/TwoLink.js HTTP/1.1" 200 1195 "http://twolink.co.uk/" "Mozilla/5.0 (Windows NT 10.0; WOW64; rv:50.0) Gecko/20100101 Firefox/50.0"
79.71.191.20 - - [13/Jan/2017:15:12:35 +0100] "GET /heart/css/main-1.css HTTP/1.1" 200 2096 "http://twolink.co.uk/" "Mozilla/5.0 (Windows NT 10.0; WOW64; rv:50.0) Gecko/20100101 Firefox/50.0"
79.71.191.20 - - [13/Jan/2017:15:12:47 +0100] "GET /heart/favicons/favicon.ico HTTP/1.1" 200 15389 "-" "Mozilla/5.0 (Windows NT 10.0; WOW64; rv:50.0) Gecko/20100101 Firefox/50.0"
79.71.191.20 - - [13/Jan/2017:15:14:48 +0100] "GET / HTTP/1.1" 200 3102 "-" "Mozilla/5.0 (Windows NT 10.0; WOW64; rv:50.0) Gecko/20100101 Firefox/50.0"
79.71.191.20 - - [13/Jan/2017:15:14:48 +0100] "GET /heart/js/TwoLink.js HTTP/1.1" 200 1195 "http://twolink.co.uk/" "Mozilla/5.0 (Windows NT 10.0; WOW64; rv:50.0) Gecko/20100101 Firefox/50.0"
79.71.191.20 - - [13/Jan/2017:15:14:49 +0100] "GET /heart/css/main-1.css HTTP/1.1" 200 2096 "http://twolink.co.uk/" "Mozilla/5.0 (Windows NT 10.0; WOW64; rv:50.0) Gecko/20100101 Firefox/50.0"
95.238.75.169 - - [13/Jan/2017:15:19:03 +0100] "GET / HTTP/1.1" 200 3102 "-" "Mozilla/5.0 (Macintosh; Intel Mac OS X 10_12_2) AppleWebKit/537.36 (KHTML, like Gecko) Chrome/55.0.2883.95 Safari/537.36"
95.238.75.169 - - [13/Jan/2017:15:25:30 +0100] "GET / HTTP/1.1" 200 3101 "-" "Mozilla/5.0 (Macintosh; Intel Mac OS X 10_12_2) AppleWebKit/537.36 (KHTML, like Gecko) Chrome/55.0.2883.95 Safari/537.36"
95.238.75.169 - - [13/Jan/2017:15:25:31 +0100] "GET /heart/favicons/favicon.ico HTTP/1.1" 200 15388 "http://www.twolink.co.uk/" "Mozilla/5.0 (Macintosh; Intel Mac OS X 10_12_2) AppleWebKit/537.36 (KHTML, like Gecko) Chrome/55.0.2883.95 Safari/537.36"
145.90.95.243 - - [13/Jan/2017:15:28:38 +0100] "GET / HTTP/1.1" 200 3067 "-" "Mozilla/5.0 (Linux; Android 6.0; EVA-L09 Build/HUAWEIEVA-L09) AppleWebKit/537.36 (KHTML, like Gecko) Chrome/55.0.2883.91 Mobile Safari/537.36"
145.90.95.243 - - [13/Jan/2017:15:28:38 +0100] "GET /heart/js/TwoLink.js HTTP/1.1" 200 1195 "http://twolink.co.uk/" "Mozilla/5.0 (Linux; Android 6.0; EVA-L09 Build/HUAWEIEVA-L09) AppleWebKit/537.36 (KHTML, like Gecko) Chrome/55.0.2883.91 Mobile Safari/537.36"
145.90.95.243 - - [13/Jan/2017:15:28:39 +0100] "GET /heart/css/main-1.css HTTP/1.1" 200 2096 "http://twolink.co.uk/" "Mozilla/5.0 (Linux; Android 6.0; EVA-L09 Build/HUAWEIEVA-L09) AppleWebKit/537.36 (KHTML, like Gecko) Chrome/55.0.2883.91 Mobile Safari/537.36"
95.238.75.169 - - [13/Jan/2017:15:28:56 +0100] "GET /aaa HTTP/1.1" 404 6058 "-" "Mozilla/5.0 (Macintosh; Intel Mac OS X 10_12_2) AppleWebKit/537.36 (KHTML, like Gecko) Chrome/55.0.2883.95 Safari/537.36"
95.238.75.169 - - [13/Jan/2017:15:28:57 +0100] "GET /heart/img/errors/robit.png HTTP/1.1" 200 28667 "http://www.twolink.co.uk/aaa" "Mozilla/5.0 (Macintosh; Intel Mac OS X 10_12_2) AppleWebKit/537.36 (KHTML, like Gecko) Chrome/55.0.2883.95 Safari/537.36"
95.238.75.169 - - [13/Jan/2017:15:29:23 +0100] "GET /aaa HTTP/1.1" 404 6140 "-" "Mozilla/5.0 (Macintosh; Intel Mac OS X 10_12_2) AppleWebKit/537.36 (KHTML, like Gecko) Chrome/55.0.2883.95 Safari/537.36"
95.238.75.169 - - [13/Jan/2017:15:29:25 +0100] "GET /heart/favicons/favicon.ico HTTP/1.1" 200 15388 "http://www.twolink.co.uk/aaa" "Mozilla/5.0 (Macintosh; Intel Mac OS X 10_12_2) AppleWebKit/537.36 (KHTML, like Gecko) Chrome/55.0.2883.95 Safari/537.36"
95.238.75.169 - - [13/Jan/2017:15:29:34 +0100] "GET /aaa HTTP/1.1" 404 6116 "-" "Mozilla/5.0 (Macintosh; Intel Mac OS X 10_12_2) AppleWebKit/537.36 (KHTML, like Gecko) Chrome/55.0.2883.95 Safari/537.36"
95.238.75.169 - - [13/Jan/2017:15:29:35 +0100] "GET /heart/favicons/favicon.ico HTTP/1.1" 200 15388 "http://www.twolink.co.uk/aaa" "Mozilla/5.0 (Macintosh; Intel Mac OS X 10_12_2) AppleWebKit/537.36 (KHTML, like Gecko) Chrome/55.0.2883.95 Safari/537.36"
95.238.75.169 - - [13/Jan/2017:15:29:37 +0100] "GET /aaa HTTP/1.1" 404 6115 "-" "Mozilla/5.0 (Macintosh; Intel Mac OS X 10_12_2) AppleWebKit/537.36 (KHTML, like Gecko) Chrome/55.0.2883.95 Safari/537.36"
95.238.75.169 - - [13/Jan/2017:15:29:38 +0100] "GET /heart/favicons/favicon.ico HTTP/1.1" 200 15388 "http://www.twolink.co.uk/aaa" "Mozilla/5.0 (Macintosh; Intel Mac OS X 10_12_2) AppleWebKit/537.36 (KHTML, like Gecko) Chrome/55.0.2883.95 Safari/537.36"
180.76.15.162 - - [13/Jan/2017:16:12:56 +0100] "GET /heart/js/utils.js HTTP/1.1" 404 6046 "-" "Mozilla/5.0 (compatible; Baiduspider/2.0; +http://www.baidu.com/search/spider.html)"
95.238.75.169 - - [13/Jan/2017:16:37:08 +0100] "GET / HTTP/1.1" 200 3067 "-" "Mozilla/5.0 (Macintosh; Intel Mac OS X 10_12_2) AppleWebKit/537.36 (KHTML, like Gecko) Chrome/55.0.2883.95 Safari/537.36"
95.238.75.169 - - [13/Jan/2017:16:37:09 +0100] "GET /heart/js/TwoLink.js HTTP/1.1" 200 1195 "http://www.twolink.co.uk/" "Mozilla/5.0 (Macintosh; Intel Mac OS X 10_12_2) AppleWebKit/537.36 (KHTML, like Gecko) Chrome/55.0.2883.95 Safari/537.36"
95.238.75.169 - - [13/Jan/2017:16:37:09 +0100] "GET /heart/css/main-1.css HTTP/1.1" 200 2096 "http://www.twolink.co.uk/" "Mozilla/5.0 (Macintosh; Intel Mac OS X 10_12_2) AppleWebKit/537.36 (KHTML, like Gecko) Chrome/55.0.2883.95 Safari/537.36"
95.238.75.169 - - [13/Jan/2017:16:37:12 +0100] "GET /auth/login-with.php?provider=Steam HTTP/1.1" 302 393 "http://www.twolink.co.uk/" "Mozilla/5.0 (Macintosh; Intel Mac OS X 10_12_2) AppleWebKit/537.36 (KHTML, like Gecko) Chrome/55.0.2883.95 Safari/537.36"
95.238.75.169 - - [13/Jan/2017:16:37:12 +0100] "GET /auth/?hauth.start=Steam&hauth.time=1484321832 HTTP/1.1" 500 295 "http://www.twolink.co.uk/" "Mozilla/5.0 (Macintosh; Intel Mac OS X 10_12_2) AppleWebKit/537.36 (KHTML, like Gecko) Chrome/55.0.2883.95 Safari/537.36"
95.238.75.169 - - [13/Jan/2017:16:37:14 +0100] "GET /auth/?hauth.start=Steam&hauth.time=1484321832 HTTP/1.1" 500 295 "-" "Mozilla/5.0 (Macintosh; Intel Mac OS X 10_12_2) AppleWebKit/537.36 (KHTML, like Gecko) Chrome/55.0.2883.95 Safari/537.36"
95.238.75.169 - - [13/Jan/2017:16:55:32 +0100] "GET /dadadad HTTP/1.1" 404 6083 "-" "Mozilla/5.0 (Macintosh; Intel Mac OS X 10_12_2) AppleWebKit/537.36 (KHTML, like Gecko) Chrome/55.0.2883.95 Safari/537.36"
95.238.75.169 - - [13/Jan/2017:16:55:32 +0100] "GET /heart/img/errors/robit.png HTTP/1.1" 200 28667 "http://www.twolink.co.uk/dadadad" "Mozilla/5.0 (Macintosh; Intel Mac OS X 10_12_2) AppleWebKit/537.36 (KHTML, like Gecko) Chrome/55.0.2883.95 Safari/537.36"
180.76.15.139 - - [13/Jan/2017:17:19:53 +0100] "GET /privacy HTTP/1.1" 301 557 "-" "Mozilla/5.0 (compatible; Baiduspider/2.0; +http://www.baidu.com/search/spider.html)"
180.76.15.24 - - [13/Jan/2017:17:19:54 +0100] "GET /privacy/ HTTP/1.1" 200 2790 "-" "Mozilla/5.0 (compatible; Baiduspider/2.0; +http://www.baidu.com/search/spider.html)"
149.56.107.184 - - [13/Jan/2017:19:08:04 +0100] "GET /heart/social/facebook/og-image.jpg HTTP/1.1" 200 10001 "-" "Mozilla/5.0 (Macintosh; Intel Mac OS X 10.10; rv:38.0) Gecko/20100101 Firefox/38.0"
77.171.119.225 - - [13/Jan/2017:19:15:05 +0100] "GET / HTTP/1.1" 200 3067 "-" "Mozilla/5.0 (Linux; Android 6.0; EVA-L09 Build/HUAWEIEVA-L09) AppleWebKit/537.36 (KHTML, like Gecko) Chrome/55.0.2883.91 Mobile Safari/537.36"
77.171.119.225 - - [13/Jan/2017:19:15:06 +0100] "GET /heart/css/main-1.dark HTTP/1.1" 200 8220 "http://twolink.co.uk/" "Mozilla/5.0 (Linux; Android 6.0; EVA-L09 Build/HUAWEIEVA-L09) AppleWebKit/537.36 (KHTML, like Gecko) Chrome/55.0.2883.91 Mobile Safari/537.36"
207.46.13.172 - - [13/Jan/2017:20:31:58 +0100] "GET / HTTP/1.1" 200 3067 "-" "Mozilla/5.0 (compatible; bingbot/2.0; +http://www.bing.com/bingbot.htm)"
180.76.15.146 - - [13/Jan/2017:20:51:04 +0100] "GET /privacy HTTP/1.1" 301 557 "-" "Mozilla/5.0 (compatible; Baiduspider/2.0; +http://www.baidu.com/search/spider.html)"
180.76.15.32 - - [13/Jan/2017:20:51:05 +0100] "GET /privacy/ HTTP/1.1" 200 2790 "-" "Mozilla/5.0 (compatible; Baiduspider/2.0; +http://www.baidu.com/search/spider.html)"
77.171.119.225 - - [13/Jan/2017:21:25:46 +0100] "GET / HTTP/1.1" 200 3067 "-" "Mozilla/5.0 (Windows NT 10.0; Win64; x64) AppleWebKit/537.36 (KHTML, like Gecko) Chrome/55.0.2883.87 Safari/537.36"
77.171.119.225 - - [13/Jan/2017:21:25:46 +0100] "GET /heart/js/TwoLink.js HTTP/1.1" 200 1195 "http://twolink.co.uk/" "Mozilla/5.0 (Windows NT 10.0; Win64; x64) AppleWebKit/537.36 (KHTML, like Gecko) Chrome/55.0.2883.87 Safari/537.36"
77.171.119.225 - - [13/Jan/2017:21:25:46 +0100] "GET /heart/css/main-1.dark HTTP/1.1" 200 8220 "http://twolink.co.uk/" "Mozilla/5.0 (Windows NT 10.0; Win64; x64) AppleWebKit/537.36 (KHTML, like Gecko) Chrome/55.0.2883.87 Safari/537.36"
77.171.119.225 - - [13/Jan/2017:21:25:56 +0100] "GET /auth/login-with.php?provider=Google HTTP/1.1" 302 395 "http://twolink.co.uk/" "Mozilla/5.0 (Windows NT 10.0; Win64; x64) AppleWebKit/537.36 (KHTML, like Gecko) Chrome/55.0.2883.87 Safari/537.36"
77.171.119.225 - - [13/Jan/2017:21:25:56 +0100] "GET /auth/?hauth.start=Google&hauth.time=1484339156 HTTP/1.1" 302 733 "http://twolink.co.uk/" "Mozilla/5.0 (Windows NT 10.0; Win64; x64) AppleWebKit/537.36 (KHTML, like Gecko) Chrome/55.0.2883.87 Safari/537.36"
77.171.119.225 - - [13/Jan/2017:21:25:58 +0100] "GET /auth/?hauth.done=Google&code=4/9TROu5KOnzGkTJpp0HTwyegFtNsuZJ-yZKycYJqtW_0&authuser=0&session_state=4722f99a0c77ea82c8a89632aec5a2818fd5f7a7..5a9b&prompt=none HTTP/1.1" 302 383 "-" "Mozilla/5.0 (Windows NT 10.0; Win64; x64) AppleWebKit/537.36 (KHTML, like Gecko) Chrome/55.0.2883.87 Safari/537.36"
77.171.119.225 - - [13/Jan/2017:21:25:59 +0100] "GET /auth/login-with.php?provider=Google HTTP/1.1" 500 295 "-" "Mozilla/5.0 (Windows NT 10.0; Win64; x64) AppleWebKit/537.36 (KHTML, like Gecko) Chrome/55.0.2883.87 Safari/537.36"
77.171.119.225 - - [13/Jan/2017:21:26:11 +0100] "GET /log.log HTTP/1.1" 200 23234 "-" "Mozilla/5.0 (Windows NT 10.0; Win64; x64) AppleWebKit/537.36 (KHTML, like Gecko) Chrome/55.0.2883.87 Safari/537.36"
77.171.119.225 - - [13/Jan/2017:21:26:12 +0100] "GET /favicon.ico HTTP/1.1" 404 6082 "http://twolink.co.uk/log.log" "Mozilla/5.0 (Windows NT 10.0; Win64; x64) AppleWebKit/537.36 (KHTML, like Gecko) Chrome/55.0.2883.87 Safari/537.36"
79.71.191.20 - - [13/Jan/2017:21:26:38 +0100] "GET / HTTP/1.1" 200 3067 "-" "Mozilla/5.0 (Windows NT 10.0; WOW64; rv:50.0) Gecko/20100101 Firefox/50.0"
79.71.191.20 - - [13/Jan/2017:21:26:39 +0100] "GET /heart/js/TwoLink.js HTTP/1.1" 200 1195 "http://twolink.co.uk/" "Mozilla/5.0 (Windows NT 10.0; WOW64; rv:50.0) Gecko/20100101 Firefox/50.0"
79.71.191.20 - - [13/Jan/2017:21:26:41 +0100] "GET /heart/css/main-1.dark HTTP/1.1" 200 8220 "http://twolink.co.uk/" "Mozilla/5.0 (Windows NT 10.0; WOW64; rv:50.0) Gecko/20100101 Firefox/50.0"
79.71.191.20 - - [13/Jan/2017:21:26:51 +0100] "GET /heart/favicons/favicon.ico HTTP/1.1" 200 15389 "-" "Mozilla/5.0 (Windows NT 10.0; WOW64; rv:50.0) Gecko/20100101 Firefox/50.0"
80.40.134.103 - - [13/Jan/2017:21:27:09 +0100] "GET / HTTP/1.0" 200 8230 "http://twolink.co.uk/" "Mozilla/4.0 (compatible; MSIE 8.0; Windows NT 5.1; Trident/4.0; .NET CLR 2.0.50727; .NET CLR 3.0.04506.648; .NET CLR 3.5.21022; .NET CLR 3.0.4506.2152; .NET CLR 3.5.30729; InfoPath.2)"
80.40.134.103 - - [13/Jan/2017:21:27:09 +0100] "GET /heart/js/TwoLink.js HTTP/1.0" 200 2556 "http://twolink.co.uk/heart/js/TwoLink.js" "Mozilla/4.0 (compatible; MSIE 8.0; Windows NT 5.1; Trident/4.0; .NET CLR 2.0.50727; .NET CLR 3.0.04506.648; .NET CLR 3.5.21022; .NET CLR 3.0.4506.2152; .NET CLR 3.5.30729; InfoPath.2)"
80.40.134.104 - - [13/Jan/2017:21:27:10 +0100] "GET /robots.txt HTTP/1.0" 404 6046 "http://twolink.co.uk/robots.txt" "Mozilla/4.0 (compatible; MSIE 8.0; Windows NT 5.1; Trident/4.0; .NET CLR 2.0.50727; .NET CLR 3.0.04506.648; .NET CLR 3.5.21022; .NET CLR 3.0.4506.2152; .NET CLR 3.5.30729; InfoPath.2)"
80.40.134.104 - - [13/Jan/2017:21:27:10 +0100] "GET /heart/js/TwoLink.js HTTP/1.0" 200 2556 "http://twolink.co.uk/heart/js/TwoLink.js" "Mozilla/4.0 (compatible; MSIE 8.0; Windows NT 5.1; Trident/4.0; .NET CLR 2.0.50727; .NET CLR 3.0.04506.648; .NET CLR 3.5.21022; .NET CLR 3.0.4506.2152; .NET CLR 3.5.30729; InfoPath.2)"
79.71.191.20 - - [13/Jan/2017:21:27:17 +0100] "GET /auth/login-with.php?provider=Google HTTP/1.1" 302 453 "http://twolink.co.uk/" "Mozilla/5.0 (Windows NT 10.0; WOW64; rv:50.0) Gecko/20100101 Firefox/50.0"
79.71.191.20 - - [13/Jan/2017:21:27:17 +0100] "GET /auth/?hauth.start=Google&hauth.time=1484339237 HTTP/1.1" 302 733 "http://twolink.co.uk/" "Mozilla/5.0 (Windows NT 10.0; WOW64; rv:50.0) Gecko/20100101 Firefox/50.0"
79.71.191.20 - - [13/Jan/2017:21:27:37 +0100] "GET /auth/?hauth.done=Google&code=4/hR_wsDWbboC1BkVBnHVceCxNU_f4yF6VaLppERR3ZUM&authuser=0&session_state=97af5bc764c87ff93e6c93319c8d179a3105e092..39e6&prompt=consent HTTP/1.1" 302 384 "-" "Mozilla/5.0 (Windows NT 10.0; WOW64; rv:50.0) Gecko/20100101 Firefox/50.0"
79.71.191.20 - - [13/Jan/2017:21:27:38 +0100] "GET /auth/login-with.php?provider=Google HTTP/1.1" 500 295 "-" "Mozilla/5.0 (Windows NT 10.0; WOW64; rv:50.0) Gecko/20100101 Firefox/50.0"
79.71.191.20 - - [13/Jan/2017:21:27:39 +0100] "GET /favicon.ico HTTP/1.1" 404 6083 "-" "Mozilla/5.0 (Windows NT 10.0; WOW64; rv:50.0) Gecko/20100101 Firefox/50.0"
79.71.191.20 - - [13/Jan/2017:21:27:39 +0100] "GET /favicon.ico HTTP/1.1" 404 6082 "-" "Mozilla/5.0 (Windows NT 10.0; WOW64; rv:50.0) Gecko/20100101 Firefox/50.0"
80.40.134.104 - - [13/Jan/2017:21:27:48 +0100] "GET /robots.txt HTTP/1.0" 404 6046 "http://twolink.co.uk/robots.txt" "Mozilla/4.0 (compatible; MSIE 8.0; Windows NT 5.1; Trident/4.0; .NET CLR 2.0.50727; .NET CLR 3.0.04506.648; .NET CLR 3.5.21022; .NET CLR 3.0.4506.2152; .NET CLR 3.5.30729; InfoPath.2)"
80.40.134.104 - - [13/Jan/2017:21:27:48 +0100] "GET /auth/ HTTP/1.0" 200 677 "http://twolink.co.uk/auth/" "Mozilla/4.0 (compatible; MSIE 8.0; Windows NT 5.1; Trident/4.0; .NET CLR 2.0.50727; .NET CLR 3.0.04506.648; .NET CLR 3.5.21022; .NET CLR 3.0.4506.2152; .NET CLR 3.5.30729; InfoPath.2)"
79.71.191.20 - - [13/Jan/2017:21:27:53 +0100] "GET / HTTP/1.1" 200 3067 "-" "Mozilla/5.0 (Windows NT 10.0; WOW64; rv:50.0) Gecko/20100101 Firefox/50.0"
79.71.191.20 - - [13/Jan/2017:21:27:59 +0100] "GET /auth/login-with.php?provider=Steam HTTP/1.1" 302 394 "http://twolink.co.uk/" "Mozilla/5.0 (Windows NT 10.0; WOW64; rv:50.0) Gecko/20100101 Firefox/50.0"
79.71.191.20 - - [13/Jan/2017:21:27:59 +0100] "GET /auth/?hauth.start=Steam&hauth.time=1484339279 HTTP/1.1" 302 2467 "http://twolink.co.uk/" "Mozilla/5.0 (Windows NT 10.0; WOW64; rv:50.0) Gecko/20100101 Firefox/50.0"
77.171.119.225 - - [13/Jan/2017:21:28:18 +0100] "GET /auth/login-with.php?provider=Google HTTP/1.1" 500 295 "-" "Mozilla/5.0 (Windows NT 10.0; Win64; x64) AppleWebKit/537.36 (KHTML, like Gecko) Chrome/55.0.2883.87 Safari/537.36"
79.71.191.20 - - [13/Jan/2017:21:28:18 +0100] "GET /auth/?hauth.done=Steam&openid.ns=http%3A%2F%2Fspecs.openid.net%2Fauth%2F2.0&openid.mode=id_res&openid.op_endpoint=https%3A%2F%2Fsteamcommunity.com%2Fopenid%2Flogin&openid.claimed_id=http%3A%2F%2Fsteamcommunity.com%2Fopenid%2Fid%2F76561198105762584&openid.identity=http%3A%2F%2Fsteamcommunity.com%2Fopenid%2Fid%2F76561198105762584&openid.return_to=http%3A%2F%2Ftwolink.co.uk%2Fauth%2F%3Fhauth.done%3DSteam&openid.response_nonce=2017-01-13T20%3A28%3A18ZLnWYU55NGMYR44oAQ1A0VuRyOQk%3D&openid.assoc_handle=1234567890&openid.signed=signed%2Cop_endpoint%2Cclaimed_id%2Cidentity%2Creturn_to%2Cresponse_nonce%2Cassoc_handle&openid.sig=mu7jKdqxQSvCW7MFQsiIl6Ju%2Fj4%3D HTTP/1.1" 302 383 "-" "Mozilla/5.0 (Windows NT 10.0; WOW64; rv:50.0) Gecko/20100101 Firefox/50.0"
79.71.191.20 - - [13/Jan/2017:21:28:19 +0100] "GET /auth/login-with.php?provider=Steam HTTP/1.1" 500 295 "-" "Mozilla/5.0 (Windows NT 10.0; WOW64; rv:50.0) Gecko/20100101 Firefox/50.0"
77.171.119.225 - - [13/Jan/2017:21:28:25 +0100] "GET /auth/?hauth.done=Google&code=4/V9svuQ6Xb9AOGgSdxl3uIhqpet35BemMCnmIcrYKU2s&authuser=0&session_state=4722f99a0c77ea82c8a89632aec5a2818fd5f7a7..5a9b&prompt=none HTTP/1.1" 302 329 "-" "Mozilla/5.0 (Windows NT 10.0; Win64; x64) AppleWebKit/537.36 (KHTML, like Gecko) Chrome/55.0.2883.87 Safari/537.36"
77.171.119.225 - - [13/Jan/2017:21:28:26 +0100] "GET / HTTP/1.1" 200 3066 "-" "Mozilla/5.0 (Windows NT 10.0; Win64; x64) AppleWebKit/537.36 (KHTML, like Gecko) Chrome/55.0.2883.87 Safari/537.36"
77.171.119.225 - - [13/Jan/2017:21:28:33 +0100] "GET /auth/login-with.php?provider=Facebook HTTP/1.1" 500 416 "http://twolink.co.uk/" "Mozilla/5.0 (Windows NT 10.0; Win64; x64) AppleWebKit/537.36 (KHTML, like Gecko) Chrome/55.0.2883.87 Safari/537.36"
77.171.119.225 - - [13/Jan/2017:21:28:39 +0100] "GET /auth/login-with.php?provider=Twitter HTTP/1.1" 302 396 "http://twolink.co.uk/" "Mozilla/5.0 (Windows NT 10.0; Win64; x64) AppleWebKit/537.36 (KHTML, like Gecko) Chrome/55.0.2883.87 Safari/537.36"
77.171.119.225 - - [13/Jan/2017:21:28:39 +0100] "GET /auth/?hauth.start=Twitter&hauth.time=1484339319 HTTP/1.1" 302 409 "http://twolink.co.uk/" "Mozilla/5.0 (Windows NT 10.0; Win64; x64) AppleWebKit/537.36 (KHTML, like Gecko) Chrome/55.0.2883.87 Safari/537.36"
77.171.119.225 - - [13/Jan/2017:21:28:40 +0100] "GET /auth/?hauth.done=Twitter&oauth_token=VQzjsQAAAAAAyvCBAAABWZmEk30&oauth_verifier=gG0ohtLnPlBvczieytf3CIZD9er5mVjw HTTP/1.1" 302 384 "-" "Mozilla/5.0 (Windows NT 10.0; Win64; x64) AppleWebKit/537.36 (KHTML, like Gecko) Chrome/55.0.2883.87 Safari/537.36"
77.171.119.225 - - [13/Jan/2017:21:28:40 +0100] "GET /auth/login-with.php?provider=Twitter HTTP/1.1" 500 295 "-" "Mozilla/5.0 (Windows NT 10.0; Win64; x64) AppleWebKit/537.36 (KHTML, like Gecko) Chrome/55.0.2883.87 Safari/537.36"
77.171.119.225 - - [13/Jan/2017:21:28:43 +0100] "GET /auth/login-with.php?provider=Twitter HTTP/1.1" 500 295 "-" "Mozilla/5.0 (Windows NT 10.0; Win64; x64) AppleWebKit/537.36 (KHTML, like Gecko) Chrome/55.0.2883.87 Safari/537.36"
77.171.119.225 - - [13/Jan/2017:21:28:46 +0100] "GET /log.log HTTP/1.1" 200 31475 "-" "Mozilla/5.0 (Windows NT 10.0; Win64; x64) AppleWebKit/537.36 (KHTML, like Gecko) Chrome/55.0.2883.87 Safari/537.36"
79.71.191.20 - - [13/Jan/2017:21:28:51 +0100] "GET / HTTP/1.1" 200 3067 "-" "Mozilla/5.0 (Windows NT 10.0; WOW64; rv:50.0) Gecko/20100101 Firefox/50.0"
77.171.119.225 - - [13/Jan/2017:21:33:11 +0100] "GET / HTTP/1.1" 200 3067 "-" "Mozilla/5.0 (Windows NT 10.0; Win64; x64) AppleWebKit/537.36 (KHTML, like Gecko) Chrome/55.0.2883.87 Safari/537.36"
77.171.119.225 - - [13/Jan/2017:21:33:15 +0100] "GET /auth/login-with.php?provider=Google HTTP/1.1" 302 394 "http://twolink.co.uk/" "Mozilla/5.0 (Windows NT 10.0; Win64; x64) AppleWebKit/537.36 (KHTML, like Gecko) Chrome/55.0.2883.87 Safari/537.36"
77.171.119.225 - - [13/Jan/2017:21:33:15 +0100] "GET /auth/?hauth.start=Google&hauth.time=1484339595 HTTP/1.1" 302 733 "http://twolink.co.uk/" "Mozilla/5.0 (Windows NT 10.0; Win64; x64) AppleWebKit/537.36 (KHTML, like Gecko) Chrome/55.0.2883.87 Safari/537.36"
77.171.119.225 - - [13/Jan/2017:21:33:17 +0100] "GET /auth/?hauth.done=Google&code=4/BupObKGeCAlorTaKz_hOAvMo_QQKT9_GY8_nIc8anLo&authuser=0&session_state=4722f99a0c77ea82c8a89632aec5a2818fd5f7a7..5a9b&prompt=none HTTP/1.1" 302 383 "-" "Mozilla/5.0 (Windows NT 10.0; Win64; x64) AppleWebKit/537.36 (KHTML, like Gecko) Chrome/55.0.2883.87 Safari/537.36"
77.171.119.225 - - [13/Jan/2017:21:33:19 +0100] "GET /auth/login-with.php?provider=Google HTTP/1.1" 500 295 "-" "Mozilla/5.0 (Windows NT 10.0; Win64; x64) AppleWebKit/537.36 (KHTML, like Gecko) Chrome/55.0.2883.87 Safari/537.36"
77.171.119.225 - - [13/Jan/2017:21:35:24 +0100] "GET /log.log HTTP/1.1" 200 34044 "-" "Mozilla/5.0 (Windows NT 10.0; Win64; x64) AppleWebKit/537.36 (KHTML, like Gecko) Chrome/55.0.2883.87 Safari/537.36"
77.171.119.225 - - [13/Jan/2017:22:07:11 +0100] "GET / HTTP/1.1" 200 3175 "-" "Mozilla/5.0 (Windows NT 10.0; Win64; x64) AppleWebKit/537.36 (KHTML, like Gecko) Chrome/55.0.2883.87 Safari/537.36"
77.171.119.225 - - [13/Jan/2017:22:07:14 +0100] "GET /auth/login-with.php?provider=Google HTTP/1.1" 500 185 "http://twolink.co.uk/" "Mozilla/5.0 (Windows NT 10.0; Win64; x64) AppleWebKit/537.36 (KHTML, like Gecko) Chrome/55.0.2883.87 Safari/537.36"
77.171.119.225 - - [13/Jan/2017:22:07:17 +0100] "GET /auth/login-with.php?provider=Google HTTP/1.1" 500 185 "-" "Mozilla/5.0 (Windows NT 10.0; Win64; x64) AppleWebKit/537.36 (KHTML, like Gecko) Chrome/55.0.2883.87 Safari/537.36"
77.171.119.225 - - [13/Jan/2017:22:07:26 +0100] "GET /log.log HTTP/1.1" 200 35140 "-" "Mozilla/5.0 (Windows NT 10.0; Win64; x64) AppleWebKit/537.36 (KHTML, like Gecko) Chrome/55.0.2883.87 Safari/537.36"
77.171.119.225 - - [13/Jan/2017:22:09:26 +0100] "GET / HTTP/1.1" 200 2941 "-" "Mozilla/5.0 (Windows NT 10.0; Win64; x64) AppleWebKit/537.36 (KHTML, like Gecko) Chrome/55.0.2883.87 Safari/537.36"
77.171.119.225 - - [13/Jan/2017:22:09:26 +0100] "GET /heart/favicon.ico HTTP/1.1" 404 5692 "http://twolink.co.uk/" "Mozilla/5.0 (Windows NT 10.0; Win64; x64) AppleWebKit/537.36 (KHTML, like Gecko) Chrome/55.0.2883.87 Safari/537.36"
77.171.119.225 - - [13/Jan/2017:22:09:26 +0100] "GET /heart/favicon-16x16.png HTTP/1.1" 404 5692 "http://twolink.co.uk/" "Mozilla/5.0 (Windows NT 10.0; Win64; x64) AppleWebKit/537.36 (KHTML, like Gecko) Chrome/55.0.2883.87 Safari/537.36"
77.171.119.225 - - [13/Jan/2017:22:09:27 +0100] "GET /heart/android-chrome-192x192.png HTTP/1.1" 404 5692 "http://twolink.co.uk/" "Mozilla/5.0 (Windows NT 10.0; Win64; x64) AppleWebKit/537.36 (KHTML, like Gecko) Chrome/55.0.2883.87 Safari/537.36"
77.171.119.225 - - [13/Jan/2017:22:09:27 +0100] "GET /heart/favicon-32x32.png HTTP/1.1" 404 5692 "http://twolink.co.uk/" "Mozilla/5.0 (Windows NT 10.0; Win64; x64) AppleWebKit/537.36 (KHTML, like Gecko) Chrome/55.0.2883.87 Safari/537.36"
77.171.119.225 - - [13/Jan/2017:22:09:28 +0100] "GET / HTTP/1.1" 200 2940 "-" "Mozilla/5.0 (Windows NT 10.0; Win64; x64) AppleWebKit/537.36 (KHTML, like Gecko) Chrome/55.0.2883.87 Safari/537.36"
77.171.119.225 - - [13/Jan/2017:22:09:30 +0100] "GET /log.log HTTP/1.1" 304 181 "-" "Mozilla/5.0 (Windows NT 10.0; Win64; x64) AppleWebKit/537.36 (KHTML, like Gecko) Chrome/55.0.2883.87 Safari/537.36"
77.171.119.225 - - [13/Jan/2017:22:10:09 +0100] "GET /auth/login-with.php?provider=Google HTTP/1.1" 200 313 "http://twolink.co.uk/" "Mozilla/5.0 (Windows NT 10.0; Win64; x64) AppleWebKit/537.36 (KHTML, like Gecko) Chrome/55.0.2883.87 Safari/537.36"
77.171.119.225 - - [13/Jan/2017:22:10:16 +0100] "GET /log.log HTTP/1.1" 304 182 "-" "Mozilla/5.0 (Windows NT 10.0; Win64; x64) AppleWebKit/537.36 (KHTML, like Gecko) Chrome/55.0.2883.87 Safari/537.36"
77.171.119.225 - - [13/Jan/2017:22:10:22 +0100] "GET /auth/login-with.php?provider=Google HTTP/1.1" 200 313 "http://twolink.co.uk/" "Mozilla/5.0 (Windows NT 10.0; Win64; x64) AppleWebKit/537.36 (KHTML, like Gecko) Chrome/55.0.2883.87 Safari/537.36"
77.171.119.225 - - [13/Jan/2017:22:10:26 +0100] "GET / HTTP/1.1" 200 2940 "-" "Mozilla/5.0 (Windows NT 10.0; Win64; x64) AppleWebKit/537.36 (KHTML, like Gecko) Chrome/55.0.2883.87 Safari/537.36"
77.171.119.225 - - [13/Jan/2017:22:10:29 +0100] "GET /auth/login-with.php?provider=Twitter HTTP/1.1" 200 312 "http://twolink.co.uk/" "Mozilla/5.0 (Windows NT 10.0; Win64; x64) AppleWebKit/537.36 (KHTML, like Gecko) Chrome/55.0.2883.87 Safari/537.36"
77.171.119.225 - - [13/Jan/2017:22:10:32 +0100] "GET /auth/login-with.php?provider=Twitter HTTP/1.1" 200 312 "http://twolink.co.uk/" "Mozilla/5.0 (Windows NT 10.0; Win64; x64) AppleWebKit/537.36 (KHTML, like Gecko) Chrome/55.0.2883.87 Safari/537.36"
77.171.119.225 - - [13/Jan/2017:22:10:55 +0100] "GET /auth/login-with.php?provider=Twitter HTTP/1.1" 200 321 "http://twolink.co.uk/" "Mozilla/5.0 (Windows NT 10.0; Win64; x64) AppleWebKit/537.36 (KHTML, like Gecko) Chrome/55.0.2883.87 Safari/537.36"
95.238.75.169 - - [13/Jan/2017:22:24:12 +0100] "GET / HTTP/1.1" 200 2941 "-" "Mozilla/5.0 (Macintosh; Intel Mac OS X 10_12_2) AppleWebKit/537.36 (KHTML, like Gecko) Chrome/55.0.2883.95 Safari/537.36"
95.238.75.169 - - [13/Jan/2017:22:24:15 +0100] "GET /heart/js/TwoLink.js HTTP/1.1" 200 1195 "http://www.twolink.co.uk/" "Mozilla/5.0 (Macintosh; Intel Mac OS X 10_12_2) AppleWebKit/537.36 (KHTML, like Gecko) Chrome/55.0.2883.95 Safari/537.36"
95.238.75.169 - - [13/Jan/2017:22:24:17 +0100] "GET /heart/css/main-1.dark HTTP/1.1" 200 8220 "http://www.twolink.co.uk/" "Mozilla/5.0 (Macintosh; Intel Mac OS X 10_12_2) AppleWebKit/537.36 (KHTML, like Gecko) Chrome/55.0.2883.95 Safari/537.36"
95.238.75.169 - - [13/Jan/2017:22:24:18 +0100] "GET /heart/favicon.ico HTTP/1.1" 404 5692 "http://www.twolink.co.uk/" "Mozilla/5.0 (Macintosh; Intel Mac OS X 10_12_2) AppleWebKit/537.36 (KHTML, like Gecko) Chrome/55.0.2883.95 Safari/537.36"
95.238.75.169 - - [13/Jan/2017:22:24:18 +0100] "GET /heart/favicon-16x16.png HTTP/1.1" 404 5692 "http://www.twolink.co.uk/" "Mozilla/5.0 (Macintosh; Intel Mac OS X 10_12_2) AppleWebKit/537.36 (KHTML, like Gecko) Chrome/55.0.2883.95 Safari/537.36"
95.238.75.169 - - [13/Jan/2017:22:24:19 +0100] "GET /heart/android-chrome-192x192.png HTTP/1.1" 404 5692 "http://www.twolink.co.uk/" "Mozilla/5.0 (Macintosh; Intel Mac OS X 10_12_2) AppleWebKit/537.36 (KHTML, like Gecko) Chrome/55.0.2883.95 Safari/537.36"
95.238.75.169 - - [13/Jan/2017:22:24:20 +0100] "GET /heart/favicon-32x32.png HTTP/1.1" 404 5692 "http://www.twolink.co.uk/" "Mozilla/5.0 (Macintosh; Intel Mac OS X 10_12_2) AppleWebKit/537.36 (KHTML, like Gecko) Chrome/55.0.2883.95 Safari/537.36"
95.238.75.169 - - [13/Jan/2017:22:24:23 +0100] "GET /auth/login-with.php?provider=Steam HTTP/1.1" 302 393 "http://www.twolink.co.uk/" "Mozilla/5.0 (Macintosh; Intel Mac OS X 10_12_2) AppleWebKit/537.36 (KHTML, like Gecko) Chrome/55.0.2883.95 Safari/537.36"
95.238.75.169 - - [13/Jan/2017:22:24:24 +0100] "GET /auth/?hauth.start=Steam&hauth.time=1484342663 HTTP/1.1" 500 295 "http://www.twolink.co.uk/" "Mozilla/5.0 (Macintosh; Intel Mac OS X 10_12_2) AppleWebKit/537.36 (KHTML, like Gecko) Chrome/55.0.2883.95 Safari/537.36"
95.238.75.169 - - [13/Jan/2017:22:24:29 +0100] "GET / HTTP/1.1" 200 2941 "-" "Mozilla/5.0 (Macintosh; Intel Mac OS X 10_12_2) AppleWebKit/537.36 (KHTML, like Gecko) Chrome/55.0.2883.95 Safari/537.36"
95.238.75.169 - - [13/Jan/2017:22:24:34 +0100] "GET /privacy HTTP/1.1" 301 593 "http://www.twolink.co.uk/" "Mozilla/5.0 (Macintosh; Intel Mac OS X 10_12_2) AppleWebKit/537.36 (KHTML, like Gecko) Chrome/55.0.2883.95 Safari/537.36"
95.238.75.169 - - [13/Jan/2017:22:24:34 +0100] "GET /privacy/ HTTP/1.1" 200 2707 "http://www.twolink.co.uk/" "Mozilla/5.0 (Macintosh; Intel Mac OS X 10_12_2) AppleWebKit/537.36 (KHTML, like Gecko) Chrome/55.0.2883.95 Safari/537.36"
95.238.75.169 - - [13/Jan/2017:22:24:42 +0100] "GET / HTTP/1.1" 200 2941 "http://www.twolink.co.uk/privacy/" "Mozilla/5.0 (Macintosh; Intel Mac OS X 10_12_2) AppleWebKit/537.36 (KHTML, like Gecko) Chrome/55.0.2883.95 Safari/537.36"
95.238.75.169 - - [13/Jan/2017:22:24:43 +0100] "GET /heart/js/TwoLink.js HTTP/1.1" 200 1195 "http://twolink.co.uk/" "Mozilla/5.0 (Macintosh; Intel Mac OS X 10_12_2) AppleWebKit/537.36 (KHTML, like Gecko) Chrome/55.0.2883.95 Safari/537.36"
95.238.75.169 - - [13/Jan/2017:22:24:43 +0100] "GET /heart/css/main-1.dark HTTP/1.1" 200 8220 "http://twolink.co.uk/" "Mozilla/5.0 (Macintosh; Intel Mac OS X 10_12_2) AppleWebKit/537.36 (KHTML, like Gecko) Chrome/55.0.2883.95 Safari/537.36"
95.238.75.169 - - [13/Jan/2017:22:24:44 +0100] "GET /heart/favicon.ico HTTP/1.1" 404 5692 "http://twolink.co.uk/" "Mozilla/5.0 (Macintosh; Intel Mac OS X 10_12_2) AppleWebKit/537.36 (KHTML, like Gecko) Chrome/55.0.2883.95 Safari/537.36"
95.238.75.169 - - [13/Jan/2017:22:24:44 +0100] "GET /heart/favicon-16x16.png HTTP/1.1" 404 5692 "http://twolink.co.uk/" "Mozilla/5.0 (Macintosh; Intel Mac OS X 10_12_2) AppleWebKit/537.36 (KHTML, like Gecko) Chrome/55.0.2883.95 Safari/537.36"
95.238.75.169 - - [13/Jan/2017:22:24:45 +0100] "GET /heart/android-chrome-192x192.png HTTP/1.1" 404 5692 "http://twolink.co.uk/" "Mozilla/5.0 (Macintosh; Intel Mac OS X 10_12_2) AppleWebKit/537.36 (KHTML, like Gecko) Chrome/55.0.2883.95 Safari/537.36"
95.238.75.169 - - [13/Jan/2017:22:24:45 +0100] "GET /heart/favicon-32x32.png HTTP/1.1" 404 5692 "http://twolink.co.uk/" "Mozilla/5.0 (Macintosh; Intel Mac OS X 10_12_2) AppleWebKit/537.36 (KHTML, like Gecko) Chrome/55.0.2883.95 Safari/537.36"
77.171.119.225 - - [13/Jan/2017:22:54:53 +0100] "GET /auth/login-with.php?provider=Twitter HTTP/1.1" 302 396 "http://twolink.co.uk/" "Mozilla/5.0 (Windows NT 10.0; Win64; x64) AppleWebKit/537.36 (KHTML, like Gecko) Chrome/55.0.2883.87 Safari/537.36"
77.171.119.225 - - [13/Jan/2017:22:54:53 +0100] "GET /auth/?hauth.start=Twitter&hauth.time=1484344493 HTTP/1.1" 302 409 "http://twolink.co.uk/" "Mozilla/5.0 (Windows NT 10.0; Win64; x64) AppleWebKit/537.36 (KHTML, like Gecko) Chrome/55.0.2883.87 Safari/537.36"
77.171.119.225 - - [13/Jan/2017:22:54:56 +0100] "GET /auth/?hauth.done=Twitter&oauth_token=V6LqxgAAAAAAyvCBAAABWZnThig&oauth_verifier=LiK3YVHEJbfB0euQVeK7M8YbCKbTAzZ8 HTTP/1.1" 302 384 "-" "Mozilla/5.0 (Windows NT 10.0; Win64; x64) AppleWebKit/537.36 (KHTML, like Gecko) Chrome/55.0.2883.87 Safari/537.36"
77.171.119.225 - - [13/Jan/2017:22:54:57 +0100] "GET /auth/login-with.php?provider=Twitter HTTP/1.1" 200 320 "-" "Mozilla/5.0 (Windows NT 10.0; Win64; x64) AppleWebKit/537.36 (KHTML, like Gecko) Chrome/55.0.2883.87 Safari/537.36"
180.76.15.18 - - [13/Jan/2017:22:56:39 +0100] "GET / HTTP/1.1" 200 2962 "-" "Mozilla/5.0 (compatible; Baiduspider/2.0; +http://www.baidu.com/search/spider.html)"
95.238.30.24 - - [13/Jan/2017:23:19:57 +0100] "GET /auth/login-with.php?provider=Steam HTTP/1.1" 302 394 "http://twolink.co.uk/" "Mozilla/5.0 (Macintosh; Intel Mac OS X 10_12_2) AppleWebKit/537.36 (KHTML, like Gecko) Chrome/55.0.2883.95 Safari/537.36"
95.238.30.24 - - [13/Jan/2017:23:19:57 +0100] "GET /auth/?hauth.start=Steam&hauth.time=1484345997 HTTP/1.1" 302 2467 "http://twolink.co.uk/" "Mozilla/5.0 (Macintosh; Intel Mac OS X 10_12_2) AppleWebKit/537.36 (KHTML, like Gecko) Chrome/55.0.2883.95 Safari/537.36"
95.238.30.24 - - [13/Jan/2017:23:20:18 +0100] "GET /auth/?hauth.done=Steam&openid.ns=http%3A%2F%2Fspecs.openid.net%2Fauth%2F2.0&openid.mode=id_res&openid.op_endpoint=https%3A%2F%2Fsteamcommunity.com%2Fopenid%2Flogin&openid.claimed_id=http%3A%2F%2Fsteamcommunity.com%2Fopenid%2Fid%2F76561198132908617&openid.identity=http%3A%2F%2Fsteamcommunity.com%2Fopenid%2Fid%2F76561198132908617&openid.return_to=http%3A%2F%2Ftwolink.co.uk%2Fauth%2F%3Fhauth.done%3DSteam&openid.response_nonce=2017-01-13T22%3A20%3A17Z30nM%2BaVb9IAIij1kFKcc7fegK7g%3D&openid.assoc_handle=1234567890&openid.signed=signed%2Cop_endpoint%2Cclaimed_id%2Cidentity%2Creturn_to%2Cresponse_nonce%2Cassoc_handle&openid.sig=VsXZAgUwWzWTMBFZZa6xSbe9YWU%3D HTTP/1.1" 302 383 "-" "Mozilla/5.0 (Macintosh; Intel Mac OS X 10_12_2) AppleWebKit/537.36 (KHTML, like Gecko) Chrome/55.0.2883.95 Safari/537.36"
95.238.30.24 - - [13/Jan/2017:23:20:21 +0100] "GET /auth/login-with.php?provider=Steam HTTP/1.1" 500 303 "-" "Mozilla/5.0 (Macintosh; Intel Mac OS X 10_12_2) AppleWebKit/537.36 (KHTML, like Gecko) Chrome/55.0.2883.95 Safari/537.36"
95.238.30.24 - - [13/Jan/2017:23:21:44 +0100] "GET / HTTP/1.1" 200 2941 "-" "Mozilla/5.0 (Macintosh; Intel Mac OS X 10_12_2) AppleWebKit/537.36 (KHTML, like Gecko) Chrome/55.0.2883.95 Safari/537.36"
95.238.30.24 - - [13/Jan/2017:23:21:54 +0100] "GET /auth/login-with.php?provider=Google HTTP/1.1" 500 185 "http://www.twolink.co.uk/" "Mozilla/5.0 (Macintosh; Intel Mac OS X 10_12_2) AppleWebKit/537.36 (KHTML, like Gecko) Chrome/55.0.2883.95 Safari/537.36"
77.171.119.225 - - [13/Jan/2017:23:22:06 +0100] "GET /auth/login-with.php?provider=Twitter HTTP/1.1" 500 303 "-" "Mozilla/5.0 (Windows NT 10.0; Win64; x64) AppleWebKit/537.36 (KHTML, like Gecko) Chrome/55.0.2883.87 Safari/537.36"
77.171.119.225 - - [13/Jan/2017:23:22:38 +0100] "GET /auth/login-with.php?provider=Twitter HTTP/1.1" 500 185 "-" "Mozilla/5.0 (Windows NT 10.0; Win64; x64) AppleWebKit/537.36 (KHTML, like Gecko) Chrome/55.0.2883.87 Safari/537.36"
77.171.119.225 - - [13/Jan/2017:23:22:40 +0100] "GET /auth/login-with.php?provider=Twitter HTTP/1.1" 500 185 "-" "Mozilla/5.0 (Windows NT 10.0; Win64; x64) AppleWebKit/537.36 (KHTML, like Gecko) Chrome/55.0.2883.87 Safari/537.36"
77.171.119.225 - - [13/Jan/2017:23:22:58 +0100] "GET /log.log HTTP/1.1" 200 38249 "-" "Mozilla/5.0 (Windows NT 10.0; Win64; x64) AppleWebKit/537.36 (KHTML, like Gecko) Chrome/55.0.2883.87 Safari/537.36"
77.171.119.225 - - [13/Jan/2017:23:25:01 +0100] "GET /log.log HTTP/1.1" 304 182 "-" "Mozilla/5.0 (Windows NT 10.0; Win64; x64) AppleWebKit/537.36 (KHTML, like Gecko) Chrome/55.0.2883.87 Safari/537.36"
77.171.119.225 - - [13/Jan/2017:23:25:04 +0100] "GET /auth/login-with.php?provider=Twitter HTTP/1.1" 500 185 "-" "Mozilla/5.0 (Windows NT 10.0; Win64; x64) AppleWebKit/537.36 (KHTML, like Gecko) Chrome/55.0.2883.87 Safari/537.36"
77.171.119.225 - - [13/Jan/2017:23:25:08 +0100] "GET /log.log HTTP/1.1" 200 38504 "-" "Mozilla/5.0 (Windows NT 10.0; Win64; x64) AppleWebKit/537.36 (KHTML, like Gecko) Chrome/55.0.2883.87 Safari/537.36"
77.171.119.225 - - [13/Jan/2017:23:25:33 +0100] "GET /auth/login-with.php?provider=Twitter HTTP/1.1" 500 321 "-" "Mozilla/5.0 (Windows NT 10.0; Win64; x64) AppleWebKit/537.36 (KHTML, like Gecko) Chrome/55.0.2883.87 Safari/537.36"
180.76.15.162 - - [14/Jan/2017:00:03:28 +0100] "GET /heart/css/styles.css HTTP/1.1" 200 2017 "-" "Mozilla/5.0 (compatible; Baiduspider/2.0; +http://www.baidu.com/search/spider.html)"
180.76.15.10 - - [14/Jan/2017:00:10:33 +0100] "GET /robots.txt HTTP/1.1" 404 5714 "-" "Mozilla/5.0 (Windows NT 5.1; rv:6.0.2) Gecko/20100101 Firefox/6.0.2"
77.171.119.225 - - [14/Jan/2017:00:33:51 +0100] "GET /auth/login-with.php?provider=Twitter HTTP/1.1" 302 396 "-" "Mozilla/5.0 (Windows NT 10.0; Win64; x64) AppleWebKit/537.36 (KHTML, like Gecko) Chrome/55.0.2883.87 Safari/537.36"
77.171.119.225 - - [14/Jan/2017:00:33:52 +0100] "GET /auth/?hauth.start=Twitter&hauth.time=1484350431 HTTP/1.1" 302 409 "-" "Mozilla/5.0 (Windows NT 10.0; Win64; x64) AppleWebKit/537.36 (KHTML, like Gecko) Chrome/55.0.2883.87 Safari/537.36"
77.171.119.225 - - [14/Jan/2017:00:33:54 +0100] "GET /auth/?hauth.done=Twitter&oauth_token=kFhbEwAAAAAAyvCBAAABWZouJF0&oauth_verifier=TrmfqwGyyJJUi3PBhuT3c6UhH8Qeub07 HTTP/1.1" 302 384 "-" "Mozilla/5.0 (Windows NT 10.0; Win64; x64) AppleWebKit/537.36 (KHTML, like Gecko) Chrome/55.0.2883.87 Safari/537.36"
77.171.119.225 - - [14/Jan/2017:00:33:55 +0100] "GET /auth/login-with.php?provider=Twitter HTTP/1.1" 500 321 "-" "Mozilla/5.0 (Windows NT 10.0; Win64; x64) AppleWebKit/537.36 (KHTML, like Gecko) Chrome/55.0.2883.87 Safari/537.36"
77.171.119.225 - - [14/Jan/2017:00:34:32 +0100] "GET /log.log HTTP/1.1" 200 39225 "-" "Mozilla/5.0 (Windows NT 10.0; Win64; x64) AppleWebKit/537.36 (KHTML, like Gecko) Chrome/55.0.2883.87 Safari/537.36"
77.171.119.225 - - [14/Jan/2017:00:45:09 +0100] "GET /auth/login-with.php?provider=Twitter HTTP/1.1" 500 321 "-" "Mozilla/5.0 (Windows NT 10.0; Win64; x64) AppleWebKit/537.36 (KHTML, like Gecko) Chrome/55.0.2883.87 Safari/537.36"
77.171.119.225 - - [14/Jan/2017:00:45:16 +0100] "GET /auth/login-with.php?provider=Steam HTTP/1.1" 302 394 "-" "Mozilla/5.0 (Windows NT 10.0; Win64; x64) AppleWebKit/537.36 (KHTML, like Gecko) Chrome/55.0.2883.87 Safari/537.36"
77.171.119.225 - - [14/Jan/2017:00:45:16 +0100] "GET /auth/?hauth.start=Steam&hauth.time=1484351116 HTTP/1.1" 302 2467 "-" "Mozilla/5.0 (Windows NT 10.0; Win64; x64) AppleWebKit/537.36 (KHTML, like Gecko) Chrome/55.0.2883.87 Safari/537.36"
77.171.119.225 - - [14/Jan/2017:00:45:20 +0100] "GET /auth/?hauth.done=Steam&openid.ns=http%3A%2F%2Fspecs.openid.net%2Fauth%2F2.0&openid.mode=id_res&openid.op_endpoint=https%3A%2F%2Fsteamcommunity.com%2Fopenid%2Flogin&openid.claimed_id=http%3A%2F%2Fsteamcommunity.com%2Fopenid%2Fid%2F76561198095712801&openid.identity=http%3A%2F%2Fsteamcommunity.com%2Fopenid%2Fid%2F76561198095712801&openid.return_to=http%3A%2F%2Ftwolink.co.uk%2Fauth%2F%3Fhauth.done%3DSteam&openid.response_nonce=2017-01-13T23%3A45%3A20Zyh3PrA5Ajagz7bHTW%2BuqmVKZ08I%3D&openid.assoc_handle=1234567890&openid.signed=signed%2Cop_endpoint%2Cclaimed_id%2Cidentity%2Creturn_to%2Cresponse_nonce%2Cassoc_handle&openid.sig=gVL2mF9SNcmro8pWkzOpuFtLeLU%3D HTTP/1.1" 302 382 "-" "Mozilla/5.0 (Windows NT 10.0; Win64; x64) AppleWebKit/537.36 (KHTML, like Gecko) Chrome/55.0.2883.87 Safari/537.36"
77.171.119.225 - - [14/Jan/2017:00:45:21 +0100] "GET /auth/login-with.php?provider=Steam HTTP/1.1" 500 321 "-" "Mozilla/5.0 (Windows NT 10.0; Win64; x64) AppleWebKit/537.36 (KHTML, like Gecko) Chrome/55.0.2883.87 Safari/537.36"
77.171.119.225 - - [14/Jan/2017:00:51:32 +0100] "GET /auth/login-with.php?provider=Steam HTTP/1.1" 500 185 "-" "Mozilla/5.0 (Windows NT 10.0; Win64; x64) AppleWebKit/537.36 (KHTML, like Gecko) Chrome/55.0.2883.87 Safari/537.36"
77.171.119.225 - - [14/Jan/2017:00:52:22 +0100] "GET /log.log HTTP/1.1" 200 40156 "-" "Mozilla/5.0 (Windows NT 10.0; Win64; x64) AppleWebKit/537.36 (KHTML, like Gecko) Chrome/55.0.2883.87 Safari/537.36"
77.171.119.225 - - [14/Jan/2017:00:52:44 +0100] "GET /auth/login-with.php?provider=Steam HTTP/1.1" 500 321 "-" "Mozilla/5.0 (Windows NT 10.0; Win64; x64) AppleWebKit/537.36 (KHTML, like Gecko) Chrome/55.0.2883.87 Safari/537.36"
77.171.119.225 - - [14/Jan/2017:00:53:22 +0100] "GET / HTTP/1.1" 200 2941 "-" "Mozilla/5.0 (Windows NT 10.0; Win64; x64) AppleWebKit/537.36 (KHTML, like Gecko) Chrome/55.0.2883.87 Safari/537.36"
77.171.119.225 - - [14/Jan/2017:00:53:25 +0100] "GET /auth/login-with.php?provider=Google HTTP/1.1" 302 394 "http://twolink.co.uk/" "Mozilla/5.0 (Windows NT 10.0; Win64; x64) AppleWebKit/537.36 (KHTML, like Gecko) Chrome/55.0.2883.87 Safari/537.36"
77.171.119.225 - - [14/Jan/2017:00:53:25 +0100] "GET /auth/?hauth.start=Google&hauth.time=1484351605 HTTP/1.1" 302 733 "http://twolink.co.uk/" "Mozilla/5.0 (Windows NT 10.0; Win64; x64) AppleWebKit/537.36 (KHTML, like Gecko) Chrome/55.0.2883.87 Safari/537.36"
77.171.119.225 - - [14/Jan/2017:00:53:28 +0100] "GET /auth/?hauth.done=Google&code=4/1UfFWHz2EffTnin7LamEe6cyB_rx642N7HqqQed4KXw&authuser=0&session_state=4722f99a0c77ea82c8a89632aec5a2818fd5f7a7..5a9b&prompt=none HTTP/1.1" 302 383 "-" "Mozilla/5.0 (Windows NT 10.0; Win64; x64) AppleWebKit/537.36 (KHTML, like Gecko) Chrome/55.0.2883.87 Safari/537.36"
77.171.119.225 - - [14/Jan/2017:00:53:29 +0100] "GET /auth/login-with.php?provider=Google HTTP/1.1" 500 321 "-" "Mozilla/5.0 (Windows NT 10.0; Win64; x64) AppleWebKit/537.36 (KHTML, like Gecko) Chrome/55.0.2883.87 Safari/537.36"
77.171.119.225 - - [14/Jan/2017:00:59:00 +0100] "GET /auth/login-with.php HTTP/1.1" 200 313 "-" "Mozilla/5.0 (Windows NT 10.0; Win64; x64) AppleWebKit/537.36 (KHTML, like Gecko) Chrome/55.0.2883.87 Safari/537.36"
77.171.119.225 - - [14/Jan/2017:00:59:14 +0100] "GET /auth/login-with.php?provider=Google HTTP/1.1" 200 313 "-" "Mozilla/5.0 (Windows NT 10.0; Win64; x64) AppleWebKit/537.36 (KHTML, like Gecko) Chrome/55.0.2883.87 Safari/537.36"
77.171.119.225 - - [14/Jan/2017:00:59:18 +0100] "GET /auth/login-with.php?provider=Google HTTP/1.1" 200 312 "-" "Mozilla/5.0 (Windows NT 10.0; Win64; x64) AppleWebKit/537.36 (KHTML, like Gecko) Chrome/55.0.2883.87 Safari/537.36"
77.171.119.225 - - [14/Jan/2017:00:59:24 +0100] "GET /log.log HTTP/1.1" 200 41753 "-" "Mozilla/5.0 (Windows NT 10.0; Win64; x64) AppleWebKit/537.36 (KHTML, like Gecko) Chrome/55.0.2883.87 Safari/537.36"
77.171.119.225 - - [14/Jan/2017:01:00:39 +0100] "GET /auth/login-with.php?provider=Google HTTP/1.1" 500 185 "-" "Mozilla/5.0 (Windows NT 10.0; Win64; x64) AppleWebKit/537.36 (KHTML, like Gecko) Chrome/55.0.2883.87 Safari/537.36"
77.171.119.225 - - [14/Jan/2017:01:00:43 +0100] "GET /log.log HTTP/1.1" 200 41987 "-" "Mozilla/5.0 (Windows NT 10.0; Win64; x64) AppleWebKit/537.36 (KHTML, like Gecko) Chrome/55.0.2883.87 Safari/537.36"
77.171.119.225 - - [14/Jan/2017:01:01:02 +0100] "GET /auth/login-with.php?provider=Google HTTP/1.1" 500 321 "-" "Mozilla/5.0 (Windows NT 10.0; Win64; x64) AppleWebKit/537.36 (KHTML, like Gecko) Chrome/55.0.2883.87 Safari/537.36"
77.171.119.225 - - [14/Jan/2017:01:01:15 +0100] "GET /log.log HTTP/1.1" 200 42583 "-" "Mozilla/5.0 (Windows NT 10.0; Win64; x64) AppleWebKit/537.36 (KHTML, like Gecko) Chrome/55.0.2883.87 Safari/537.36"
77.171.119.225 - - [14/Jan/2017:01:04:57 +0100] "GET /auth/login-with.php?provider=Steam HTTP/1.1" 500 321 "-" "Mozilla/5.0 (Windows NT 10.0; Win64; x64) AppleWebKit/537.36 (KHTML, like Gecko) Chrome/55.0.2883.87 Safari/537.36"
77.171.119.225 - - [14/Jan/2017:01:05:08 +0100] "GET /auth/login-with.php?provider=Facebook HTTP/1.1" 302 397 "-" "Mozilla/5.0 (Windows NT 10.0; Win64; x64) AppleWebKit/537.36 (KHTML, like Gecko) Chrome/55.0.2883.87 Safari/537.36"
77.171.119.225 - - [14/Jan/2017:01:05:08 +0100] "GET /auth/?hauth.start=Facebook&hauth.time=1484352308 HTTP/1.1" 302 677 "-" "Mozilla/5.0 (Windows NT 10.0; Win64; x64) AppleWebKit/537.36 (KHTML, like Gecko) Chrome/55.0.2883.87 Safari/537.36"
77.171.119.225 - - [14/Jan/2017:01:05:08 +0100] "GET /auth/?hauth.done=Facebook&code=AQCzRrsChTx7YfeAVEHSB7e0z4zieUlkJisQSpGiOixm2Ia4mqo7wds1thRzFiSrkTcgzTq0AKtAkkkaVCvO_ACoTBW9AyuuTAue7i9CFsBEDdQ_psCZZjZ3PW4dF-j2iFlbmNZ8AC5dwiOALQ2sFEQyeyRCHko8mY06aa8JtSsN70FnGrrSs6gJuo4rasheZ8LYkyyy8TzbWXqrVrHUFz9CSIY1DaVegz3CwhOjaYRUMp4LhyQSqdbQSlFsmQKszYagWq_UcMB0BQx3koeEJ2L9Hzqk2AA3F_WL-0YpXmlp7h0imNjwnFE2-Vj8-nMi2kuaN4gVAz0-eBbgExiZww6_&state=77287f0769ca90696fbb8f2227f2d4e0 HTTP/1.1" 302 385 "-" "Mozilla/5.0 (Windows NT 10.0; Win64; x64) AppleWebKit/537.36 (KHTML, like Gecko) Chrome/55.0.2883.87 Safari/537.36"
77.171.119.225 - - [14/Jan/2017:01:05:08 +0100] "GET /auth/login-with.php?provider=Facebook HTTP/1.1" 500 321 "-" "Mozilla/5.0 (Windows NT 10.0; Win64; x64) AppleWebKit/537.36 (KHTML, like Gecko) Chrome/55.0.2883.87 Safari/537.36"
77.171.119.225 - - [14/Jan/2017:01:05:18 +0100] "GET / HTTP/1.1" 200 2941 "-" "Mozilla/5.0 (Windows NT 10.0; Win64; x64) AppleWebKit/537.36 (KHTML, like Gecko) Chrome/55.0.2883.87 Safari/537.36"
