95.220.175.4 - - [15/Jan/2017:23:26:01 +0100] "GET /heart/css/main-1.dark HTTP/1.1" 200 8184 "http://twolink.co.uk/terms/" "Mozilla/5.0 (compatible; MSIE 10.0; Windows NT 6.2; Trident/6.0; Touch; MALNJS)"
128.68.33.88 - - [16/Jan/2017:00:20:17 +0100] "GET /terms/index%20(copy).php HTTP/1.1" 404 5714 "http://yandex.ru/clck/jsredir?from=yandex.ru%3Bsearch%3Bweb%3B%3B&text=&etext=1302.xCjKOFZm6SCqQhsO37cyBQnm5PTm0pZxZT4vMoWq8nz8NpcK1PV7SbmKWA5WS-zN.fb6d57e725b0197a38accf490c14d5a5536ae216&uuid=&state=_BLhILn4SxNIvvL0W45KSic66uCIg23qh8iRG98qeIXmeppkgUc0YKCJkrjchpDstTwxTkjwGrA&data=UlNrNmk5WktYejR0eWJFYk1Ldmtxc2FRQ1V2VEFPQkZ5SkwtNEZHQmdvSGxvRXd3aVV4X1ZhNlBQZ1ZieVVITm9MR3ZMNG9JeEltVHlpUWpmXzgwSzFIaVZCclVxc1BUY2N1WExndlpTc0xzYWdldURkTmwwQzA3VGNLUGhPMFZYSnppbGpvZHZlSQ&b64e=2&sign=ca24635f3175eef481d4b801054ac6d6&keyno=0&cst=AiuY0DBWFJ7IXge4WdYJQa9gkHE_3kbiEQc_TapJY-73RX_h0B4jq5mkmMvBSzD0Pa4ap4tF2p216EiYBA5I6r7EYuRA1r9Coj9ERCU0Da3TzWDhK1o2yPv6V-hNEWSicG1NLseRTPkq9PcKsoiZtw&ref=orjY4mGPRjk5boDnW0uvlrrd71vZw9kp5uQozpMtKCXN8sJ9bCiuTsfopWQFkcaa1vhKdLhUTxDmTI_eW8Uxdyiv8As5EUhdDped71i1pABNdUtYC-MIeA&l10n=ru&cts=1484519239666&mc=7.1986103843" "Mozilla/4.0 (compatible; MSIE 8.0; Windows NT 5.1; Trident/4.0; .NET CLR 1.1.4322)"
128.68.33.88 - - [16/Jan/2017:00:20:20 +0100] "GET /heart/js/TwoLink.js HTTP/1.1" 200 1159 "http://twolink.co.uk/terms/index%20(copy).php" "Mozilla/4.0 (compatible; MSIE 8.0; Windows NT 5.1; Trident/4.0; .NET CLR 1.1.4322)"
128.68.33.88 - - [16/Jan/2017:00:20:28 +0100] "GET /heart/css/main-1.dark HTTP/1.1" 200 8184 "http://twolink.co.uk/terms/index%20(copy).php" "Mozilla/4.0 (compatible; MSIE 8.0; Windows NT 5.1; Trident/4.0; .NET CLR 1.1.4322)"
180.76.15.152 - - [16/Jan/2017:01:34:52 +0100] "GET /heart/js/jquery.min.js HTTP/1.1" 404 5714 "-" "Mozilla/5.0 (compatible; Baiduspider/2.0; +http://www.baidu.com/search/spider.html)"
180.76.15.23 - - [16/Jan/2017:04:09:23 +0100] "GET /js/jquery.min.js HTTP/1.1" 404 5714 "-" "Mozilla/5.0 (compatible; Baiduspider/2.0; +http://www.baidu.com/search/spider.html)"
207.46.13.172 - - [16/Jan/2017:07:47:58 +0100] "GET / HTTP/1.1" 200 2999 "-" "Mozilla/5.0 (compatible; bingbot/2.0; +http://www.bing.com/bingbot.htm)"
66.249.93.148 - - [16/Jan/2017:11:03:07 +0100] "GET / HTTP/1.1" 200 2999 "-" "Mozilla/5.0 (X11; Linux x86_64) AppleWebKit/537.36 (KHTML, like Gecko) Chrome/49.0.2623.75 Safari/537.36 Google Favicon"
66.249.93.148 - - [16/Jan/2017:11:03:07 +0100] "GET /heart/favicon-32x32.png HTTP/1.1" 404 5750 "-" "Mozilla/5.0 (X11; Linux x86_64) AppleWebKit/537.36 (KHTML, like Gecko) Chrome/49.0.2623.75 Safari/537.36 Google Favicon"
141.8.142.173 - - [16/Jan/2017:14:05:05 +0100] "GET /robots.txt HTTP/1.1" 404 5751 "-" "Mozilla/5.0 (compatible; YandexBot/3.0; +http://yandex.com/bots)"
141.8.142.173 - - [16/Jan/2017:14:05:09 +0100] "GET /heart/favicon.ico HTTP/1.1" 404 5750 "-" "Mozilla/5.0 (compatible; YandexBot/3.0; +http://yandex.com/bots)"
178.154.149.14 - - [16/Jan/2017:14:05:27 +0100] "GET /robots.txt HTTP/1.1" 404 5751 "-" "Mozilla/5.0 (compatible; YandexBot/3.0; +http://yandex.com/bots)"
178.154.189.36 - - [16/Jan/2017:14:05:31 +0100] "GET /heart/favicon-16x16.png HTTP/1.1" 404 5751 "-" "Mozilla/5.0 (compatible; YandexBot/3.0; +http://yandex.com/bots)"
86.128.125.96 - - [16/Jan/2017:14:33:22 +0100] "GET / HTTP/1.1" 200 2999 "-" "Mozilla/5.0 (Windows NT 6.1; WOW64) AppleWebKit/537.36 (KHTML, like Gecko) Chrome/55.0.2883.87 Safari/537.36"
86.128.125.96 - - [16/Jan/2017:14:33:22 +0100] "GET /heart/js/TwoLink.js HTTP/1.1" 200 1195 "http://twolink.co.uk/" "Mozilla/5.0 (Windows NT 6.1; WOW64) AppleWebKit/537.36 (KHTML, like Gecko) Chrome/55.0.2883.87 Safari/537.36"
86.128.125.96 - - [16/Jan/2017:14:33:23 +0100] "GET /heart/css/main-1.css HTTP/1.1" 200 2096 "http://twolink.co.uk/" "Mozilla/5.0 (Windows NT 6.1; WOW64) AppleWebKit/537.36 (KHTML, like Gecko) Chrome/55.0.2883.87 Safari/537.36"
86.128.125.96 - - [16/Jan/2017:14:33:23 +0100] "GET /heart/favicon.ico HTTP/1.1" 404 5692 "http://twolink.co.uk/" "Mozilla/5.0 (Windows NT 6.1; WOW64) AppleWebKit/537.36 (KHTML, like Gecko) Chrome/55.0.2883.87 Safari/537.36"
86.128.125.96 - - [16/Jan/2017:14:33:23 +0100] "GET /heart/favicon-16x16.png HTTP/1.1" 404 5692 "http://twolink.co.uk/" "Mozilla/5.0 (Windows NT 6.1; WOW64) AppleWebKit/537.36 (KHTML, like Gecko) Chrome/55.0.2883.87 Safari/537.36"
86.128.125.96 - - [16/Jan/2017:14:33:23 +0100] "GET /heart/android-chrome-192x192.png HTTP/1.1" 404 5692 "http://twolink.co.uk/" "Mozilla/5.0 (Windows NT 6.1; WOW64) AppleWebKit/537.36 (KHTML, like Gecko) Chrome/55.0.2883.87 Safari/537.36"
86.128.125.96 - - [16/Jan/2017:14:33:23 +0100] "GET /heart/favicon-32x32.png HTTP/1.1" 404 5692 "http://twolink.co.uk/" "Mozilla/5.0 (Windows NT 6.1; WOW64) AppleWebKit/537.36 (KHTML, like Gecko) Chrome/55.0.2883.87 Safari/537.36"
86.128.125.96 - - [16/Jan/2017:14:41:27 +0100] "GET / HTTP/1.1" 200 2941 "-" "Mozilla/5.0 (Windows NT 6.1; WOW64) AppleWebKit/537.36 (KHTML, like Gecko) Chrome/55.0.2883.87 Safari/537.36"
86.128.125.96 - - [16/Jan/2017:14:41:57 +0100] "GET / HTTP/1.1" 200 2941 "-" "Mozilla/5.0 (Windows NT 6.1; WOW64) AppleWebKit/537.36 (KHTML, like Gecko) Chrome/55.0.2883.87 Safari/537.36"
203.133.169.18 - - [16/Jan/2017:16:31:26 +0100] "GET /robots.txt HTTP/1.1" 404 5751 "-" "Mozilla/5.0 (compatible; MSIE 9.0; Firefox/50.1) Daum/4.1"
203.133.169.18 - - [16/Jan/2017:16:31:26 +0100] "GET / HTTP/1.1" 200 2999 "-" "Mozilla/5.0 (compatible; MSIE 9.0; Firefox/50.1) Daum/4.1"
86.128.125.96 - - [16/Jan/2017:16:36:03 +0100] "GET / HTTP/1.1" 200 2999 "-" "Mozilla/5.0 (Windows NT 6.1; WOW64) AppleWebKit/537.36 (KHTML, like Gecko) Chrome/55.0.2883.87 Safari/537.36"
86.128.125.96 - - [16/Jan/2017:16:36:03 +0100] "GET /heart/js/TwoLink.js HTTP/1.1" 200 1195 "http://twolink.co.uk/" "Mozilla/5.0 (Windows NT 6.1; WOW64) AppleWebKit/537.36 (KHTML, like Gecko) Chrome/55.0.2883.87 Safari/537.36"
86.128.125.96 - - [16/Jan/2017:16:36:04 +0100] "GET /heart/css/main-1.css HTTP/1.1" 200 2096 "http://twolink.co.uk/" "Mozilla/5.0 (Windows NT 6.1; WOW64) AppleWebKit/537.36 (KHTML, like Gecko) Chrome/55.0.2883.87 Safari/537.36"
86.128.125.96 - - [16/Jan/2017:16:36:04 +0100] "GET /heart/favicon.ico HTTP/1.1" 404 5692 "http://twolink.co.uk/" "Mozilla/5.0 (Windows NT 6.1; WOW64) AppleWebKit/537.36 (KHTML, like Gecko) Chrome/55.0.2883.87 Safari/537.36"
86.128.125.96 - - [16/Jan/2017:16:36:04 +0100] "GET /heart/favicon-16x16.png HTTP/1.1" 404 5692 "http://twolink.co.uk/" "Mozilla/5.0 (Windows NT 6.1; WOW64) AppleWebKit/537.36 (KHTML, like Gecko) Chrome/55.0.2883.87 Safari/537.36"
86.128.125.96 - - [16/Jan/2017:16:36:04 +0100] "GET /heart/android-chrome-192x192.png HTTP/1.1" 404 5692 "http://twolink.co.uk/" "Mozilla/5.0 (Windows NT 6.1; WOW64) AppleWebKit/537.36 (KHTML, like Gecko) Chrome/55.0.2883.87 Safari/537.36"
86.128.125.96 - - [16/Jan/2017:16:36:04 +0100] "GET /heart/favicon-32x32.png HTTP/1.1" 404 5692 "http://twolink.co.uk/" "Mozilla/5.0 (Windows NT 6.1; WOW64) AppleWebKit/537.36 (KHTML, like Gecko) Chrome/55.0.2883.87 Safari/537.36"
86.128.125.96 - - [16/Jan/2017:16:36:11 +0100] "GET /auth/login-with.php?provider=Google HTTP/1.1" 302 395 "http://twolink.co.uk/" "Mozilla/5.0 (Windows NT 6.1; WOW64) AppleWebKit/537.36 (KHTML, like Gecko) Chrome/55.0.2883.87 Safari/537.36"
86.128.125.96 - - [16/Jan/2017:16:36:12 +0100] "GET /auth/?hauth.start=Google&hauth.time=1484580972 HTTP/1.1" 302 733 "http://twolink.co.uk/" "Mozilla/5.0 (Windows NT 6.1; WOW64) AppleWebKit/537.36 (KHTML, like Gecko) Chrome/55.0.2883.87 Safari/537.36"
86.128.125.96 - - [16/Jan/2017:16:36:31 +0100] "GET /auth/?hauth.done=Google&code=4/joKl06xBhYV7bkianqTMGP1jEXAtD-6AvaLync_mBwg&authuser=0&session_state=16191770dabaa042d22b35996af94582ebb25c64..cafd&prompt=consent HTTP/1.1" 302 384 "-" "Mozilla/5.0 (Windows NT 6.1; WOW64) AppleWebKit/537.36 (KHTML, like Gecko) Chrome/55.0.2883.87 Safari/537.36"
86.128.125.96 - - [16/Jan/2017:16:36:32 +0100] "GET /auth/login-with.php?provider=Google HTTP/1.1" 302 505 "-" "Mozilla/5.0 (Windows NT 6.1; WOW64) AppleWebKit/537.36 (KHTML, like Gecko) Chrome/55.0.2883.87 Safari/537.36"
86.128.125.96 - - [16/Jan/2017:16:36:33 +0100] "GET / HTTP/1.1" 200 2940 "-" "Mozilla/5.0 (Windows NT 6.1; WOW64) AppleWebKit/537.36 (KHTML, like Gecko) Chrome/55.0.2883.87 Safari/537.36"
66.249.93.148 - - [16/Jan/2017:16:38:23 +0100] "GET /heart/favicon-32x32.png HTTP/1.1" 404 5751 "-" "Mozilla/5.0 (X11; Linux x86_64) AppleWebKit/537.36 (KHTML, like Gecko) Chrome/49.0.2623.75 Safari/537.36 Google Favicon"
180.76.15.28 - - [16/Jan/2017:19:42:10 +0100] "GET /privacy HTTP/1.1" 301 545 "-" "Mozilla/5.0 (compatible; Baiduspider/2.0; +http://www.baidu.com/search/spider.html)"
180.76.15.30 - - [16/Jan/2017:19:42:11 +0100] "GET /privacy/ HTTP/1.1" 200 2729 "-" "Mozilla/5.0 (compatible; Baiduspider/2.0; +http://www.baidu.com/search/spider.html)"
207.46.13.172 - - [16/Jan/2017:19:47:46 +0100] "GET / HTTP/1.1" 200 2999 "-" "Mozilla/5.0 (compatible; bingbot/2.0; +http://www.bing.com/bingbot.htm)"
180.76.15.17 - - [16/Jan/2017:20:15:40 +0100] "GET /heart/css/main-1.css HTTP/1.1" 200 2060 "-" "Mozilla/5.0 (compatible; Baiduspider/2.0; +http://www.baidu.com/search/spider.html)"
62.212.73.211 - - [16/Jan/2017:20:48:30 +0100] "GET /robots.txt HTTP/1.1" 404 5751 "-" "Mozilla/5.0 (compatible; MJ12bot/v1.4.7; http://mj12bot.com/)"
62.212.73.211 - - [16/Jan/2017:20:48:31 +0100] "GET / HTTP/1.1" 200 7897 "-" "Mozilla/5.0 (compatible; MJ12bot/v1.4.7; http://mj12bot.com/)"
86.137.179.119 - - [16/Jan/2017:23:53:08 +0100] "GET / HTTP/1.1" 200 2941 "-" "Mozilla/5.0 (Macintosh; Intel Mac OS X 10_12_2) AppleWebKit/537.36 (KHTML, like Gecko) Chrome/55.0.2883.95 Safari/537.36"
86.137.179.119 - - [16/Jan/2017:23:53:09 +0100] "GET /heart/js/TwoLink.js HTTP/1.1" 200 1195 "http://www.twolink.co.uk/" "Mozilla/5.0 (Macintosh; Intel Mac OS X 10_12_2) AppleWebKit/537.36 (KHTML, like Gecko) Chrome/55.0.2883.95 Safari/537.36"
86.137.179.119 - - [16/Jan/2017:23:53:10 +0100] "GET /heart/css/main-1.dark HTTP/1.1" 304 181 "http://www.twolink.co.uk/" "Mozilla/5.0 (Macintosh; Intel Mac OS X 10_12_2) AppleWebKit/537.36 (KHTML, like Gecko) Chrome/55.0.2883.95 Safari/537.36"
86.137.179.119 - - [16/Jan/2017:23:53:11 +0100] "GET /heart/favicon.ico HTTP/1.1" 404 5692 "http://www.twolink.co.uk/" "Mozilla/5.0 (Macintosh; Intel Mac OS X 10_12_2) AppleWebKit/537.36 (KHTML, like Gecko) Chrome/55.0.2883.95 Safari/537.36"
86.137.179.119 - - [16/Jan/2017:23:53:11 +0100] "GET /heart/favicon-16x16.png HTTP/1.1" 404 5692 "http://www.twolink.co.uk/" "Mozilla/5.0 (Macintosh; Intel Mac OS X 10_12_2) AppleWebKit/537.36 (KHTML, like Gecko) Chrome/55.0.2883.95 Safari/537.36"
86.137.179.119 - - [16/Jan/2017:23:53:11 +0100] "GET /heart/android-chrome-192x192.png HTTP/1.1" 404 5692 "http://www.twolink.co.uk/" "Mozilla/5.0 (Macintosh; Intel Mac OS X 10_12_2) AppleWebKit/537.36 (KHTML, like Gecko) Chrome/55.0.2883.95 Safari/537.36"
86.137.179.119 - - [16/Jan/2017:23:53:11 +0100] "GET /heart/favicon-32x32.png HTTP/1.1" 404 5692 "http://www.twolink.co.uk/" "Mozilla/5.0 (Macintosh; Intel Mac OS X 10_12_2) AppleWebKit/537.36 (KHTML, like Gecko) Chrome/55.0.2883.95 Safari/537.36"
86.137.179.119 - - [16/Jan/2017:23:58:03 +0100] "GET /terms HTTP/1.1" 301 590 "http://www.twolink.co.uk/" "Mozilla/5.0 (Macintosh; Intel Mac OS X 10_12_2) AppleWebKit/537.36 (KHTML, like Gecko) Chrome/55.0.2883.95 Safari/537.36"
86.137.179.119 - - [16/Jan/2017:23:58:03 +0100] "GET /terms/ HTTP/1.1" 200 3577 "http://www.twolink.co.uk/" "Mozilla/5.0 (Macintosh; Intel Mac OS X 10_12_2) AppleWebKit/537.36 (KHTML, like Gecko) Chrome/55.0.2883.95 Safari/537.36"
86.137.179.119 - - [16/Jan/2017:23:58:07 +0100] "GET / HTTP/1.1" 200 2941 "http://www.twolink.co.uk/terms/" "Mozilla/5.0 (Macintosh; Intel Mac OS X 10_12_2) AppleWebKit/537.36 (KHTML, like Gecko) Chrome/55.0.2883.95 Safari/537.36"
86.137.179.119 - - [16/Jan/2017:23:58:07 +0100] "GET /heart/js/TwoLink.js HTTP/1.1" 200 1195 "http://twolink.co.uk/" "Mozilla/5.0 (Macintosh; Intel Mac OS X 10_12_2) AppleWebKit/537.36 (KHTML, like Gecko) Chrome/55.0.2883.95 Safari/537.36"
86.137.179.119 - - [16/Jan/2017:23:58:07 +0100] "GET /heart/css/main-1.dark HTTP/1.1" 200 8220 "http://twolink.co.uk/" "Mozilla/5.0 (Macintosh; Intel Mac OS X 10_12_2) AppleWebKit/537.36 (KHTML, like Gecko) Chrome/55.0.2883.95 Safari/537.36"
86.137.179.119 - - [16/Jan/2017:23:58:07 +0100] "GET /heart/favicon.ico HTTP/1.1" 404 5692 "http://twolink.co.uk/" "Mozilla/5.0 (Macintosh; Intel Mac OS X 10_12_2) AppleWebKit/537.36 (KHTML, like Gecko) Chrome/55.0.2883.95 Safari/537.36"
86.137.179.119 - - [16/Jan/2017:23:58:07 +0100] "GET /heart/favicon-16x16.png HTTP/1.1" 404 5692 "http://twolink.co.uk/" "Mozilla/5.0 (Macintosh; Intel Mac OS X 10_12_2) AppleWebKit/537.36 (KHTML, like Gecko) Chrome/55.0.2883.95 Safari/537.36"
86.137.179.119 - - [16/Jan/2017:23:58:07 +0100] "GET /heart/android-chrome-192x192.png HTTP/1.1" 404 5692 "http://twolink.co.uk/" "Mozilla/5.0 (Macintosh; Intel Mac OS X 10_12_2) AppleWebKit/537.36 (KHTML, like Gecko) Chrome/55.0.2883.95 Safari/537.36"
86.137.179.119 - - [16/Jan/2017:23:58:07 +0100] "GET /heart/favicon-32x32.png HTTP/1.1" 404 5692 "http://twolink.co.uk/" "Mozilla/5.0 (Macintosh; Intel Mac OS X 10_12_2) AppleWebKit/537.36 (KHTML, like Gecko) Chrome/55.0.2883.95 Safari/537.36"
86.137.179.119 - - [16/Jan/2017:23:58:12 +0100] "GET /aa HTTP/1.1" 404 5692 "-" "Mozilla/5.0 (Macintosh; Intel Mac OS X 10_12_2) AppleWebKit/537.36 (KHTML, like Gecko) Chrome/55.0.2883.95 Safari/537.36"
86.137.179.119 - - [16/Jan/2017:23:58:12 +0100] "GET /heart/img/errors/robit.png HTTP/1.1" 304 181 "http://twolink.co.uk/aa" "Mozilla/5.0 (Macintosh; Intel Mac OS X 10_12_2) AppleWebKit/537.36 (KHTML, like Gecko) Chrome/55.0.2883.95 Safari/537.36"
86.137.179.119 - - [16/Jan/2017:23:58:23 +0100] "GET / HTTP/1.1" 200 2941 "http://www.twolink.co.uk/terms/" "Mozilla/5.0 (Macintosh; Intel Mac OS X 10_12_2) AppleWebKit/537.36 (KHTML, like Gecko) Chrome/55.0.2883.95 Safari/537.36"
66.249.93.147 - - [17/Jan/2017:00:06:53 +0100] "GET / HTTP/1.1" 200 2999 "-" "Mozilla/5.0 (X11; Linux x86_64) AppleWebKit/537.36 (KHTML, like Gecko) Chrome/49.0.2623.75 Safari/537.36 Google Favicon"
66.249.93.146 - - [17/Jan/2017:00:06:53 +0100] "GET /heart/favicon-32x32.png HTTP/1.1" 404 5751 "-" "Mozilla/5.0 (X11; Linux x86_64) AppleWebKit/537.36 (KHTML, like Gecko) Chrome/49.0.2623.75 Safari/537.36 Google Favicon"
180.76.15.17 - - [17/Jan/2017:00:36:46 +0100] "GET /robots.txt HTTP/1.1" 404 5714 "-" "Mozilla/5.0 (Windows NT 5.1; rv:6.0.2) Gecko/20100101 Firefox/6.0.2"
180.76.15.152 - - [17/Jan/2017:03:51:20 +0100] "GET /heart/favicons/manifest.json HTTP/1.1" 200 1250 "-" "Mozilla/5.0 (compatible; Baiduspider/2.0; +http://www.baidu.com/search/spider.html)"
207.46.13.172 - - [17/Jan/2017:08:19:08 +0100] "GET / HTTP/1.1" 200 2999 "-" "Mozilla/5.0 (compatible; bingbot/2.0; +http://www.bing.com/bingbot.htm)"
180.76.15.162 - - [17/Jan/2017:08:34:40 +0100] "GET / HTTP/1.1" 200 2962 "-" "Mozilla/5.0 (compatible; Baiduspider/2.0; +http://www.baidu.com/search/spider.html)"
66.249.93.147 - - [17/Jan/2017:10:19:55 +0100] "GET /heart/favicon-32x32.png HTTP/1.1" 404 5751 "-" "Mozilla/5.0 (X11; Linux x86_64) AppleWebKit/537.36 (KHTML, like Gecko) Chrome/49.0.2623.75 Safari/537.36 Google Favicon"
180.76.15.155 - - [17/Jan/2017:10:21:41 +0100] "GET / HTTP/1.1" 200 2962 "-" "Mozilla/5.0 (compatible; Baiduspider/2.0; +http://www.baidu.com/search/spider.html)"
88.119.69.112 - - [17/Jan/2017:10:30:40 +0100] "GET / HTTP/1.1" 200 2999 "-" "Mozilla/5.0 (Windows NT 10.0; WOW64; rv:50.0) Gecko/20100101 Firefox/50.0"
88.119.69.112 - - [17/Jan/2017:10:30:40 +0100] "GET /heart/js/TwoLink.js HTTP/1.1" 200 1195 "http://twolink.co.uk/" "Mozilla/5.0 (Windows NT 10.0; WOW64; rv:50.0) Gecko/20100101 Firefox/50.0"
88.119.69.112 - - [17/Jan/2017:10:30:40 +0100] "GET /heart/favicon.ico HTTP/1.1" 404 5692 "-" "Mozilla/5.0 (Windows NT 10.0; WOW64; rv:50.0) Gecko/20100101 Firefox/50.0"
88.119.69.112 - - [17/Jan/2017:10:30:41 +0100] "GET /heart/css/main-1.css HTTP/1.1" 200 2096 "http://twolink.co.uk/" "Mozilla/5.0 (Windows NT 10.0; WOW64; rv:50.0) Gecko/20100101 Firefox/50.0"
145.15.244.119 - - [17/Jan/2017:10:42:47 +0100] "GET / HTTP/1.0" 200 2999 "-" "Mozilla/5.0 (Linux; Android 6.0; EVA-L09 Build/HUAWEIEVA-L09) AppleWebKit/537.36 (KHTML, like Gecko) Chrome/55.0.2883.91 Mobile Safari/537.36"
145.15.244.119 - - [17/Jan/2017:10:42:47 +0100] "GET /heart/android-chrome-192x192.png HTTP/1.0" 404 5692 "http://twolink.co.uk/" "Mozilla/5.0 (Linux; Android 6.0; EVA-L09 Build/HUAWEIEVA-L09) AppleWebKit/537.36 (KHTML, like Gecko) Chrome/55.0.2883.91 Mobile Safari/537.36"
145.15.244.119 - - [17/Jan/2017:10:42:47 +0100] "GET /heart/apple-touch-icon.png HTTP/1.0" 404 5692 "http://twolink.co.uk/" "Mozilla/5.0 (Linux; Android 6.0; EVA-L09 Build/HUAWEIEVA-L09) AppleWebKit/537.36 (KHTML, like Gecko) Chrome/55.0.2883.91 Mobile Safari/537.36"
145.15.244.119 - - [17/Jan/2017:10:42:47 +0100] "GET /heart/favicon-32x32.png HTTP/1.0" 404 5692 "http://twolink.co.uk/" "Mozilla/5.0 (Linux; Android 6.0; EVA-L09 Build/HUAWEIEVA-L09) AppleWebKit/537.36 (KHTML, like Gecko) Chrome/55.0.2883.91 Mobile Safari/537.36"
145.15.244.119 - - [17/Jan/2017:10:42:48 +0100] "GET /heart/favicon-16x16.png HTTP/1.0" 404 5692 "http://twolink.co.uk/" "Mozilla/5.0 (Linux; Android 6.0; EVA-L09 Build/HUAWEIEVA-L09) AppleWebKit/537.36 (KHTML, like Gecko) Chrome/55.0.2883.91 Mobile Safari/537.36"
145.15.244.119 - - [17/Jan/2017:10:42:48 +0100] "GET /heart/favicon.ico HTTP/1.0" 404 5692 "http://twolink.co.uk/" "Mozilla/5.0 (Linux; Android 6.0; EVA-L09 Build/HUAWEIEVA-L09) AppleWebKit/537.36 (KHTML, like Gecko) Chrome/55.0.2883.91 Mobile Safari/537.36"
145.15.244.119 - - [17/Jan/2017:10:42:49 +0100] "GET / HTTP/1.0" 200 2940 "-" "Mozilla/5.0 (Linux; Android 6.0; EVA-L09 Build/HUAWEIEVA-L09) AppleWebKit/537.36 (KHTML, like Gecko) Chrome/55.0.2883.91 Mobile Safari/537.36"
145.15.244.119 - - [17/Jan/2017:10:42:49 +0100] "GET /heart/js/TwoLink.js HTTP/1.0" 200 1195 "http://twolink.co.uk/" "Mozilla/5.0 (Linux; Android 6.0; EVA-L09 Build/HUAWEIEVA-L09) AppleWebKit/537.36 (KHTML, like Gecko) Chrome/55.0.2883.91 Mobile Safari/537.36"
145.15.244.119 - - [17/Jan/2017:10:42:49 +0100] "GET /heart/css/main-1.css HTTP/1.0" 200 2096 "http://twolink.co.uk/" "Mozilla/5.0 (Linux; Android 6.0; EVA-L09 Build/HUAWEIEVA-L09) AppleWebKit/537.36 (KHTML, like Gecko) Chrome/55.0.2883.91 Mobile Safari/537.36"
145.15.244.119 - - [17/Jan/2017:10:42:52 +0100] "GET /auth/login-with.php?provider=Google HTTP/1.0" 302 394 "http://twolink.co.uk/" "Mozilla/5.0 (Linux; Android 6.0; EVA-L09 Build/HUAWEIEVA-L09) AppleWebKit/537.36 (KHTML, like Gecko) Chrome/55.0.2883.91 Mobile Safari/537.36"
145.15.244.119 - - [17/Jan/2017:10:42:52 +0100] "GET /auth/?hauth.start=Google&hauth.time=1484646172 HTTP/1.0" 302 733 "http://twolink.co.uk/" "Mozilla/5.0 (Linux; Android 6.0; EVA-L09 Build/HUAWEIEVA-L09) AppleWebKit/537.36 (KHTML, like Gecko) Chrome/55.0.2883.91 Mobile Safari/537.36"
145.15.244.119 - - [17/Jan/2017:10:43:13 +0100] "GET /auth/?hauth.done=Google&code=4/zaB0W3k5TS37nLHiy8bx6Voda9f2tQWu_q5m6rNKq1c&authuser=1&session_state=9c23169f04d92fdd352bb6909a526b41072a91af..6995&prompt=consent HTTP/1.0" 302 384 "-" "Mozilla/5.0 (Linux; Android 6.0; EVA-L09 Build/HUAWEIEVA-L09) AppleWebKit/537.36 (KHTML, like Gecko) Chrome/55.0.2883.91 Mobile Safari/537.36"
145.15.244.119 - - [17/Jan/2017:10:43:15 +0100] "GET /auth/login-with.php?provider=Google HTTP/1.0" 302 505 "-" "Mozilla/5.0 (Linux; Android 6.0; EVA-L09 Build/HUAWEIEVA-L09) AppleWebKit/537.36 (KHTML, like Gecko) Chrome/55.0.2883.91 Mobile Safari/537.36"
145.15.244.119 - - [17/Jan/2017:10:43:15 +0100] "GET / HTTP/1.0" 200 2940 "-" "Mozilla/5.0 (Linux; Android 6.0; EVA-L09 Build/HUAWEIEVA-L09) AppleWebKit/537.36 (KHTML, like Gecko) Chrome/55.0.2883.91 Mobile Safari/537.36"
145.15.244.119 - - [17/Jan/2017:10:43:21 +0100] "GET /auth/login-with.php?provider=Steam HTTP/1.0" 302 394 "http://twolink.co.uk/" "Mozilla/5.0 (Linux; Android 6.0; EVA-L09 Build/HUAWEIEVA-L09) AppleWebKit/537.36 (KHTML, like Gecko) Chrome/55.0.2883.91 Mobile Safari/537.36"
145.15.244.119 - - [17/Jan/2017:10:43:21 +0100] "GET /auth/?hauth.start=Steam&hauth.time=1484646201 HTTP/1.0" 302 2467 "http://twolink.co.uk/" "Mozilla/5.0 (Linux; Android 6.0; EVA-L09 Build/HUAWEIEVA-L09) AppleWebKit/537.36 (KHTML, like Gecko) Chrome/55.0.2883.91 Mobile Safari/537.36"
145.15.244.119 - - [17/Jan/2017:10:43:30 +0100] "GET /auth/?hauth.done=Steam&openid.ns=http%3A%2F%2Fspecs.openid.net%2Fauth%2F2.0&openid.mode=id_res&openid.op_endpoint=https%3A%2F%2Fsteamcommunity.com%2Fopenid%2Flogin&openid.claimed_id=http%3A%2F%2Fsteamcommunity.com%2Fopenid%2Fid%2F76561198095712801&openid.identity=http%3A%2F%2Fsteamcommunity.com%2Fopenid%2Fid%2F76561198095712801&openid.return_to=http%3A%2F%2Ftwolink.co.uk%2Fauth%2F%3Fhauth.done%3DSteam&openid.response_nonce=2017-01-17T09%3A43%3A30ZcNzgT1RhFW2h7N5tVZRLh1p4P3g%3D&openid.assoc_handle=1234567890&openid.signed=signed%2Cop_endpoint%2Cclaimed_id%2Cidentity%2Creturn_to%2Cresponse_nonce%2Cassoc_handle&openid.sig=GHB2dvQZ3DWJf%2BCxdDCh4Sa8ALQ%3D HTTP/1.0" 302 383 "-" "Mozilla/5.0 (Linux; Android 6.0; EVA-L09 Build/HUAWEIEVA-L09) AppleWebKit/537.36 (KHTML, like Gecko) Chrome/55.0.2883.91 Mobile Safari/537.36"
145.15.244.119 - - [17/Jan/2017:10:43:32 +0100] "GET /auth/login-with.php?provider=Steam HTTP/1.0" 302 437 "-" "Mozilla/5.0 (Linux; Android 6.0; EVA-L09 Build/HUAWEIEVA-L09) AppleWebKit/537.36 (KHTML, like Gecko) Chrome/55.0.2883.91 Mobile Safari/537.36"
145.15.244.119 - - [17/Jan/2017:10:43:32 +0100] "GET / HTTP/1.0" 200 2940 "-" "Mozilla/5.0 (Linux; Android 6.0; EVA-L09 Build/HUAWEIEVA-L09) AppleWebKit/537.36 (KHTML, like Gecko) Chrome/55.0.2883.91 Mobile Safari/537.36"
188.206.106.72 - - [17/Jan/2017:11:12:16 +0100] "GET / HTTP/1.1" 200 2941 "-" "Mozilla/5.0 (Linux; Android 6.0; EVA-L09 Build/HUAWEIEVA-L09) AppleWebKit/537.36 (KHTML, like Gecko) Chrome/55.0.2883.91 Mobile Safari/537.36"
188.206.106.72 - - [17/Jan/2017:11:22:37 +0100] "GET / HTTP/1.1" 200 2941 "-" "Mozilla/5.0 (Linux; Android 6.0; EVA-L09 Build/HUAWEIEVA-L09) AppleWebKit/537.36 (KHTML, like Gecko) Chrome/55.0.2883.91 Mobile Safari/537.36"
66.249.93.146 - - [17/Jan/2017:11:48:01 +0100] "GET /heart/favicon-32x32.png HTTP/1.1" 404 5751 "-" "Mozilla/5.0 (X11; Linux x86_64) AppleWebKit/537.36 (KHTML, like Gecko) Chrome/49.0.2623.75 Safari/537.36 Google Favicon"
203.133.169.28 - - [17/Jan/2017:14:24:32 +0100] "GET /robots.txt HTTP/1.1" 404 5751 "-" "Mozilla/5.0 (compatible; MSIE 9.0; Firefox/50.1) Daum/4.1"
203.133.169.28 - - [17/Jan/2017:14:24:33 +0100] "GET / HTTP/1.1" 200 2999 "-" "Mozilla/5.0 (compatible; MSIE 9.0; Firefox/50.1) Daum/4.1"
88.198.16.12 - - [17/Jan/2017:16:15:34 +0100] "GET /robots.txt HTTP/1.1" 404 5751 "-" "Mozilla/5.0 (compatible; MJ12bot/v1.4.7; http://mj12bot.com/)"
88.198.16.12 - - [17/Jan/2017:16:15:36 +0100] "GET /auth/login-with.php?provider=Facebook HTTP/1.1" 302 399 "-" "Mozilla/5.0 (compatible; MJ12bot/v1.4.7; http://mj12bot.com/)"
88.198.16.12 - - [17/Jan/2017:16:15:38 +0100] "GET /auth/?hauth.start=Facebook&hauth.time=1484666136 HTTP/1.1" 500 353 "-" "Mozilla/5.0 (compatible; MJ12bot/v1.4.7; http://mj12bot.com/)"
88.198.16.12 - - [17/Jan/2017:16:15:40 +0100] "GET /auth/login-with.php?provider=Google HTTP/1.1" 302 453 "-" "Mozilla/5.0 (compatible; MJ12bot/v1.4.7; http://mj12bot.com/)"
88.198.16.12 - - [17/Jan/2017:16:15:41 +0100] "GET /auth/?hauth.start=Google&hauth.time=1484666140 HTTP/1.1" 500 353 "-" "Mozilla/5.0 (compatible; MJ12bot/v1.4.7; http://mj12bot.com/)"
88.198.16.12 - - [17/Jan/2017:16:15:43 +0100] "GET /auth/login-with.php?provider=Steam HTTP/1.1" 302 452 "-" "Mozilla/5.0 (compatible; MJ12bot/v1.4.7; http://mj12bot.com/)"
88.198.16.12 - - [17/Jan/2017:16:15:45 +0100] "GET /auth/?hauth.start=Steam&hauth.time=1484666143 HTTP/1.1" 500 353 "-" "Mozilla/5.0 (compatible; MJ12bot/v1.4.7; http://mj12bot.com/)"
88.198.16.12 - - [17/Jan/2017:16:15:46 +0100] "GET /auth/login-with.php?provider=Twitter HTTP/1.1" 302 454 "-" "Mozilla/5.0 (compatible; MJ12bot/v1.4.7; http://mj12bot.com/)"
88.198.16.12 - - [17/Jan/2017:16:15:48 +0100] "GET /auth/?hauth.start=Twitter&hauth.time=1484666146 HTTP/1.1" 500 353 "-" "Mozilla/5.0 (compatible; MJ12bot/v1.4.7; http://mj12bot.com/)"
180.76.15.25 - - [17/Jan/2017:17:32:06 +0100] "GET /heart/js/TwoLink.js HTTP/1.1" 200 1159 "-" "Mozilla/5.0 (compatible; Baiduspider/2.0; +http://www.baidu.com/search/spider.html)"
66.249.93.18 - - [17/Jan/2017:17:45:47 +0100] "GET / HTTP/1.1" 200 2999 "-" "Mozilla/5.0 (X11; Linux x86_64) AppleWebKit/537.36 (KHTML, like Gecko) Chrome/49.0.2623.75 Safari/537.36 Google Favicon"
66.249.93.19 - - [17/Jan/2017:17:45:47 +0100] "GET /heart/favicon-32x32.png HTTP/1.1" 404 5751 "-" "Mozilla/5.0 (X11; Linux x86_64) AppleWebKit/537.36 (KHTML, like Gecko) Chrome/49.0.2623.75 Safari/537.36 Google Favicon"
79.71.191.20 - - [17/Jan/2017:18:19:50 +0100] "GET / HTTP/1.1" 200 2999 "-" "Mozilla/5.0 (Windows NT 10.0; WOW64; rv:50.0) Gecko/20100101 Firefox/50.0"
79.71.191.20 - - [17/Jan/2017:18:19:51 +0100] "GET /heart/js/TwoLink.js HTTP/1.1" 200 1195 "http://twolink.co.uk/" "Mozilla/5.0 (Windows NT 10.0; WOW64; rv:50.0) Gecko/20100101 Firefox/50.0"
79.71.191.20 - - [17/Jan/2017:18:19:51 +0100] "GET /heart/favicon.ico HTTP/1.1" 404 5692 "-" "Mozilla/5.0 (Windows NT 10.0; WOW64; rv:50.0) Gecko/20100101 Firefox/50.0"
79.71.191.20 - - [17/Jan/2017:18:19:56 +0100] "GET /heart/css/main-1.css HTTP/1.1" 200 2097 "http://twolink.co.uk/" "Mozilla/5.0 (Windows NT 10.0; WOW64; rv:50.0) Gecko/20100101 Firefox/50.0"
93.158.152.9 - - [17/Jan/2017:19:29:46 +0100] "GET /robots.txt HTTP/1.1" 404 5751 "-" "Mozilla/5.0 (compatible; YandexBot/3.0; +http://yandex.com/bots)"
93.158.152.9 - - [17/Jan/2017:19:29:50 +0100] "GET /heart/apple-touch-icon.png HTTP/1.1" 404 5750 "-" "Mozilla/5.0 (compatible; YandexBot/3.0; +http://yandex.com/bots)"
141.8.142.166 - - [17/Jan/2017:19:32:37 +0100] "GET /heart/favicon-16x16.png HTTP/1.1" 404 5751 "-" "Mozilla/5.0 (compatible; YandexBot/3.0; +http://yandex.com/bots)"
157.55.39.46 - - [17/Jan/2017:19:42:23 +0100] "GET /robots.txt HTTP/1.1" 404 5751 "-" "Mozilla/5.0 (compatible; bingbot/2.0; +http://www.bing.com/bingbot.htm)"
207.46.13.172 - - [17/Jan/2017:19:42:31 +0100] "GET / HTTP/1.1" 200 2999 "-" "Mozilla/5.0 (compatible; bingbot/2.0; +http://www.bing.com/bingbot.htm)"
66.249.93.18 - - [17/Jan/2017:19:49:09 +0100] "GET /heart/favicon-32x32.png HTTP/1.1" 404 5751 "-" "Mozilla/5.0 (X11; Linux x86_64) AppleWebKit/537.36 (KHTML, like Gecko) Chrome/49.0.2623.75 Safari/537.36 Google Favicon"
64.246.165.140 - - [17/Jan/2017:21:51:37 +0100] "GET /robots.txt HTTP/1.0" 404 5714 "-" "Mozilla/5.0 (Windows; U; Windows NT 5.1; en; rv:1.9.0.13) Gecko/2009073022 Firefox/3.5.2 (.NET CLR 3.5.30729) SurveyBot/2.3 (DomainTools)"
64.246.165.140 - - [17/Jan/2017:21:51:38 +0100] "GET / HTTP/1.1" 200 2962 "http://whois.domaintools.com/twolink.co.uk" "Mozilla/5.0 (Windows; U; Windows NT 5.1; en; rv:1.9.0.13) Gecko/2009073022 Firefox/3.5.2 (.NET CLR 3.5.30729) SurveyBot/2.3 (DomainTools)"
180.76.15.142 - - [17/Jan/2017:22:42:32 +0100] "GET / HTTP/1.1" 200 2962 "-" "Mozilla/5.0 (compatible; Baiduspider/2.0; +http://www.baidu.com/search/spider.html)"
86.137.179.119 - - [17/Jan/2017:23:25:09 +0100] "GET / HTTP/1.1" 200 2941 "-" "Mozilla/5.0 (Macintosh; Intel Mac OS X 10_12_2) AppleWebKit/537.36 (KHTML, like Gecko) Chrome/55.0.2883.95 Safari/537.36"
86.137.179.119 - - [17/Jan/2017:23:25:10 +0100] "GET /heart/js/TwoLink.js HTTP/1.1" 200 1195 "http://www.twolink.co.uk/" "Mozilla/5.0 (Macintosh; Intel Mac OS X 10_12_2) AppleWebKit/537.36 (KHTML, like Gecko) Chrome/55.0.2883.95 Safari/537.36"
86.137.179.119 - - [17/Jan/2017:23:25:11 +0100] "GET /heart/css/main-1.dark HTTP/1.1" 304 181 "http://www.twolink.co.uk/" "Mozilla/5.0 (Macintosh; Intel Mac OS X 10_12_2) AppleWebKit/537.36 (KHTML, like Gecko) Chrome/55.0.2883.95 Safari/537.36"
86.137.179.119 - - [17/Jan/2017:23:25:12 +0100] "GET /heart/favicon.ico HTTP/1.1" 404 5692 "http://www.twolink.co.uk/" "Mozilla/5.0 (Macintosh; Intel Mac OS X 10_12_2) AppleWebKit/537.36 (KHTML, like Gecko) Chrome/55.0.2883.95 Safari/537.36"
86.137.179.119 - - [17/Jan/2017:23:25:12 +0100] "GET /heart/favicon-16x16.png HTTP/1.1" 404 5692 "http://www.twolink.co.uk/" "Mozilla/5.0 (Macintosh; Intel Mac OS X 10_12_2) AppleWebKit/537.36 (KHTML, like Gecko) Chrome/55.0.2883.95 Safari/537.36"
86.137.179.119 - - [17/Jan/2017:23:25:12 +0100] "GET /heart/android-chrome-192x192.png HTTP/1.1" 404 5692 "http://www.twolink.co.uk/" "Mozilla/5.0 (Macintosh; Intel Mac OS X 10_12_2) AppleWebKit/537.36 (KHTML, like Gecko) Chrome/55.0.2883.95 Safari/537.36"
86.137.179.119 - - [17/Jan/2017:23:25:12 +0100] "GET /heart/favicon-32x32.png HTTP/1.1" 404 5692 "http://www.twolink.co.uk/" "Mozilla/5.0 (Macintosh; Intel Mac OS X 10_12_2) AppleWebKit/537.36 (KHTML, like Gecko) Chrome/55.0.2883.95 Safari/537.36"
86.137.179.119 - - [17/Jan/2017:23:25:30 +0100] "GET /auth/login-with.php?provider=Facebook HTTP/1.1" 302 397 "http://www.twolink.co.uk/" "Mozilla/5.0 (Macintosh; Intel Mac OS X 10_12_2) AppleWebKit/537.36 (KHTML, like Gecko) Chrome/55.0.2883.95 Safari/537.36"
86.137.179.119 - - [17/Jan/2017:23:25:30 +0100] "GET /auth/?hauth.start=Facebook&hauth.time=1484691930 HTTP/1.1" 500 295 "http://www.twolink.co.uk/" "Mozilla/5.0 (Macintosh; Intel Mac OS X 10_12_2) AppleWebKit/537.36 (KHTML, like Gecko) Chrome/55.0.2883.95 Safari/537.36"
86.137.179.119 - - [17/Jan/2017:23:25:32 +0100] "GET /auth/?hauth.start=Facebook&hauth.time=1484691930 HTTP/1.1" 500 295 "-" "Mozilla/5.0 (Macintosh; Intel Mac OS X 10_12_2) AppleWebKit/537.36 (KHTML, like Gecko) Chrome/55.0.2883.95 Safari/537.36"
86.137.179.119 - - [17/Jan/2017:23:25:34 +0100] "GET / HTTP/1.1" 200 2940 "-" "Mozilla/5.0 (Macintosh; Intel Mac OS X 10_12_2) AppleWebKit/537.36 (KHTML, like Gecko) Chrome/55.0.2883.95 Safari/537.36"
86.137.179.119 - - [17/Jan/2017:23:25:37 +0100] "GET /auth/login-with.php?provider=Steam HTTP/1.1" 302 393 "http://www.twolink.co.uk/" "Mozilla/5.0 (Macintosh; Intel Mac OS X 10_12_2) AppleWebKit/537.36 (KHTML, like Gecko) Chrome/55.0.2883.95 Safari/537.36"
86.137.179.119 - - [17/Jan/2017:23:25:37 +0100] "GET /auth/?hauth.start=Steam&hauth.time=1484691937 HTTP/1.1" 500 295 "http://www.twolink.co.uk/" "Mozilla/5.0 (Macintosh; Intel Mac OS X 10_12_2) AppleWebKit/537.36 (KHTML, like Gecko) Chrome/55.0.2883.95 Safari/537.36"
86.137.179.119 - - [17/Jan/2017:23:25:39 +0100] "GET / HTTP/1.1" 200 2940 "-" "Mozilla/5.0 (Macintosh; Intel Mac OS X 10_12_2) AppleWebKit/537.36 (KHTML, like Gecko) Chrome/55.0.2883.95 Safari/537.36"
86.137.179.119 - - [17/Jan/2017:23:25:42 +0100] "GET /auth/login-with.php?provider=Google HTTP/1.1" 302 394 "http://www.twolink.co.uk/" "Mozilla/5.0 (Macintosh; Intel Mac OS X 10_12_2) AppleWebKit/537.36 (KHTML, like Gecko) Chrome/55.0.2883.95 Safari/537.36"
86.137.179.119 - - [17/Jan/2017:23:25:42 +0100] "GET /auth/?hauth.start=Google&hauth.time=1484691942 HTTP/1.1" 500 295 "http://www.twolink.co.uk/" "Mozilla/5.0 (Macintosh; Intel Mac OS X 10_12_2) AppleWebKit/537.36 (KHTML, like Gecko) Chrome/55.0.2883.95 Safari/537.36"
86.137.179.119 - - [17/Jan/2017:23:25:44 +0100] "GET / HTTP/1.1" 200 2940 "-" "Mozilla/5.0 (Macintosh; Intel Mac OS X 10_12_2) AppleWebKit/537.36 (KHTML, like Gecko) Chrome/55.0.2883.95 Safari/537.36"
86.137.179.119 - - [17/Jan/2017:23:25:48 +0100] "GET /auth/login-with.php?provider=Twitter HTTP/1.1" 302 395 "http://www.twolink.co.uk/" "Mozilla/5.0 (Macintosh; Intel Mac OS X 10_12_2) AppleWebKit/537.36 (KHTML, like Gecko) Chrome/55.0.2883.95 Safari/537.36"
86.137.179.119 - - [17/Jan/2017:23:25:48 +0100] "GET /auth/?hauth.start=Twitter&hauth.time=1484691948 HTTP/1.1" 500 295 "http://www.twolink.co.uk/" "Mozilla/5.0 (Macintosh; Intel Mac OS X 10_12_2) AppleWebKit/537.36 (KHTML, like Gecko) Chrome/55.0.2883.95 Safari/537.36"
86.137.179.119 - - [17/Jan/2017:23:34:07 +0100] "GET / HTTP/1.1" 200 2941 "-" "Mozilla/5.0 (Macintosh; Intel Mac OS X 10_12_2) AppleWebKit/537.36 (KHTML, like Gecko) Chrome/55.0.2883.95 Safari/537.36"
145.90.95.243 - - [17/Jan/2017:23:35:04 +0100] "GET / HTTP/1.1" 200 2941 "-" "Mozilla/5.0 (Windows NT 10.0; Win64; x64) AppleWebKit/537.36 (KHTML, like Gecko) Chrome/55.0.2883.87 Safari/537.36"
145.90.95.243 - - [17/Jan/2017:23:35:04 +0100] "GET /heart/js/TwoLink.js HTTP/1.1" 304 180 "http://twolink.co.uk/" "Mozilla/5.0 (Windows NT 10.0; Win64; x64) AppleWebKit/537.36 (KHTML, like Gecko) Chrome/55.0.2883.87 Safari/537.36"
145.90.95.243 - - [17/Jan/2017:23:35:04 +0100] "GET /heart/css/main-1.dark HTTP/1.1" 304 181 "http://twolink.co.uk/" "Mozilla/5.0 (Windows NT 10.0; Win64; x64) AppleWebKit/537.36 (KHTML, like Gecko) Chrome/55.0.2883.87 Safari/537.36"
145.90.95.243 - - [17/Jan/2017:23:35:04 +0100] "GET /heart/favicon.ico HTTP/1.1" 404 5692 "http://twolink.co.uk/" "Mozilla/5.0 (Windows NT 10.0; Win64; x64) AppleWebKit/537.36 (KHTML, like Gecko) Chrome/55.0.2883.87 Safari/537.36"
145.90.95.243 - - [17/Jan/2017:23:35:04 +0100] "GET /heart/favicon-16x16.png HTTP/1.1" 404 5692 "http://twolink.co.uk/" "Mozilla/5.0 (Windows NT 10.0; Win64; x64) AppleWebKit/537.36 (KHTML, like Gecko) Chrome/55.0.2883.87 Safari/537.36"
145.90.95.243 - - [17/Jan/2017:23:35:04 +0100] "GET /heart/android-chrome-192x192.png HTTP/1.1" 404 5692 "http://twolink.co.uk/" "Mozilla/5.0 (Windows NT 10.0; Win64; x64) AppleWebKit/537.36 (KHTML, like Gecko) Chrome/55.0.2883.87 Safari/537.36"
145.90.95.243 - - [17/Jan/2017:23:35:04 +0100] "GET /heart/favicon-32x32.png HTTP/1.1" 404 5692 "http://twolink.co.uk/" "Mozilla/5.0 (Windows NT 10.0; Win64; x64) AppleWebKit/537.36 (KHTML, like Gecko) Chrome/55.0.2883.87 Safari/537.36"
145.90.95.243 - - [17/Jan/2017:23:35:08 +0100] "GET /auth/login-with.php?provider=Steam HTTP/1.1" 302 393 "http://twolink.co.uk/" "Mozilla/5.0 (Windows NT 10.0; Win64; x64) AppleWebKit/537.36 (KHTML, like Gecko) Chrome/55.0.2883.87 Safari/537.36"
145.90.95.243 - - [17/Jan/2017:23:35:08 +0100] "GET /auth/?hauth.start=Steam&hauth.time=1484692508 HTTP/1.1" 302 2467 "http://twolink.co.uk/" "Mozilla/5.0 (Windows NT 10.0; Win64; x64) AppleWebKit/537.36 (KHTML, like Gecko) Chrome/55.0.2883.87 Safari/537.36"
145.90.95.243 - - [17/Jan/2017:23:35:12 +0100] "GET /auth/?hauth.done=Steam&openid.ns=http%3A%2F%2Fspecs.openid.net%2Fauth%2F2.0&openid.mode=id_res&openid.op_endpoint=https%3A%2F%2Fsteamcommunity.com%2Fopenid%2Flogin&openid.claimed_id=http%3A%2F%2Fsteamcommunity.com%2Fopenid%2Fid%2F76561198095712801&openid.identity=http%3A%2F%2Fsteamcommunity.com%2Fopenid%2Fid%2F76561198095712801&openid.return_to=http%3A%2F%2Ftwolink.co.uk%2Fauth%2F%3Fhauth.done%3DSteam&openid.response_nonce=2017-01-17T22%3A35%3A11ZrbinSUW8v3bEfq8dlD3YU1l15xM%3D&openid.assoc_handle=1234567890&openid.signed=signed%2Cop_endpoint%2Cclaimed_id%2Cidentity%2Creturn_to%2Cresponse_nonce%2Cassoc_handle&openid.sig=TUDdGPynBsGsxTPuLW7q71wBiYs%3D HTTP/1.1" 302 382 "-" "Mozilla/5.0 (Windows NT 10.0; Win64; x64) AppleWebKit/537.36 (KHTML, like Gecko) Chrome/55.0.2883.87 Safari/537.36"
145.90.95.243 - - [17/Jan/2017:23:35:13 +0100] "GET /auth/login-with.php?provider=Steam HTTP/1.1" 302 437 "-" "Mozilla/5.0 (Windows NT 10.0; Win64; x64) AppleWebKit/537.36 (KHTML, like Gecko) Chrome/55.0.2883.87 Safari/537.36"
145.90.95.243 - - [17/Jan/2017:23:35:13 +0100] "GET / HTTP/1.1" 200 2940 "-" "Mozilla/5.0 (Windows NT 10.0; Win64; x64) AppleWebKit/537.36 (KHTML, like Gecko) Chrome/55.0.2883.87 Safari/537.36"
145.90.95.243 - - [17/Jan/2017:23:35:23 +0100] "GET /asfasdf HTTP/1.1" 404 5693 "-" "Mozilla/5.0 (Windows NT 10.0; Win64; x64) AppleWebKit/537.36 (KHTML, like Gecko) Chrome/55.0.2883.87 Safari/537.36"
145.90.95.243 - - [17/Jan/2017:23:35:23 +0100] "GET /heart/img/errors/robit.png HTTP/1.1" 200 28667 "http://twolink.co.uk/asfasdf" "Mozilla/5.0 (Windows NT 10.0; Win64; x64) AppleWebKit/537.36 (KHTML, like Gecko) Chrome/55.0.2883.87 Safari/537.36"
145.90.95.243 - - [17/Jan/2017:23:35:28 +0100] "GET / HTTP/1.1" 200 2941 "-" "Mozilla/5.0 (Windows NT 10.0; Win64; x64) AppleWebKit/537.36 (KHTML, like Gecko) Chrome/55.0.2883.87 Safari/537.36"
86.137.179.119 - - [17/Jan/2017:23:35:29 +0100] "GET /auth/login-with.php?provider=Google HTTP/1.1" 302 395 "http://www.twolink.co.uk/" "Mozilla/5.0 (Macintosh; Intel Mac OS X 10_12_2) AppleWebKit/537.36 (KHTML, like Gecko) Chrome/55.0.2883.95 Safari/537.36"
86.137.179.119 - - [17/Jan/2017:23:35:30 +0100] "GET /auth/?hauth.start=Google&hauth.time=1484692529 HTTP/1.1" 500 295 "http://www.twolink.co.uk/" "Mozilla/5.0 (Macintosh; Intel Mac OS X 10_12_2) AppleWebKit/537.36 (KHTML, like Gecko) Chrome/55.0.2883.95 Safari/537.36"
145.90.95.243 - - [17/Jan/2017:23:35:30 +0100] "GET /auth/login-with.php?provider=Twitter HTTP/1.1" 302 395 "http://twolink.co.uk/" "Mozilla/5.0 (Windows NT 10.0; Win64; x64) AppleWebKit/537.36 (KHTML, like Gecko) Chrome/55.0.2883.87 Safari/537.36"
145.90.95.243 - - [17/Jan/2017:23:35:30 +0100] "GET /auth/?hauth.start=Twitter&hauth.time=1484692530 HTTP/1.1" 302 409 "http://twolink.co.uk/" "Mozilla/5.0 (Windows NT 10.0; Win64; x64) AppleWebKit/537.36 (KHTML, like Gecko) Chrome/55.0.2883.87 Safari/537.36"
145.90.95.243 - - [17/Jan/2017:23:35:31 +0100] "GET /auth/?hauth.done=Twitter&oauth_token=2HZnKgAAAAAAyvCBAAABWa6SJ3Y&oauth_verifier=zYn4l6SpctDqeLtydZzz2cyfb9blMOFF HTTP/1.1" 302 384 "-" "Mozilla/5.0 (Windows NT 10.0; Win64; x64) AppleWebKit/537.36 (KHTML, like Gecko) Chrome/55.0.2883.87 Safari/537.36"
145.90.95.243 - - [17/Jan/2017:23:35:31 +0100] "GET /auth/login-with.php?provider=Twitter HTTP/1.1" 302 437 "-" "Mozilla/5.0 (Windows NT 10.0; Win64; x64) AppleWebKit/537.36 (KHTML, like Gecko) Chrome/55.0.2883.87 Safari/537.36"
145.90.95.243 - - [17/Jan/2017:23:35:32 +0100] "GET / HTTP/1.1" 200 2940 "-" "Mozilla/5.0 (Windows NT 10.0; Win64; x64) AppleWebKit/537.36 (KHTML, like Gecko) Chrome/55.0.2883.87 Safari/537.36"
145.90.95.243 - - [17/Jan/2017:23:35:46 +0100] "GET /auth/login-with.php?provider=Facebook HTTP/1.1" 302 397 "http://twolink.co.uk/" "Mozilla/5.0 (Windows NT 10.0; Win64; x64) AppleWebKit/537.36 (KHTML, like Gecko) Chrome/55.0.2883.87 Safari/537.36"
145.90.95.243 - - [17/Jan/2017:23:35:46 +0100] "GET /auth/?hauth.start=Facebook&hauth.time=1484692546 HTTP/1.1" 302 677 "http://twolink.co.uk/" "Mozilla/5.0 (Windows NT 10.0; Win64; x64) AppleWebKit/537.36 (KHTML, like Gecko) Chrome/55.0.2883.87 Safari/537.36"
145.90.95.243 - - [17/Jan/2017:23:35:47 +0100] "GET /auth/?hauth.done=Facebook&code=AQBbe9mc8apVC7RJXYbkrjU7tdVBo6S_vm0soaqRp0_1PFNf2N9pThD1pUxA0r1bDALKSdQq1iygRu4sEWdMMU10hNmQsWueYAoZk55fvfi4S1mRYGW8-CsyVRpPGBkRB5BsoCKTfTdnNBoioT-6zi7xTwY5rNo6BETnsUr3NkX_y0ARbXaNDbRUHGb5EG4YQDif6Ha7KkuZ7Rxs-sXi4hDxMvD5w9EVjzpmK56ELZv_VDHdwhUudgkPMB7Ye_Z3WGSoI4WNq8LuuFuVAU6BuEAL4EWyIvQED9c_eO0vgC2Qef1z0TYachX0hw9oNR_tBkjGVRd1zpp97xdq2WxugQsB&state=c65beb9e126ce5407ac76cff4cec8921 HTTP/1.1" 302 385 "http://twolink.co.uk/" "Mozilla/5.0 (Windows NT 10.0; Win64; x64) AppleWebKit/537.36 (KHTML, like Gecko) Chrome/55.0.2883.87 Safari/537.36"
145.90.95.243 - - [17/Jan/2017:23:35:47 +0100] "GET /auth/login-with.php?provider=Facebook HTTP/1.1" 302 437 "http://twolink.co.uk/" "Mozilla/5.0 (Windows NT 10.0; Win64; x64) AppleWebKit/537.36 (KHTML, like Gecko) Chrome/55.0.2883.87 Safari/537.36"
145.90.95.243 - - [17/Jan/2017:23:35:47 +0100] "GET / HTTP/1.1" 200 2940 "http://twolink.co.uk/" "Mozilla/5.0 (Windows NT 10.0; Win64; x64) AppleWebKit/537.36 (KHTML, like Gecko) Chrome/55.0.2883.87 Safari/537.36"
86.137.179.119 - - [17/Jan/2017:23:35:52 +0100] "GET /auth/?hauth.start=Google&hauth.time=1484692529 HTTP/1.1" 500 295 "-" "Mozilla/5.0 (Macintosh; Intel Mac OS X 10_12_2) AppleWebKit/537.36 (KHTML, like Gecko) Chrome/55.0.2883.95 Safari/537.36"
86.137.179.119 - - [17/Jan/2017:23:35:56 +0100] "GET / HTTP/1.1" 200 2941 "-" "Mozilla/5.0 (Macintosh; Intel Mac OS X 10_12_2) AppleWebKit/537.36 (KHTML, like Gecko) Chrome/55.0.2883.95 Safari/537.36"
86.137.179.119 - - [17/Jan/2017:23:35:58 +0100] "GET / HTTP/1.1" 200 2940 "-" "Mozilla/5.0 (Macintosh; Intel Mac OS X 10_12_2) AppleWebKit/537.36 (KHTML, like Gecko) Chrome/55.0.2883.95 Safari/537.36"
86.137.179.119 - - [17/Jan/2017:23:36:01 +0100] "GET / HTTP/1.1" 200 2940 "-" "Mozilla/5.0 (Macintosh; Intel Mac OS X 10_12_2) AppleWebKit/537.36 (KHTML, like Gecko) Chrome/55.0.2883.95 Safari/537.36"
86.137.179.119 - - [17/Jan/2017:23:36:01 +0100] "GET /heart/js/TwoLink.js HTTP/1.1" 200 1195 "http://www.twolink.co.uk/" "Mozilla/5.0 (Macintosh; Intel Mac OS X 10_12_2) AppleWebKit/537.36 (KHTML, like Gecko) Chrome/55.0.2883.95 Safari/537.36"
86.137.179.119 - - [17/Jan/2017:23:36:02 +0100] "GET /heart/css/main-1.dark HTTP/1.1" 200 8220 "http://www.twolink.co.uk/" "Mozilla/5.0 (Macintosh; Intel Mac OS X 10_12_2) AppleWebKit/537.36 (KHTML, like Gecko) Chrome/55.0.2883.95 Safari/537.36"
86.137.179.119 - - [17/Jan/2017:23:36:02 +0100] "GET /heart/favicon.ico HTTP/1.1" 404 5692 "http://www.twolink.co.uk/" "Mozilla/5.0 (Macintosh; Intel Mac OS X 10_12_2) AppleWebKit/537.36 (KHTML, like Gecko) Chrome/55.0.2883.95 Safari/537.36"
86.137.179.119 - - [17/Jan/2017:23:36:03 +0100] "GET /heart/favicon-16x16.png HTTP/1.1" 404 5692 "http://www.twolink.co.uk/" "Mozilla/5.0 (Macintosh; Intel Mac OS X 10_12_2) AppleWebKit/537.36 (KHTML, like Gecko) Chrome/55.0.2883.95 Safari/537.36"
86.137.179.119 - - [17/Jan/2017:23:36:03 +0100] "GET /heart/android-chrome-192x192.png HTTP/1.1" 404 5692 "http://www.twolink.co.uk/" "Mozilla/5.0 (Macintosh; Intel Mac OS X 10_12_2) AppleWebKit/537.36 (KHTML, like Gecko) Chrome/55.0.2883.95 Safari/537.36"
86.137.179.119 - - [17/Jan/2017:23:36:03 +0100] "GET /heart/favicon-32x32.png HTTP/1.1" 404 5692 "http://www.twolink.co.uk/" "Mozilla/5.0 (Macintosh; Intel Mac OS X 10_12_2) AppleWebKit/537.36 (KHTML, like Gecko) Chrome/55.0.2883.95 Safari/537.36"
86.137.179.119 - - [17/Jan/2017:23:36:05 +0100] "GET /auth/login-with.php?provider=Google HTTP/1.1" 302 394 "http://www.twolink.co.uk/" "Mozilla/5.0 (Macintosh; Intel Mac OS X 10_12_2) AppleWebKit/537.36 (KHTML, like Gecko) Chrome/55.0.2883.95 Safari/537.36"
86.137.179.119 - - [17/Jan/2017:23:36:05 +0100] "GET /auth/?hauth.start=Google&hauth.time=1484692565 HTTP/1.1" 500 295 "http://www.twolink.co.uk/" "Mozilla/5.0 (Macintosh; Intel Mac OS X 10_12_2) AppleWebKit/537.36 (KHTML, like Gecko) Chrome/55.0.2883.95 Safari/537.36"
86.137.179.119 - - [17/Jan/2017:23:36:07 +0100] "GET /auth/?hauth.start=Google&hauth.time=1484692565 HTTP/1.1" 500 295 "-" "Mozilla/5.0 (Macintosh; Intel Mac OS X 10_12_2) AppleWebKit/537.36 (KHTML, like Gecko) Chrome/55.0.2883.95 Safari/537.36"
145.90.95.243 - - [17/Jan/2017:23:36:07 +0100] "GET /log.log HTTP/1.1" 200 78535 "-" "Mozilla/5.0 (Windows NT 10.0; Win64; x64) AppleWebKit/537.36 (KHTML, like Gecko) Chrome/55.0.2883.87 Safari/537.36"
145.90.95.243 - - [17/Jan/2017:23:36:08 +0100] "GET /favicon.ico HTTP/1.1" 404 5692 "http://twolink.co.uk/log.log" "Mozilla/5.0 (Windows NT 10.0; Win64; x64) AppleWebKit/537.36 (KHTML, like Gecko) Chrome/55.0.2883.87 Safari/537.36"
104.196.145.91 - - [17/Jan/2017:23:36:58 +0100] "GET /auth/login-with.php?provider=Google HTTP/1.1" 302 453 "-" "Mozilla/5.0 (compatible; Discordbot/1.0; +https://discordapp.com)"
104.196.145.91 - - [17/Jan/2017:23:36:58 +0100] "GET /auth/?hauth.start=Google&hauth.time=1484692618 HTTP/1.1" 302 733 "-" "Mozilla/5.0 (compatible; Discordbot/1.0; +https://discordapp.com)"
86.137.179.119 - - [17/Jan/2017:23:37:23 +0100] "GET /auth/login-with.php?provider=Google HTTP/1.1" 302 395 "-" "Mozilla/5.0 (Macintosh; Intel Mac OS X 10_12_2) AppleWebKit/537.36 (KHTML, like Gecko) Chrome/55.0.2883.95 Safari/537.36"
86.137.179.119 - - [17/Jan/2017:23:37:24 +0100] "GET /auth/?hauth.start=Google&hauth.time=1484692643 HTTP/1.1" 302 733 "-" "Mozilla/5.0 (Macintosh; Intel Mac OS X 10_12_2) AppleWebKit/537.36 (KHTML, like Gecko) Chrome/55.0.2883.95 Safari/537.36"
104.196.163.157 - - [17/Jan/2017:23:37:26 +0100] "GET /log.log HTTP/1.1" 200 57728 "-" "Mozilla/5.0 (compatible; Discordbot/1.0; +https://discordapp.com)"
86.137.179.119 - - [17/Jan/2017:23:37:34 +0100] "GET /log.log HTTP/1.1" 200 78533 "-" "Mozilla/5.0 (Macintosh; Intel Mac OS X 10_12_2) AppleWebKit/537.36 (KHTML, like Gecko) Chrome/55.0.2883.95 Safari/537.36"
104.196.163.157 - - [17/Jan/2017:23:37:35 +0100] "GET /log.log HTTP/1.1" 200 61952 "-" "Mozilla/5.0 (compatible; Discordbot/1.0; +https://discordapp.com)"
104.196.163.157 - - [17/Jan/2017:23:37:44 +0100] "GET /log.log HTTP/1.1" 200 57728 "-" "Mozilla/5.0 (compatible; Discordbot/1.0; +https://discordapp.com)"
86.137.179.119 - - [17/Jan/2017:23:38:27 +0100] "GET /auth/?hauth.done=Google&code=4/iYTRdMFGmuyqTiUfzWJUs12edtb5iXIRVhrrW2P3fMY&authuser=0&session_state=11203fad15c3803797b5926f4f0fb1568cce0a59..eb69&prompt=consent HTTP/1.1" 302 384 "-" "Mozilla/5.0 (Macintosh; Intel Mac OS X 10_12_2) AppleWebKit/537.36 (KHTML, like Gecko) Chrome/55.0.2883.95 Safari/537.36"
86.137.179.119 - - [17/Jan/2017:23:38:29 +0100] "GET /auth/login-with.php?provider=Google HTTP/1.1" 302 505 "-" "Mozilla/5.0 (Macintosh; Intel Mac OS X 10_12_2) AppleWebKit/537.36 (KHTML, like Gecko) Chrome/55.0.2883.95 Safari/537.36"
86.137.179.119 - - [17/Jan/2017:23:38:30 +0100] "GET / HTTP/1.1" 200 2940 "-" "Mozilla/5.0 (Macintosh; Intel Mac OS X 10_12_2) AppleWebKit/537.36 (KHTML, like Gecko) Chrome/55.0.2883.95 Safari/537.36"
86.137.179.119 - - [17/Jan/2017:23:38:30 +0100] "GET /heart/js/TwoLink.js HTTP/1.1" 200 1195 "http://twolink.co.uk/" "Mozilla/5.0 (Macintosh; Intel Mac OS X 10_12_2) AppleWebKit/537.36 (KHTML, like Gecko) Chrome/55.0.2883.95 Safari/537.36"
86.137.179.119 - - [17/Jan/2017:23:38:30 +0100] "GET /heart/css/main-1.dark HTTP/1.1" 304 181 "http://twolink.co.uk/" "Mozilla/5.0 (Macintosh; Intel Mac OS X 10_12_2) AppleWebKit/537.36 (KHTML, like Gecko) Chrome/55.0.2883.95 Safari/537.36"
86.137.179.119 - - [17/Jan/2017:23:38:31 +0100] "GET /heart/favicon.ico HTTP/1.1" 404 5692 "http://twolink.co.uk/" "Mozilla/5.0 (Macintosh; Intel Mac OS X 10_12_2) AppleWebKit/537.36 (KHTML, like Gecko) Chrome/55.0.2883.95 Safari/537.36"
86.137.179.119 - - [17/Jan/2017:23:38:31 +0100] "GET /heart/favicon-16x16.png HTTP/1.1" 404 5692 "http://twolink.co.uk/" "Mozilla/5.0 (Macintosh; Intel Mac OS X 10_12_2) AppleWebKit/537.36 (KHTML, like Gecko) Chrome/55.0.2883.95 Safari/537.36"
86.137.179.119 - - [17/Jan/2017:23:38:31 +0100] "GET /heart/android-chrome-192x192.png HTTP/1.1" 404 5692 "http://twolink.co.uk/" "Mozilla/5.0 (Macintosh; Intel Mac OS X 10_12_2) AppleWebKit/537.36 (KHTML, like Gecko) Chrome/55.0.2883.95 Safari/537.36"
86.137.179.119 - - [17/Jan/2017:23:38:31 +0100] "GET /heart/favicon-32x32.png HTTP/1.1" 404 5692 "http://twolink.co.uk/" "Mozilla/5.0 (Macintosh; Intel Mac OS X 10_12_2) AppleWebKit/537.36 (KHTML, like Gecko) Chrome/55.0.2883.95 Safari/537.36"
145.90.95.243 - - [17/Jan/2017:23:38:33 +0100] "GET /auth/login-with.php?provider=Google HTTP/1.1" 302 395 "-" "Mozilla/5.0 (Windows NT 10.0; Win64; x64) AppleWebKit/537.36 (KHTML, like Gecko) Chrome/55.0.2883.87 Safari/537.36"
145.90.95.243 - - [17/Jan/2017:23:38:33 +0100] "GET /auth/?hauth.start=Google&hauth.time=1484692713 HTTP/1.1" 302 733 "-" "Mozilla/5.0 (Windows NT 10.0; Win64; x64) AppleWebKit/537.36 (KHTML, like Gecko) Chrome/55.0.2883.87 Safari/537.36"
86.137.179.119 - - [17/Jan/2017:23:38:33 +0100] "GET /auth/login-with.php?provider=Google HTTP/1.1" 302 437 "http://twolink.co.uk/" "Mozilla/5.0 (Macintosh; Intel Mac OS X 10_12_2) AppleWebKit/537.36 (KHTML, like Gecko) Chrome/55.0.2883.95 Safari/537.36"
86.137.179.119 - - [17/Jan/2017:23:38:34 +0100] "GET / HTTP/1.1" 200 2940 "http://twolink.co.uk/" "Mozilla/5.0 (Macintosh; Intel Mac OS X 10_12_2) AppleWebKit/537.36 (KHTML, like Gecko) Chrome/55.0.2883.95 Safari/537.36"
145.90.95.243 - - [17/Jan/2017:23:38:35 +0100] "GET /auth/?hauth.done=Google&code=4/H10VXkLsCJy5ulkIwkYvK0FCcJNHYyWshvJVWjiPmK8&authuser=0&session_state=b476050c71c4f91ce0077d06bbdcf1a38fbed588..6953&prompt=none HTTP/1.1" 302 383 "-" "Mozilla/5.0 (Windows NT 10.0; Win64; x64) AppleWebKit/537.36 (KHTML, like Gecko) Chrome/55.0.2883.87 Safari/537.36"
145.90.95.243 - - [17/Jan/2017:23:38:37 +0100] "GET /auth/login-with.php?provider=Google HTTP/1.1" 302 437 "-" "Mozilla/5.0 (Windows NT 10.0; Win64; x64) AppleWebKit/537.36 (KHTML, like Gecko) Chrome/55.0.2883.87 Safari/537.36"
145.90.95.243 - - [17/Jan/2017:23:38:37 +0100] "GET / HTTP/1.1" 200 2940 "-" "Mozilla/5.0 (Windows NT 10.0; Win64; x64) AppleWebKit/537.36 (KHTML, like Gecko) Chrome/55.0.2883.87 Safari/537.36"
86.137.179.119 - - [17/Jan/2017:23:39:31 +0100] "GET /auth/login-with.php?provider=Facebook HTTP/1.1" 302 397 "http://twolink.co.uk/" "Mozilla/5.0 (Macintosh; Intel Mac OS X 10_12_2) AppleWebKit/537.36 (KHTML, like Gecko) Chrome/55.0.2883.95 Safari/537.36"
86.137.179.119 - - [17/Jan/2017:23:39:31 +0100] "GET /auth/?hauth.start=Facebook&hauth.time=1484692771 HTTP/1.1" 302 677 "http://twolink.co.uk/" "Mozilla/5.0 (Macintosh; Intel Mac OS X 10_12_2) AppleWebKit/537.36 (KHTML, like Gecko) Chrome/55.0.2883.95 Safari/537.36"
145.90.95.243 - - [17/Jan/2017:23:39:34 +0100] "GET / HTTP/1.1" 200 2941 "-" "Mozilla/5.0 (Windows NT 10.0; Win64; x64) AppleWebKit/537.36 (KHTML, like Gecko) Chrome/55.0.2883.87 Safari/537.36"
145.90.95.243 - - [17/Jan/2017:23:39:37 +0100] "GET /auth/login-with.php?provider=Steam HTTP/1.1" 302 437 "http://twolink.co.uk/" "Mozilla/5.0 (Windows NT 10.0; Win64; x64) AppleWebKit/537.36 (KHTML, like Gecko) Chrome/55.0.2883.87 Safari/537.36"
145.90.95.243 - - [17/Jan/2017:23:39:37 +0100] "GET / HTTP/1.1" 200 2940 "http://twolink.co.uk/" "Mozilla/5.0 (Windows NT 10.0; Win64; x64) AppleWebKit/537.36 (KHTML, like Gecko) Chrome/55.0.2883.87 Safari/537.36"
